******************************************************************************
                  TI ARM Linker PC v20.2.7                     
******************************************************************************
>> Linked Mon May  8 17:22:54 2023

OUTPUT FILE NAME:   <transceiver_mode.out>
ENTRY POINT SYMBOL: "_c_int00_noargs"  address: 2000cd61


MEMORY CONFIGURATION

         name            origin    length      used     unused   attr    fill
----------------------  --------  ---------  --------  --------  ----  --------
  SRAM_CODE             20004000   00013000  00009a46  000095ba  RW X
  SRAM_DATA             20017000   00019000  00009e77  0000f189  RW X


SEGMENT ALLOCATION MAP

run origin  load origin   length   init length attrs members
----------  ----------- ---------- ----------- ----- -------
20004000    20004000    00009a50   00009a50    r-x
  20004000    20004000    00000400   00000400    r-- .intvecs
  20004400    20004400    00008fda   00008fda    r-x .text
  2000d3e0    2000d3e0    000005d4   000005d4    r-- .const
  2000d9b8    2000d9b8    00000098   00000098    r-- .cinit
20017000    20017000    00008977   00000000    rw-
  20017000    20017000    00008000   00000000    rw- .sysmem
  2001f000    2001f000    0000078c   00000000    rw- .data
  2001f78c    2001f78c    000001eb   00000000    rw- .bss
2002eb00    2002eb00    00001500   00000000    rw-
  2002eb00    2002eb00    00001500   00000000    rw- .stack


SECTION ALLOCATION MAP

 output                                  attributes/
section   page    origin      length       input sections
--------  ----  ----------  ----------   ----------------
.intvecs   0    20004000    00000400     
                  20004000    00000400     startup_ccs.obj (.intvecs)

.init_array 
*          0    20004000    00000000     UNINITIALIZED

.text      0    20004400    00008fda     
                  20004400    00000de0     main.obj (.text)
                  200051e0    00000a4e     rtsv7M4_T_le_eabi.lib : _printfi.c.obj (.text:__TI_printfi)
                  20005c2e    00000002     driverlib.a : interrupt.obj (.text:IntDefaultHandler)
                  20005c30    000009bc     rtsv7M4_T_le_eabi.lib : e_pow.c.obj (.text:pow)
                  200065ec    00000590     simplelink.a : driver.obj (.text:_SlDrvMsgRead)
                  20006b7c    00000418     tmp006drv.obj (.text)
                  20006f94    000002a0     i2c_if.obj (.text)
                  20007234    0000027c     uart_if.obj (.text)
                  200074b0    00000268     rtsv7M4_T_le_eabi.lib : _printfi.c.obj (.text:_pconv_a)
                  20007718    00000248     simplelink.a : driver.obj (.text:_SlDrvRxHdrRead)
                  20007960    000001e4                  : driver.obj (.text:_SlDrvDataReadOp)
                  20007b44    000001d0                  : driver.obj (.text:_SlDrvReleasePoolObj)
                  20007d14    000001cc     rtsv7M4_T_le_eabi.lib : _printfi.c.obj (.text:_pconv_g)
                  20007ee0    000001b6                           : fd_add_t2.asm.obj (.text)
                  20008096    00000002                           : _lock.c.obj (.text:_nop)
                  20008098    000001b4     simplelink.a : driver.obj (.text:_SlDrvDriverCBInit)
                  2000824c    0000019c                  : driver.obj (.text:_SlDrvMsgWrite)
                  200083e8    00000190                  : driver.obj (.text:_SlDrvWaitForPoolObj)
                  20008578    00000178     driverlib.a : prcm.obj (.text:PRCMCC3200MCUInit)
                  200086f0    00000170     simplelink.a : driver.obj (.text:_SlFindAndSetActiveObj)
                  20008860    0000015c     rtsv7M4_T_le_eabi.lib : e_sqrt.c.obj (.text:sqrt)
                  200089bc    00000150     simplelink.a : driver.obj (.text:_SlDrvDataWriteOp)
                  20008b0c    00000148                  : cc_pal.obj (.text:spi_Open)
                  20008c54    00000144                  : driver.obj (.text:_SlDrvMsgReadCmdCtx)
                  20008d98    0000013c     rtsv7M4_T_le_eabi.lib : _printfi.c.obj (.text:_pconv_e)
                  20008ed4    00000136                           : fd_div_t2.asm.obj (.text)
                  2000900a    00000002                           : div0.asm.obj (.text)
                  2000900c    00000134     simplelink.a : socket.obj (.text:sl_Send)
                  20009140    00000130                  : driver.obj (.text:_SlDrvDriverCBDeinit)
                  20009270    00000130     rtsv7M4_T_le_eabi.lib : strtol.c.obj (.text:strtol)
                  200093a0    00000120                           : _printfi.c.obj (.text:fcvt)
                  200094c0    00000104     simplelink.a : netapp.obj (.text:_SlDrvNetAppEventHandler)
                  200095c4    00000100     rtsv7M4_T_le_eabi.lib : memory.c.obj (.text:aligned_alloc)
                  200096c4    000000fc                           : fd_mul_t2.asm.obj (.text)
                  200097c0    000000f0     simplelink.a : device.obj (.text:sl_Start)
                  200098b0    000000f0                  : device.obj (.text:sl_Stop)
                  200099a0    000000f0                  : cc_pal.obj (.text:spi_Read)
                  20009a90    000000f0     driverlib.a : udma.obj (.text:uDMAChannelTransferSet)
                  20009b80    000000e8     simplelink.a : driver.obj (.text:_SlAsyncEventGenericHandler)
                  20009c68    000000e8                  : driver.obj (.text:_SlDrvMsgReadSpawnCtx)
                  20009d50    000000e4     rtsv7M4_T_le_eabi.lib : memory.c.obj (.text:free)
                  20009e34    000000e4                           : memory.c.obj (.text:realloc)
                  20009f18    000000e4     simplelink.a : netapp.obj (.text:sl_NetAppMDNSRegisterUnregisterService)
                  20009ffc    000000dc                  : driver.obj (.text:_SlDrvClassifyRxMsg)
                  2000a0d8    000000d0     rtsv7M4_T_le_eabi.lib : s_scalbn.c.obj (.text:scalbn)
                  2000a1a8    000000cc     simplelink.a : netapp.obj (.text:_sl_HandleAsync_DnsGetHostByService)
                  2000a274    000000cc                  : device.obj (.text:sl_DevGet)
                  2000a340    000000c4                  : driver.obj (.text:_SlRemoveFromList)
                  2000a404    000000c0                  : driver.obj (.text:_SlDrvCmdOp)
                  2000a4c4    000000b1     rtsv7M4_T_le_eabi.lib : _printfi.c.obj (.text:_ltostr)
                  2000a575    00000003     --HOLE-- [fill = 0]
                  2000a578    000000b0     simplelink.a : nonos.obj (.text:_SlNonOsSemGet)
                  2000a628    000000a8     driverlib.a : interrupt.obj (.text:IntDisable)
                  2000a6d0    000000a8                 : interrupt.obj (.text:IntEnable)
                  2000a778    000000a4     simplelink.a : driver.obj (.text:_SlDriverHandleError)
                  2000a81c    000000a0     driverlib.a : spi.obj (.text:SPIConfigSetExpClk)
                  2000a8bc    000000a0     simplelink.a : socket.obj (.text:sl_Recv)
                  2000a95c    0000009c     rtsv7M4_T_le_eabi.lib : memcpy_t2.asm.obj (.text)
                  2000a9f8    0000009a     simplelink.a : device.obj (.text:_SlDrvDeviceEventHandler)
                  2000aa92    00000002     --HOLE-- [fill = 0]
                  2000aa94    00000098                  : netcfg.obj (.text:sl_NetCfgSet)
                  2000ab2c    00000098                  : wlan.obj (.text:sl_WlanSet)
                  2000abc4    00000098                  : cc_pal.obj (.text:spi_Write)
                  2000ac5c    00000096     rtsv7M4_T_le_eabi.lib : ull_div_t2.asm.obj (.text)
                  2000acf2    00000002     --HOLE-- [fill = 0]
                  2000acf4    00000094     driverlib.a : prcm.obj (.text:PRCMPeripheralClockGet)
                  2000ad88    00000090     simplelink.a : netapp.obj (.text:_sl_HandleAsync_DnsGetHostByName)
                  2000ae18    00000090                  : netapp.obj (.text:_sl_HandleAsync_PingResponse)
                  2000aea8    00000090                  : wlan.obj (.text:sl_WlanPolicySet)
                  2000af38    0000008c                  : cc_pal.obj (.text:SetupDMAReceive)
                  2000afc4    0000008c                  : cc_pal.obj (.text:SetupDMASend)
                  2000b050    0000008c                  : driver.obj (.text:_SlDrvIsTimeoutExpired)
                  2000b0dc    0000008c                  : device.obj (.text:_sl_HandleAsync_InitComplete)
                  2000b168    0000008c                  : socket.obj (.text:sl_Socket)
                  2000b1f4    00000088     driverlib.a : pin.obj (.text:PinConfigSet)
                  2000b27c    00000086     rtsv7M4_T_le_eabi.lib : fd_cmp_t2.asm.obj (.text:__aeabi_cdcmple)
                  2000b302    00000086                           : fd_cmp_t2.asm.obj (.text:__aeabi_cdrcmple)
                  2000b388    00000084     driverlib.a : i2c.obj (.text:I2CMasterInitExpClk)
                  2000b40c    00000084     simplelink.a : cc_pal.obj (.text:NwpPowerOnPreamble)
                  2000b490    00000084                  : wlan.obj (.text:sl_WlanRxFilterSet)
                  2000b514    00000080                  : socket.obj (.text:_sl_HandleAsync_Connect)
                  2000b594    00000080                  : cc_pal.obj (.text:spi_Read_CPU)
                  2000b614    00000080                  : cc_pal.obj (.text:spi_Write_CPU)
                  2000b694    0000007a     rtsv7M4_T_le_eabi.lib : memset_t2.asm.obj (.text)
                  2000b70e    00000002     --HOLE-- [fill = 0]
                  2000b710    00000078     simplelink.a : cc_pal.obj (.text:spi_Close)
                  2000b788    00000076     driverlib.a : uart.obj (.text:UARTConfigSetExpClk)
                  2000b7fe    00000002     --HOLE-- [fill = 0]
                  2000b800    00000074     simplelink.a : nonos.obj (.text:_SlNonOsMainLoopTask)
                  2000b874    00000070     rtsv7M4_T_le_eabi.lib : memory.c.obj (.text:split)
                  2000b8e4    0000006e                           : _printfi.c.obj (.text:_mcpy)
                  2000b952    0000006e                           : fd_tos_t2.asm.obj (.text)
                  2000b9c0    0000006c     simplelink.a : driver.obj (.text:_SlDrvCmdSend)
                  2000ba2c    0000006c                  : netapp.obj (.text:_sl_NetAppSendTokenValue)
                  2000ba98    00000068     rtsv7M4_T_le_eabi.lib : copy_decompress_lzss.c.obj (.text:decompress:lzss:__TI_decompress_lzss)
                  2000bb00    00000064     simplelink.a : nonos.obj (.text:_SlNonOsSpawn)
                  2000bb64    00000064                  : socket.obj (.text:_sl_HandleAsync_Accept)
                  2000bbc8    00000064                  : netapp.obj (.text:sl_NetAppMDNSUnRegisterService)
                  2000bc2c    00000064     driverlib.a : udma.obj (.text:uDMAChannelAttributeDisable)
                  2000bc90    00000064                 : udma.obj (.text:uDMAChannelAttributeEnable)
                  2000bcf4    00000064     wdt_if.obj (.text)
                  2000bd58    00000060     simplelink.a : socket.obj (.text:sl_Close)
                  2000bdb8    00000060                  : wlan.obj (.text:sl_WlanProfileDel)
                  2000be18    00000060                  : wlan.obj (.text:sl_WlanSetMode)
                  2000be78    0000005c     rtsv7M4_T_le_eabi.lib : s_frexp.c.obj (.text:frexp)
                  2000bed4    00000058     driverlib.a : interrupt.obj (.text:IntPendClear)
                  2000bf2c    00000058                 : prcm.obj (.text:PRCMPeripheralReset)
                  2000bf84    00000056     rtsv7M4_T_le_eabi.lib : _printfi.c.obj (.text:_pconv_f)
                  2000bfda    00000002     --HOLE-- [fill = 0]
                  2000bfdc    00000054     driverlib.a : interrupt.obj (.text:IntPrioritySet)
                  2000c030    00000054     simplelink.a : driver.obj (.text:_SlDrvRxIrqHandler)
                  2000c084    00000054     rtsv7M4_T_le_eabi.lib : _ltoa.c.obj (.text:__TI_ltoa)
                  2000c0d8    00000054     simplelink.a : socket.obj (.text:_sl_HandleAsync_Select)
                  2000c12c    00000052     rtsv7M4_T_le_eabi.lib : _printfi.c.obj (.text:_ecpy)
                  2000c17e    00000002     --HOLE-- [fill = 0]
                  2000c180    00000050     simplelink.a : device.obj (.text:_sl_HandleAsync_Stop)
                  2000c1d0    0000004c     driverlib.a : spi.obj (.text:SPIIntEnable)
                  2000c21c    0000004c                 : spi.obj (.text:SPIIntNumberGet)
                  2000c268    0000004c     simplelink.a : driver.obj (.text:_SlDrvProtectAsyncRespSetting)
                  2000c2b4    0000004c     rtsv7M4_T_le_eabi.lib : atoi.c.obj (.text:atoi)
                  2000c300    0000004c     driverlib.a : udma.obj (.text:uDMAChannelAssign)
                  2000c34c    00000048                 : spi.obj (.text:SPIIntClear)
                  2000c394    00000048     simplelink.a : driver.obj (.text:_SlDrvBasicCmd)
                  2000c3dc    00000048     rtsv7M4_T_le_eabi.lib : fd_toi_t2.asm.obj (.text)
                  2000c424    00000044     driverlib.a : spi.obj (.text:SPIDmaMaskGet)
                  2000c468    00000044                 : timer.obj (.text:TimerConfigure)
                  2000c4ac    00000044     simplelink.a : driver.obj (.text:_SlDrvHandleHttpServerEvents)
                  2000c4f0    00000044                  : driver.obj (.text:_SlDrvSyncObjWaitTimeout)
                  2000c534    00000044     rtsv7M4_T_le_eabi.lib : autoinit.c.obj (.text:__TI_auto_init_nobinit_nopinit:__TI_auto_init_nobinit_nopinit)
                  2000c578    00000044     simplelink.a : cc_pal.obj (.text:cc_SetupTransfer)
                  2000c5bc    00000040     driverlib.a : pin.obj (.text:PinModeSet)
                  2000c5fc    00000040     simplelink.a : driver.obj (.text:_SlDrvHandleNetAppEvents)
                  2000c63c    00000040                  : driver.obj (.text:_SlDrvHandleWlanEvents)
                  2000c67c    00000040                  : socket.obj (.text:_sl_TruncatePayloadByProtocol)
                  2000c6bc    00000040     rtsv7M4_T_le_eabi.lib : sprintf.c.obj (.text:sprintf)
                  2000c6fc    00000040                           : vsnprintf.c.obj (.text:vsnprintf)
                  2000c73c    0000003e     simplelink.a : cc_pal.obj (.text:NwpRegisterInterruptHandler)
                  2000c77a    0000003e     rtsv7M4_T_le_eabi.lib : _printfi.c.obj (.text:_fcpy)
                  2000c7b8    0000003c     simplelink.a : netapp.obj (.text:CopyPingResultsToReport)
                  2000c7f4    0000003c     driverlib.a : prcm.obj (.text:PRCMPeripheralClkEnable)
                  2000c830    0000003c     simplelink.a : cc_pal.obj (.text:simplelink_timerA2_start)
                  2000c86c    0000003c     driverlib.a : udma.obj (.text:uDMAChannelControlSet)
                  2000c8a8    00000038     simplelink.a : cc_pal.obj (.text:NwpPowerOff)
                  2000c8e0    00000038     rtsv7M4_T_le_eabi.lib : fs_tod_t2.asm.obj (.text)
                  2000c918    00000038                           : fs_toi_t2.asm.obj (.text)
                  2000c950    00000038     simplelink.a : wlan.obj (.text:sl_WlanDisconnect)
                  2000c988    00000034                  : cc_pal.obj (.text:NwpPowerOn)
                  2000c9bc    00000034     driverlib.a : prcm.obj (.text:PRCMPeripheralStatusGet)
                  2000c9f0    00000034                 : spi.obj (.text:SPIFIFOLevelSet)
                  2000ca24    00000030                 : uart.obj (.text:UARTDisable)
                  2000ca54    00000030     rtsv7M4_T_le_eabi.lib : vsnprintf.c.obj (.text:_outs)
                  2000ca84    0000002e                           : i_tofd_t2.asm.obj (.text)
                  2000cab2    0000002c     driverlib.a : i2c.obj (.text:I2CMasterErr)
                  2000cade    00000002     --HOLE-- [fill = 0]
                  2000cae0    0000002c                 : prcm.obj (.text:PRCMSysResetCauseGet)
                  2000cb0c    0000002c     simplelink.a : driver.obj (.text:_SlDrvObjGlobalLockWaitForever)
                  2000cb38    0000002c                  : driver.obj (.text:_SlDrvProtectionObjLockWaitForever)
                  2000cb64    0000002a     driverlib.a : timer.obj (.text:TimerLoadSet)
                  2000cb8e    0000002a                 : timer.obj (.text:TimerPrescaleSet)
                  2000cbb8    00000028                 : prcm.obj (.text:PRCMPeripheralClkDisable)
                  2000cbe0    00000028     simplelink.a : driver.obj (.text:_SlDrvGlobalObjUnLock)
                  2000cc08    00000028                  : driver.obj (.text:_SlDrvProtectionObjUnLock)
                  2000cc30    00000028                  : driver.obj (.text:_SlDrvSyncObjWaitForever)
                  2000cc58    00000028     rtsv7M4_T_le_eabi.lib : memory.c.obj (.text:free_list_insert)
                  2000cc80    00000028                           : memmov.c.obj (.text:memmove)
                  2000cca8    00000026     simplelink.a : driver.obj (.text:_SlDrvObjLockWaitForever)
                  2000ccce    00000026     network_common.obj (.text)
                  2000ccf4    00000024     simplelink.a : cc_pal.obj (.text:DmaSpiSwIntHandler)
                  2000cd18    00000024     driverlib.a : interrupt.obj (.text:IntUnregister)
                  2000cd3c    00000024                 : uart.obj (.text:UARTEnable)
                  2000cd60    00000024     rtsv7M4_T_le_eabi.lib : boot_cortex_m.c.obj (.text:_c_int00_noargs:_c_int00_noargs)
                  2000cd84    00000022     driverlib.a : i2c.obj (.text:I2CMasterSlaveAddrSet)
                  2000cda6    00000022                 : spi.obj (.text:SPIReset)
                  2000cdc8    00000022                 : spi.obj (.text:SPIWordCountSet)
                  2000cdea    00000002     --HOLE-- [fill = 0]
                  2000cdec    00000020                 : interrupt.obj (.text:IntRegister)
                  2000ce0c    00000020     simplelink.a : cc_pal.obj (.text:NwpPrePowerOffTimout0)
                  2000ce2c    00000020                  : cc_pal.obj (.text:TimerGetCurrentTimestamp)
                  2000ce4c    00000020                  : driver.obj (.text:_SlDrvObjUnLock)
                  2000ce6c    00000020                  : driver.obj (.text:_SlDrvSyncObjSignal)
                  2000ce8c    0000001e     driverlib.a : i2c.obj (.text:I2CMasterIntStatusEx)
                  2000ceaa    0000001e                 : timer.obj (.text:TimerEnable)
                  2000cec8    0000001e                 : uart.obj (.text:UARTCharPut)
                  2000cee6    0000001e     simplelink.a : cc_pal.obj (.text:cc_UDMAChannelSelect)
                  2000cf04    0000001c     driverlib.a : timer.obj (.text:TimerValueGet)
                  2000cf20    0000001c                 : uart.obj (.text:UARTCharGetNonBlocking)
                  2000cf3c    0000001c     simplelink.a : driver.obj (.text:_SlDrvStartMeasureTimeout)
                  2000cf58    0000001c     rtsv7M4_T_le_eabi.lib : copy_zero_init.c.obj (.text:decompress:ZI:__TI_zero_init_nomemset:__TI_zero_init_nomemset)
                  2000cf74    0000001c                           : memory.c.obj (.text:free_list_remove)
                  2000cf90    0000001c                           : memccpy.c.obj (.text:memccpy)
                  2000cfac    0000001c     pinmux.obj (.text)
                  2000cfc8    0000001c     driverlib.a : udma.obj (.text:uDMAChannelEnable)
                  2000cfe4    0000001a                 : pin.obj (.text:PinTypeUART)
                  2000cffe    0000001a                 : spi.obj (.text:SPIDmaDisable)
                  2000d018    0000001a                 : spi.obj (.text:SPIDmaEnable)
                  2000d032    0000001a                 : spi.obj (.text:SPIFIFODisable)
                  2000d04c    0000001a                 : spi.obj (.text:SPIFIFOEnable)
                  2000d066    0000001a                 : spi.obj (.text:SPIIntUnregister)
                  2000d080    00000018                 : i2c.obj (.text:I2CMasterIntEnableEx)
                  2000d098    00000018                 : spi.obj (.text:SPICSDisable)
                  2000d0b0    00000018                 : spi.obj (.text:SPICSEnable)
                  2000d0c8    00000018                 : spi.obj (.text:SPIDisable)
                  2000d0e0    00000018                 : spi.obj (.text:SPIEnable)
                  2000d0f8    00000018                 : uart.obj (.text:UARTCharsAvail)
                  2000d110    00000018                 : wdt.obj (.text:WatchdogStallDisable)
                  2000d128    00000018                 : wdt.obj (.text:WatchdogUnlock)
                  2000d140    00000018     simplelink.a : nonos.obj (.text:_SlNonOsSemSet)
                  2000d158    00000018     rtsv7M4_T_le_eabi.lib : vsnprintf.c.obj (.text:_outc)
                  2000d170    00000018                           : sprintf.c.obj (.text:_outs)
                  2000d188    00000018     simplelink.a : device.obj (.text:_sl_GetStartResponseConvert)
                  2000d1a0    00000018     rtsv7M4_T_le_eabi.lib : strcmp.c.obj (.text:strcmp)
                  2000d1b8    00000016     driverlib.a : i2c.obj (.text:I2CMasterDataPut)
                  2000d1ce    00000016                 : i2c.obj (.text:I2CMasterEnable)
                  2000d1e4    00000016                 : i2c.obj (.text:I2CMasterIntClear)
                  2000d1fa    00000016                 : prcm.obj (.text:PRCMHIBRegRead)
                  2000d210    00000016                 : prcm.obj (.text:PRCMHIBRegWrite)
                  2000d226    00000016                 : wdt.obj (.text:WatchdogEnable)
                  2000d23c    00000016                 : wdt.obj (.text:WatchdogIntRegister)
                  2000d252    00000016     simplelink.a : driver.obj (.text:_SlDrvMemZero)
                  2000d268    00000016     rtsv7M4_T_le_eabi.lib : strchr.c.obj (.text:strchr)
                  2000d27e    00000014     driverlib.a : cpu.obj (.text:CPUcpsie)
                  2000d292    00000002     --HOLE-- [fill = 0]
                  2000d294    00000014                 : interrupt.obj (.text:IntVTableBaseSet)
                  2000d2a8    00000014     rtsv7M4_T_le_eabi.lib : strlen.c.obj (.text:strlen)
                  2000d2bc    00000012     driverlib.a : i2c.obj (.text:I2CMasterControl)
                  2000d2ce    00000012                 : i2c.obj (.text:I2CMasterTimeoutSet)
                  2000d2e0    00000012                 : wdt.obj (.text:WatchdogIntUnregister)
                  2000d2f2    00000012                 : wdt.obj (.text:WatchdogReloadSet)
                  2000d304    00000012     rtsv7M4_T_le_eabi.lib : wcslen.c.obj (.text:wcslen)
                  2000d316    00000010     driverlib.a : wdt.obj (.text:WatchdogIntClear)
                  2000d326    00000010     simplelink.a : driver.obj (.text:_SlDrvDispatchHttpServerEvents)
                  2000d336    0000000e     driverlib.a : i2c.obj (.text:I2CMasterDataGet)
                  2000d344    0000000e     simplelink.a : driver.obj (.text:_SlDrvResetCmdExt)
                  2000d352    0000000e     rtsv7M4_T_le_eabi.lib : copy_decompress_none.c.obj (.text:decompress:none:__TI_decompress_none)
                  2000d360    0000000e     startup_ccs.obj (.text)
                  2000d36e    0000000c     driverlib.a : cpu.obj (.text:CPUwfi)
                  2000d37a    00000002     --HOLE-- [fill = 0]
                  2000d37c    0000000c     simplelink.a : cc_pal.obj (.text:NwpMaskInterrupt)
                  2000d388    0000000c                  : cc_pal.obj (.text:NwpUnMaskInterrupt)
                  2000d394    0000000c     rtsv7M4_T_le_eabi.lib : s_copysign.c.obj (.text:copysign)
                  2000d3a0    0000000a     driverlib.a : interrupt.obj (.text:IntMasterEnable)
                  2000d3aa    0000000a     rtsv7M4_T_le_eabi.lib : sprintf.c.obj (.text:_outc)
                  2000d3b4    00000008     driverlib.a : prcm.obj (.text:PRCMSleepEnter)
                  2000d3bc    00000008     rtsv7M4_T_le_eabi.lib : errno.c.obj (.text:__aeabi_errno_addr)
                  2000d3c4    00000008                           : memory.c.obj (.text:malloc)
                  2000d3cc    00000006     driverlib.a : utils.obj (.text:UtilsDelay)
                  2000d3d2    00000004     rtsv7M4_T_le_eabi.lib : pre_init.c.obj (.text:_system_pre_init)
                  2000d3d6    00000004                           : exit.c.obj (.text:abort:abort)

.const     0    2000d3e0    000005d4     
                  2000d3e0    00000101     rtsv7M4_T_le_eabi.lib : ctype.c.obj (.const:.string:_ctypes_)
                  2000d4e1    00000003     --HOLE-- [fill = 0]
                  2000d4e4    00000100     driverlib.a : pin.obj (.const:g_ulPinToPadMap)
                  2000d5e4    000000d4                 : interrupt.obj (.const:g_pulRegs)
                  2000d6b8    000000a8                 : prcm.obj (.const:PRCM_PeriphRegsList)
                  2000d760    0000003c     simplelink.a : driver.obj (.const:OpcodeTranslateTable)
                  2000d79c    00000038                  : driver.obj (.const:_SlActionLookupTable)
                  2000d7d4    00000004                  : device.obj (.const:_SlDeviceGetCmdCtrl)
                  2000d7d8    00000030     rtsv7M4_T_le_eabi.lib : e_pow.c.obj (.const:$O1$$)
                  2000d808    0000002c     main.obj (.const:$P$T1$2)
                  2000d834    00000024     driverlib.a : spi.obj (.const:g_ppulSPIIntMap)
                  2000d858    00000022     main.obj (.const:.string:$P$T0$1)
                  2000d87a    00000002     --HOLE-- [fill = 0]
                  2000d87c    00000020     simplelink.a : driver.obj (.const:RxMsgClassLUT)
                  2000d89c    00000018     driverlib.a : interrupt.obj (.const:g_pulDisRegs)
                  2000d8b4    00000018                 : interrupt.obj (.const:g_pulEnRegs)
                  2000d8cc    00000018                 : interrupt.obj (.const:g_pulUnpendRegs)
                  2000d8e4    00000018                 : spi.obj (.const:g_ulSPIDmaMaskMap)
                  2000d8fc    00000014     simplelink.a : driver.obj (.const:$P$T0$1)
                  2000d910    00000014                  : nonos.obj (.const:$P$T0$1)
                  2000d924    00000014     main.obj (.const:$P$T2$3)
                  2000d938    00000010     simplelink.a : socket.obj (.const:.string:_SlPayloadByProtocolLUT)
                  2000d948    0000000e     main.obj (.const:.string:$P$T3$4)
                  2000d956    00000008     simplelink.a : device.obj (.const:StartResponseLUT)
                  2000d95e    00000002     --HOLE-- [fill = 0]
                  2000d960    00000008                  : driver.obj (.const:g_H2NCnysPattern)
                  2000d968    00000008                  : driver.obj (.const:g_H2NSyncPattern)
                  2000d970    00000005     main.obj (.const:.string:$P$T4$5)
                  2000d975    00000001     --HOLE-- [fill = 0]
                  2000d976    00000004     simplelink.a : netapp.obj (.const:_SlNetAppSendTokenValueCmdCtrl)
                  2000d97a    00000004                  : netcfg.obj (.const:_SlNetCfgSetCmdCtrl)
                  2000d97e    00000004                  : wlan.obj (.const:_SlPolicySetCmdCtrl)
                  2000d982    00000004                  : wlan.obj (.const:_SlProfileDelCmdCtrl)
                  2000d986    00000004                  : socket.obj (.const:_SlRecvCmdCtrl)
                  2000d98a    00000004                  : netapp.obj (.const:_SlRegisterServiceCtrl)
                  2000d98e    00000004                  : wlan.obj (.const:_SlRxFilterSetCmdCtrl)
                  2000d992    00000004                  : socket.obj (.const:_SlSendCmdCtrl)
                  2000d996    00000004                  : socket.obj (.const:_SlSockCloseCmdCtrl)
                  2000d99a    00000004                  : socket.obj (.const:_SlSockSocketCmdCtrl)
                  2000d99e    00000004                  : device.obj (.const:_SlStopCmdCtrl)
                  2000d9a2    00000004                  : wlan.obj (.const:_SlWlanCfgSetCmdCtrl)
                  2000d9a6    00000004                  : wlan.obj (.const:_SlWlanSetModeCmdCtrl)
                  2000d9aa    00000002     --HOLE-- [fill = 0]
                  2000d9ac    00000004                  : driver.obj (.const:httpServer_callbacks)
                  2000d9b0    00000004                  : driver.obj (.const:netApp_callbacks)

.cinit     0    2000d9b8    00000098     
                  2000d9b8    00000071     (.cinit..data.load) [load image, compression = lzss]
                  2000da29    00000003     --HOLE-- [fill = 0]
                  2000da2c    0000000c     (__TI_handler_table)
                  2000da38    00000008     (.cinit..bss.load) [load image, compression = zero_init]
                  2000da40    00000010     (__TI_cinit_table)

.sysmem    0    20017000    00008000     UNINITIALIZED
                  20017000    00000010     rtsv7M4_T_le_eabi.lib : memory.c.obj (.sysmem)
                  20017010    00007ff0     --HOLE--

.data      0    2001f000    0000078c     UNINITIALIZED
                  2001f000    000005dc     main.obj (.data:buffer)
                  2001f5dc    00000122     main.obj (.data:RawData_Ping)
                  2001f6fe    00000002     --HOLE--
                  2001f700    0000003c     simplelink.a : nonos.obj (.data:g__SlNonOsCB)
                  2001f73c    0000001c     main.obj (.data)
                  2001f758    0000000d     simplelink.a : driver.obj (.data)
                  2001f765    00000003     --HOLE--
                  2001f768    00000009                  : cc_pal.obj (.data)
                  2001f771    00000003     --HOLE--
                  2001f774    00000008     rtsv7M4_T_le_eabi.lib : _lock.c.obj (.data:$O1$$)
                  2001f77c    00000008                           : memory.c.obj (.data:$O1$$)
                  2001f784    00000004                           : errno.c.obj (.data)
                  2001f788    00000004     simplelink.a : driver.obj (.data:wlan_callbacks)

.bss       0    2001f78c    000001eb     UNINITIALIZED
                  2001f78c    00000168     simplelink.a : driver.obj (.bss:g_StatMem)
                  2001f8f4    00000050     (.common:g_ucDinDout)
                  2001f944    00000024     main.obj (.bss:g_ucConnectionSSID)
                  2001f968    00000008     main.obj (.bss:g_ucConnectionBSSID)
                  2001f970    00000004     uart_if.obj (.bss)
                  2001f974    00000001     (.common:RxIrqCnt)
                  2001f975    00000001     (.common:g_bDeviceRestartIsRequired)
                  2001f976    00000001     (.common:g_cDummy)

.stack     0    2002eb00    00001500     UNINITIALIZED
                  2002eb00    00000004     rtsv7M4_T_le_eabi.lib : boot_cortex_m.c.obj (.stack)
                  2002eb04    000014fc     --HOLE--

__llvm_prf_cnts 
*          0    20017000    00000000     UNINITIALIZED

MODULE SUMMARY

       Module                       code    ro data   rw data
       ------                       ----    -------   -------
    .\
       main.obj                     3552    117       1862   
       tmp006drv.obj                1048    0         0      
       startup_ccs.obj              14      1024      0      
       i2c_if.obj                   672     0         0      
       uart_if.obj                  636     0         4      
       wdt_if.obj                   100     0         0      
       network_common.obj           38      0         0      
       pinmux.obj                   28      0         0      
    +--+----------------------------+-------+---------+---------+
       Total:                       6088    1141      1866   
                                                             
    C:/TI/CC3200SDK_1.5.0/cc3200-sdk/driverlib/ccs/Release/driverlib.a
       prcm.obj                     860     168       0      
       interrupt.obj                608     284       0      
       spi.obj                      798     60        0      
       udma.obj                     604     0         0      
       pin.obj                      226     256       0      
       i2c.obj                      380     0         0      
       uart.obj                     284     0         0      
       timer.obj                    210     0         0      
       wdt.obj                      144     0         0      
       cpu.obj                      32      0         0      
       utils.obj                    6       0         0      
    +--+----------------------------+-------+---------+---------+
       Total:                       4152    768       0      
                                                             
    C:/TI/CC3200SDK_1.5.0/cc3200-sdk/simplelink/ccs/NON_OS_debug/simplelink.a
       driver.obj                   7906    192       379    
       cc_pal.obj                   1960    0         90     
       netapp.obj                   1248    8         0      
       socket.obj                   1080    32        0      
       device.obj                   1082    16        0      
       wlan.obj                     676     20        0      
       nonos.obj                    416     20        60     
       netcfg.obj                   152     4         0      
    +--+----------------------------+-------+---------+---------+
       Total:                       14520   292       529    
                                                             
    C:\TI\ccs1230\ccs\tools\compiler\ti-cgt-arm_20.2.7.LTS\lib\rtsv7M4_T_le_eabi.lib
       _printfi.c.obj               4835    0         0      
       e_pow.c.obj                  2492    48        0      
       memory.c.obj                 900     0         8      
       fd_add_t2.asm.obj            438     0         0      
       e_sqrt.c.obj                 348     0         0      
       fd_div_t2.asm.obj            310     0         0      
       strtol.c.obj                 304     0         0      
       fd_cmp_t2.asm.obj            268     0         0      
       ctype.c.obj                  0       257       0      
       fd_mul_t2.asm.obj            252     0         0      
       s_scalbn.c.obj               208     0         0      
       memcpy_t2.asm.obj            156     0         0      
       ull_div_t2.asm.obj           150     0         0      
       vsnprintf.c.obj              136     0         0      
       memset_t2.asm.obj            122     0         0      
       fd_tos_t2.asm.obj            110     0         0      
       copy_decompress_lzss.c.obj   104     0         0      
       sprintf.c.obj                98      0         0      
       s_frexp.c.obj                92      0         0      
       _ltoa.c.obj                  84      0         0      
       atoi.c.obj                   76      0         0      
       fd_toi_t2.asm.obj            72      0         0      
       autoinit.c.obj               68      0         0      
       fs_tod_t2.asm.obj            56      0         0      
       fs_toi_t2.asm.obj            56      0         0      
       i_tofd_t2.asm.obj            46      0         0      
       memmov.c.obj                 40      0         0      
       boot_cortex_m.c.obj          36      0         0      
       copy_zero_init.c.obj         28      0         0      
       memccpy.c.obj                28      0         0      
       strcmp.c.obj                 24      0         0      
       strchr.c.obj                 22      0         0      
       strlen.c.obj                 20      0         0      
       wcslen.c.obj                 18      0         0      
       copy_decompress_none.c.obj   14      0         0      
       errno.c.obj                  8       0         4      
       s_copysign.c.obj             12      0         0      
       _lock.c.obj                  2       0         8      
       exit.c.obj                   4       0         0      
       pre_init.c.obj               4       0         0      
       div0.asm.obj                 2       0         0      
    +--+----------------------------+-------+---------+---------+
       Total:                       12043   305       20     
                                                             
       Heap:                        0       0         32768  
       Stack:                       0       0         5376   
       Linker Generated:            0       149       0      
    +--+----------------------------+-------+---------+---------+
       Grand Total:                 36803   2655      40559  


LINKER GENERATED COPY TABLES

__TI_cinit_table @ 2000da40 records: 2, size/record: 8, table size: 16
	.data: load addr=2000d9b8, load size=00000071 bytes, run addr=2001f000, run size=0000078c bytes, compression=lzss
	.bss: load addr=2000da38, load size=00000008 bytes, run addr=2001f78c, run size=000001eb bytes, compression=zero_init


LINKER GENERATED HANDLER TABLE

__TI_handler_table @ 2000da2c records: 3, size/record: 4, table size: 12
	index: 0, handler: __TI_decompress_lzss
	index: 1, handler: __TI_decompress_none
	index: 2, handler: __TI_zero_init


GLOBAL SYMBOLS: SORTED ALPHABETICALLY BY Name 

address   name                                  
-------   ----                                  
20004b77  AppWDTCallBackHandler                 
2000d3d7  C$$EXIT                               
2000d27f  CPUcpsie                              
2000d36f  CPUwfi                                
20007275  ClearTerm                             
2000ccf5  DmaSpiSwIntHandler                    
2000727f  Error                                 
200072b7  GetCmd                                
2000d2bd  I2CMasterControl                      
2000d337  I2CMasterDataGet                      
2000d1b9  I2CMasterDataPut                      
2000d1cf  I2CMasterEnable                       
2000cab3  I2CMasterErr                          
2000b389  I2CMasterInitExpClk                   
2000d1e5  I2CMasterIntClear                     
2000d081  I2CMasterIntEnableEx                  
2000ce8d  I2CMasterIntStatusEx                  
2000cd85  I2CMasterSlaveAddrSet                 
2000d2cf  I2CMasterTimeoutSet                   
2000721f  I2C_IF_Close                          
200071c3  I2C_IF_Open                           
200070c1  I2C_IF_Read                           
2000717d  I2C_IF_ReadFrom                       
20007011  I2C_IF_Write                          
20007235  InitTerm                              
2000a629  IntDisable                            
2000a6d1  IntEnable                             
2000d3a1  IntMasterEnable                       
2000bed5  IntPendClear                          
2000bfdd  IntPrioritySet                        
2000cded  IntRegister                           
2000cd19  IntUnregister                         
2000d295  IntVTableBaseSet                      
20007253  Message                               
2000d37d  NwpMaskInterrupt                      
2000c8a9  NwpPowerOff                           
2000c989  NwpPowerOn                            
2000b40d  NwpPowerOnPreamble                    
2000ce0d  NwpPrePowerOffTimout0                 
2000c73d  NwpRegisterInterruptHandler           
2000d389  NwpUnMaskInterrupt                    
2000d760  OpcodeTranslateTable                  
20008579  PRCMCC3200MCUInit                     
2000d1fb  PRCMHIBRegRead                        
2000d211  PRCMHIBRegWrite                       
2000cbb9  PRCMPeripheralClkDisable              
2000c7f5  PRCMPeripheralClkEnable               
2000acf5  PRCMPeripheralClockGet                
2000bf2d  PRCMPeripheralReset                   
2000c9bd  PRCMPeripheralStatusGet               
2000d3b5  PRCMSleepEnter                        
2000cae1  PRCMSysResetCauseGet                  
20004b89  PerformPRCMSleepWDTWakeup             
2000b1f5  PinConfigSet                          
2000c5bd  PinModeSet                            
2000cfad  PinMuxConfig                          
2000cfe5  PinTypeUART                           
2001f5dc  RawData_Ping                          
200073f5  Report                                
2000d361  ResetISR                              
2001f974  RxIrqCnt                              
2000d099  SPICSDisable                          
2000d0b1  SPICSEnable                           
2000a81d  SPIConfigSetExpClk                    
2000d0c9  SPIDisable                            
2000cfff  SPIDmaDisable                         
2000d019  SPIDmaEnable                          
2000d0e1  SPIEnable                             
2000d033  SPIFIFODisable                        
2000d04d  SPIFIFOEnable                         
2000c9f1  SPIFIFOLevelSet                       
2000c34d  SPIIntClear                           
2000c1d1  SPIIntEnable                          
2000d067  SPIIntUnregister                      
2000cda7  SPIReset                              
2000cdc9  SPIWordCountSet                       
200045c9  SimpleLinkGeneralEventHandler         
200045a1  SimpleLinkHttpServerCallback          
20004509  SimpleLinkNetAppEventHandler          
200045df  SimpleLinkSockEventHandler            
20004401  SimpleLinkWlanEventHandler            
20006e2d  TMP006DrvGetTemp                      
20006bbd  TMP006DrvOpen                         
2000c469  TimerConfigure                        
2000ceab  TimerEnable                           
2000ce2d  TimerGetCurrentTimestamp              
2000cb65  TimerLoadSet                          
2000cb8f  TimerPrescaleSet                      
2000cf05  TimerValueGet                         
2000735d  TrimSpace                             
2000cf21  UARTCharGetNonBlocking                
2000cec9  UARTCharPut                           
2000d0f9  UARTCharsAvail                        
2000b789  UARTConfigSetExpClk                   
2000ca25  UARTDisable                           
2000cd3d  UARTEnable                            
2000d3cd  UtilsDelay                            
2000bd35  WDT_IF_DeInit                         
2000bcf5  WDT_IF_Init                           
2000d227  WatchdogEnable                        
2000d317  WatchdogIntClear                      
2000d23d  WatchdogIntRegister                   
2000d2e1  WatchdogIntUnregister                 
2000d2f3  WatchdogReloadSet                     
2000d111  WatchdogStallDisable                  
2000d129  WatchdogUnlock                        
2000d79c  _SlActionLookupTable                  
2000a779  _SlDriverHandleError                  
2000c395  _SlDrvBasicCmd                        
2000a405  _SlDrvCmdOp                           
2000b9c1  _SlDrvCmdSend                         
20007961  _SlDrvDataReadOp                      
200089bd  _SlDrvDataWriteOp                     
2000a9f9  _SlDrvDeviceEventHandler              
2000d327  _SlDrvDispatchHttpServerEvents        
20009141  _SlDrvDriverCBDeinit                  
20008099  _SlDrvDriverCBInit                    
2000cbe1  _SlDrvGlobalObjUnLock                 
2000c4ad  _SlDrvHandleHttpServerEvents          
2000c5fd  _SlDrvHandleNetAppEvents              
2000c63d  _SlDrvHandleWlanEvents                
2000b051  _SlDrvIsTimeoutExpired                
2000d253  _SlDrvMemZero                         
20009c69  _SlDrvMsgReadSpawnCtx                 
200094c1  _SlDrvNetAppEventHandler              
2000cca9  _SlDrvObjLockWaitForever              
2000ce4d  _SlDrvObjUnLock                       
2000c269  _SlDrvProtectAsyncRespSetting         
2000cb39  _SlDrvProtectionObjLockWaitForever    
2000cc09  _SlDrvProtectionObjUnLock             
20007b45  _SlDrvReleasePoolObj                  
2000d345  _SlDrvResetCmdExt                     
2000c031  _SlDrvRxIrqHandler                    
2000cf3d  _SlDrvStartMeasureTimeout             
2000ce6d  _SlDrvSyncObjSignal                   
2000cc31  _SlDrvSyncObjWaitForever              
2000c4f1  _SlDrvSyncObjWaitTimeout              
200083e9  _SlDrvWaitForPoolObj                  
2000d976  _SlNetAppSendTokenValueCmdCtrl        
2000b801  _SlNonOsMainLoopTask                  
2000a579  _SlNonOsSemGet                        
2000d141  _SlNonOsSemSet                        
2000bb01  _SlNonOsSpawn                         
20030000  __STACK_END                           
00001500  __STACK_SIZE                          
00008000  __SYSMEM_SIZE                         
2000da40  __TI_CINIT_Base                       
2000da50  __TI_CINIT_Limit                      
2000da2c  __TI_Handler_Table_Base               
2000da38  __TI_Handler_Table_Limit              
2000c535  __TI_auto_init_nobinit_nopinit        
2000ba99  __TI_decompress_lzss                  
2000d353  __TI_decompress_none                  
2000c085  __TI_ltoa                             
ffffffff  __TI_pprof_out_hndl                   
200051e1  __TI_printfi                          
ffffffff  __TI_prof_data_size                   
ffffffff  __TI_prof_data_start                  
2000d9b8  __TI_static_base__                    
2000cf59  __TI_zero_init_nomemset               
2000b27d  __aeabi_cdcmpeq                       
2000b27d  __aeabi_cdcmple                       
2000b303  __aeabi_cdrcmple                      
2000b953  __aeabi_d2f                           
2000c3dd  __aeabi_d2iz                          
20007eeb  __aeabi_dadd                          
20008ed5  __aeabi_ddiv                          
200096c5  __aeabi_dmul                          
20007ee1  __aeabi_dsub                          
2000d3bd  __aeabi_errno_addr                    
2000c8e1  __aeabi_f2d                           
2000c919  __aeabi_f2iz                          
2000ca85  __aeabi_i2d                           
2000900b  __aeabi_idiv0                         
2000900b  __aeabi_ldiv0                         
2000b695  __aeabi_memclr                        
2000b695  __aeabi_memclr4                       
2000b695  __aeabi_memclr8                       
2000a95d  __aeabi_memcpy                        
2000a95d  __aeabi_memcpy4                       
2000a95d  __aeabi_memcpy8                       
2000b697  __aeabi_memset                        
2000b697  __aeabi_memset4                       
2000b697  __aeabi_memset8                       
2000ac5d  __aeabi_uldivmod                      
ffffffff  __binit__                             
ffffffff  __c_args__                            
UNDEFED   __mpu_init                            
2002eb00  __stack                               
20017000  __start___llvm_prf_cnts               
20017000  __stop___llvm_prf_cnts                
2000cd61  _c_int00_noargs                       
2000d3e0  _ctypes_                              
2001f774  _lock                                 
20008097  _nop                                  
2000bb65  _sl_HandleAsync_Accept                
2000b515  _sl_HandleAsync_Connect               
2000ad89  _sl_HandleAsync_DnsGetHostByName      
2000a1a9  _sl_HandleAsync_DnsGetHostByService   
2000b0dd  _sl_HandleAsync_InitComplete          
2000ae19  _sl_HandleAsync_PingResponse          
2000c0d9  _sl_HandleAsync_Select                
2000c181  _sl_HandleAsync_Stop                  
2000ba2d  _sl_NetAppSendTokenValue              
20017000  _sys_memory                           
UNDEFED   _system_post_cinit                    
2000d3d3  _system_pre_init                      
2001f778  _unlock                               
2000d3d7  abort                                 
200095c5  aligned_alloc                         
20004c55  array_to_string                       
2000c2b5  atoi                                  
ffffffff  binit                                 
2001f000  buffer                                
2000d395  copysign                              
2000d395  copysignl                             
2001f784  errno                                 
20004bd1  float_to_hex                          
20009d51  free                                  
2000be79  frexp                                 
2000be79  frexpl                                
2001f758  g_SlDeviceStatus                      
2001f768  g_SpiFd                               
2001f700  g__SlNonOsCB                          
2001f975  g_bDeviceRestartIsRequired            
2001f976  g_cDummy                              
2001f75c  g_pCB                                 
2001f76c  g_pHostIntHdl                         
20004000  g_pfnVectors                          
2001f770  g_ucDMAEnabled                        
2001f8f4  g_ucDinDout                           
2001f740  g_ulGatewayIP                         
2001f73c  g_ulStatus                            
2000a0d9  ldexp                                 
2000a0d9  ldexpl                                
20004f01  main                                  
2000d3c5  malloc                                
200095c5  memalign                              
2000cf91  memccpy                               
2000a95d  memcpy                                
2000cc81  memmove                               
2000b69d  memset                                
2001f760  pPingCallBackFunc                     
20005c31  pow                                   
20005c31  powl                                  
20009e35  realloc                               
2000a0d9  scalbn                                
2000a0d9  scalbnl                               
2000c831  simplelink_timerA2_start              
2000bd59  sl_Close                              
2000a275  sl_DevGet                             
20009f19  sl_NetAppMDNSRegisterUnregisterService
2000bbc9  sl_NetAppMDNSUnRegisterService        
2000aa95  sl_NetCfgSet                          
2000cccf  sl_Provisioning_HttpServerEventHdl    
2000ccdd  sl_Provisioning_NetAppEventHdl        
2000cce9  sl_Provisioning_WlanEventHdl          
2000a8bd  sl_Recv                               
2000900d  sl_Send                               
2000b169  sl_Socket                             
200097c1  sl_Start                              
200098b1  sl_Stop                               
2000c951  sl_WlanDisconnect                     
2000aea9  sl_WlanPolicySet                      
2000bdb9  sl_WlanProfileDel                     
2000b491  sl_WlanRxFilterSet                    
2000ab2d  sl_WlanSet                            
2000be19  sl_WlanSetMode                        
2000b711  spi_Close                             
20008b0d  spi_Open                              
200099a1  spi_Read                              
2000abc5  spi_Write                             
2000c6bd  sprintf                               
20008861  sqrt                                  
20008861  sqrtl                                 
2000d269  strchr                                
2000d1a1  strcmp                                
2000d2a9  strlen                                
20009271  strtol                                
2000c301  uDMAChannelAssign                     
2000bc2d  uDMAChannelAttributeDisable           
2000bc91  uDMAChannelAttributeEnable            
2000c86d  uDMAChannelControlSet                 
2000cfc9  uDMAChannelEnable                     
20009a91  uDMAChannelTransferSet                
2000c6fd  vsnprintf                             
2000d305  wcslen                                


GLOBAL SYMBOLS: SORTED BY Symbol Address 

address   name                                  
-------   ----                                  
00001500  __STACK_SIZE                          
00008000  __SYSMEM_SIZE                         
20004000  g_pfnVectors                          
20004401  SimpleLinkWlanEventHandler            
20004509  SimpleLinkNetAppEventHandler          
200045a1  SimpleLinkHttpServerCallback          
200045c9  SimpleLinkGeneralEventHandler         
200045df  SimpleLinkSockEventHandler            
20004b77  AppWDTCallBackHandler                 
20004b89  PerformPRCMSleepWDTWakeup             
20004bd1  float_to_hex                          
20004c55  array_to_string                       
20004f01  main                                  
200051e1  __TI_printfi                          
20005c31  pow                                   
20005c31  powl                                  
20006bbd  TMP006DrvOpen                         
20006e2d  TMP006DrvGetTemp                      
20007011  I2C_IF_Write                          
200070c1  I2C_IF_Read                           
2000717d  I2C_IF_ReadFrom                       
200071c3  I2C_IF_Open                           
2000721f  I2C_IF_Close                          
20007235  InitTerm                              
20007253  Message                               
20007275  ClearTerm                             
2000727f  Error                                 
200072b7  GetCmd                                
2000735d  TrimSpace                             
200073f5  Report                                
20007961  _SlDrvDataReadOp                      
20007b45  _SlDrvReleasePoolObj                  
20007ee1  __aeabi_dsub                          
20007eeb  __aeabi_dadd                          
20008097  _nop                                  
20008099  _SlDrvDriverCBInit                    
200083e9  _SlDrvWaitForPoolObj                  
20008579  PRCMCC3200MCUInit                     
20008861  sqrt                                  
20008861  sqrtl                                 
200089bd  _SlDrvDataWriteOp                     
20008b0d  spi_Open                              
20008ed5  __aeabi_ddiv                          
2000900b  __aeabi_idiv0                         
2000900b  __aeabi_ldiv0                         
2000900d  sl_Send                               
20009141  _SlDrvDriverCBDeinit                  
20009271  strtol                                
200094c1  _SlDrvNetAppEventHandler              
200095c5  aligned_alloc                         
200095c5  memalign                              
200096c5  __aeabi_dmul                          
200097c1  sl_Start                              
200098b1  sl_Stop                               
200099a1  spi_Read                              
20009a91  uDMAChannelTransferSet                
20009c69  _SlDrvMsgReadSpawnCtx                 
20009d51  free                                  
20009e35  realloc                               
20009f19  sl_NetAppMDNSRegisterUnregisterService
2000a0d9  ldexp                                 
2000a0d9  ldexpl                                
2000a0d9  scalbn                                
2000a0d9  scalbnl                               
2000a1a9  _sl_HandleAsync_DnsGetHostByService   
2000a275  sl_DevGet                             
2000a405  _SlDrvCmdOp                           
2000a579  _SlNonOsSemGet                        
2000a629  IntDisable                            
2000a6d1  IntEnable                             
2000a779  _SlDriverHandleError                  
2000a81d  SPIConfigSetExpClk                    
2000a8bd  sl_Recv                               
2000a95d  __aeabi_memcpy                        
2000a95d  __aeabi_memcpy4                       
2000a95d  __aeabi_memcpy8                       
2000a95d  memcpy                                
2000a9f9  _SlDrvDeviceEventHandler              
2000aa95  sl_NetCfgSet                          
2000ab2d  sl_WlanSet                            
2000abc5  spi_Write                             
2000ac5d  __aeabi_uldivmod                      
2000acf5  PRCMPeripheralClockGet                
2000ad89  _sl_HandleAsync_DnsGetHostByName      
2000ae19  _sl_HandleAsync_PingResponse          
2000aea9  sl_WlanPolicySet                      
2000b051  _SlDrvIsTimeoutExpired                
2000b0dd  _sl_HandleAsync_InitComplete          
2000b169  sl_Socket                             
2000b1f5  PinConfigSet                          
2000b27d  __aeabi_cdcmpeq                       
2000b27d  __aeabi_cdcmple                       
2000b303  __aeabi_cdrcmple                      
2000b389  I2CMasterInitExpClk                   
2000b40d  NwpPowerOnPreamble                    
2000b491  sl_WlanRxFilterSet                    
2000b515  _sl_HandleAsync_Connect               
2000b695  __aeabi_memclr                        
2000b695  __aeabi_memclr4                       
2000b695  __aeabi_memclr8                       
2000b697  __aeabi_memset                        
2000b697  __aeabi_memset4                       
2000b697  __aeabi_memset8                       
2000b69d  memset                                
2000b711  spi_Close                             
2000b789  UARTConfigSetExpClk                   
2000b801  _SlNonOsMainLoopTask                  
2000b953  __aeabi_d2f                           
2000b9c1  _SlDrvCmdSend                         
2000ba2d  _sl_NetAppSendTokenValue              
2000ba99  __TI_decompress_lzss                  
2000bb01  _SlNonOsSpawn                         
2000bb65  _sl_HandleAsync_Accept                
2000bbc9  sl_NetAppMDNSUnRegisterService        
2000bc2d  uDMAChannelAttributeDisable           
2000bc91  uDMAChannelAttributeEnable            
2000bcf5  WDT_IF_Init                           
2000bd35  WDT_IF_DeInit                         
2000bd59  sl_Close                              
2000bdb9  sl_WlanProfileDel                     
2000be19  sl_WlanSetMode                        
2000be79  frexp                                 
2000be79  frexpl                                
2000bed5  IntPendClear                          
2000bf2d  PRCMPeripheralReset                   
2000bfdd  IntPrioritySet                        
2000c031  _SlDrvRxIrqHandler                    
2000c085  __TI_ltoa                             
2000c0d9  _sl_HandleAsync_Select                
2000c181  _sl_HandleAsync_Stop                  
2000c1d1  SPIIntEnable                          
2000c269  _SlDrvProtectAsyncRespSetting         
2000c2b5  atoi                                  
2000c301  uDMAChannelAssign                     
2000c34d  SPIIntClear                           
2000c395  _SlDrvBasicCmd                        
2000c3dd  __aeabi_d2iz                          
2000c469  TimerConfigure                        
2000c4ad  _SlDrvHandleHttpServerEvents          
2000c4f1  _SlDrvSyncObjWaitTimeout              
2000c535  __TI_auto_init_nobinit_nopinit        
2000c5bd  PinModeSet                            
2000c5fd  _SlDrvHandleNetAppEvents              
2000c63d  _SlDrvHandleWlanEvents                
2000c6bd  sprintf                               
2000c6fd  vsnprintf                             
2000c73d  NwpRegisterInterruptHandler           
2000c7f5  PRCMPeripheralClkEnable               
2000c831  simplelink_timerA2_start              
2000c86d  uDMAChannelControlSet                 
2000c8a9  NwpPowerOff                           
2000c8e1  __aeabi_f2d                           
2000c919  __aeabi_f2iz                          
2000c951  sl_WlanDisconnect                     
2000c989  NwpPowerOn                            
2000c9bd  PRCMPeripheralStatusGet               
2000c9f1  SPIFIFOLevelSet                       
2000ca25  UARTDisable                           
2000ca85  __aeabi_i2d                           
2000cab3  I2CMasterErr                          
2000cae1  PRCMSysResetCauseGet                  
2000cb39  _SlDrvProtectionObjLockWaitForever    
2000cb65  TimerLoadSet                          
2000cb8f  TimerPrescaleSet                      
2000cbb9  PRCMPeripheralClkDisable              
2000cbe1  _SlDrvGlobalObjUnLock                 
2000cc09  _SlDrvProtectionObjUnLock             
2000cc31  _SlDrvSyncObjWaitForever              
2000cc81  memmove                               
2000cca9  _SlDrvObjLockWaitForever              
2000cccf  sl_Provisioning_HttpServerEventHdl    
2000ccdd  sl_Provisioning_NetAppEventHdl        
2000cce9  sl_Provisioning_WlanEventHdl          
2000ccf5  DmaSpiSwIntHandler                    
2000cd19  IntUnregister                         
2000cd3d  UARTEnable                            
2000cd61  _c_int00_noargs                       
2000cd85  I2CMasterSlaveAddrSet                 
2000cda7  SPIReset                              
2000cdc9  SPIWordCountSet                       
2000cded  IntRegister                           
2000ce0d  NwpPrePowerOffTimout0                 
2000ce2d  TimerGetCurrentTimestamp              
2000ce4d  _SlDrvObjUnLock                       
2000ce6d  _SlDrvSyncObjSignal                   
2000ce8d  I2CMasterIntStatusEx                  
2000ceab  TimerEnable                           
2000cec9  UARTCharPut                           
2000cf05  TimerValueGet                         
2000cf21  UARTCharGetNonBlocking                
2000cf3d  _SlDrvStartMeasureTimeout             
2000cf59  __TI_zero_init_nomemset               
2000cf91  memccpy                               
2000cfad  PinMuxConfig                          
2000cfc9  uDMAChannelEnable                     
2000cfe5  PinTypeUART                           
2000cfff  SPIDmaDisable                         
2000d019  SPIDmaEnable                          
2000d033  SPIFIFODisable                        
2000d04d  SPIFIFOEnable                         
2000d067  SPIIntUnregister                      
2000d081  I2CMasterIntEnableEx                  
2000d099  SPICSDisable                          
2000d0b1  SPICSEnable                           
2000d0c9  SPIDisable                            
2000d0e1  SPIEnable                             
2000d0f9  UARTCharsAvail                        
2000d111  WatchdogStallDisable                  
2000d129  WatchdogUnlock                        
2000d141  _SlNonOsSemSet                        
2000d1a1  strcmp                                
2000d1b9  I2CMasterDataPut                      
2000d1cf  I2CMasterEnable                       
2000d1e5  I2CMasterIntClear                     
2000d1fb  PRCMHIBRegRead                        
2000d211  PRCMHIBRegWrite                       
2000d227  WatchdogEnable                        
2000d23d  WatchdogIntRegister                   
2000d253  _SlDrvMemZero                         
2000d269  strchr                                
2000d27f  CPUcpsie                              
2000d295  IntVTableBaseSet                      
2000d2a9  strlen                                
2000d2bd  I2CMasterControl                      
2000d2cf  I2CMasterTimeoutSet                   
2000d2e1  WatchdogIntUnregister                 
2000d2f3  WatchdogReloadSet                     
2000d305  wcslen                                
2000d317  WatchdogIntClear                      
2000d327  _SlDrvDispatchHttpServerEvents        
2000d337  I2CMasterDataGet                      
2000d345  _SlDrvResetCmdExt                     
2000d353  __TI_decompress_none                  
2000d361  ResetISR                              
2000d36f  CPUwfi                                
2000d37d  NwpMaskInterrupt                      
2000d389  NwpUnMaskInterrupt                    
2000d395  copysign                              
2000d395  copysignl                             
2000d3a1  IntMasterEnable                       
2000d3b5  PRCMSleepEnter                        
2000d3bd  __aeabi_errno_addr                    
2000d3c5  malloc                                
2000d3cd  UtilsDelay                            
2000d3d3  _system_pre_init                      
2000d3d7  C$$EXIT                               
2000d3d7  abort                                 
2000d3e0  _ctypes_                              
2000d760  OpcodeTranslateTable                  
2000d79c  _SlActionLookupTable                  
2000d976  _SlNetAppSendTokenValueCmdCtrl        
2000d9b8  __TI_static_base__                    
2000da2c  __TI_Handler_Table_Base               
2000da38  __TI_Handler_Table_Limit              
2000da40  __TI_CINIT_Base                       
2000da50  __TI_CINIT_Limit                      
20017000  __start___llvm_prf_cnts               
20017000  __stop___llvm_prf_cnts                
20017000  _sys_memory                           
2001f000  buffer                                
2001f5dc  RawData_Ping                          
2001f700  g__SlNonOsCB                          
2001f73c  g_ulStatus                            
2001f740  g_ulGatewayIP                         
2001f758  g_SlDeviceStatus                      
2001f75c  g_pCB                                 
2001f760  pPingCallBackFunc                     
2001f768  g_SpiFd                               
2001f76c  g_pHostIntHdl                         
2001f770  g_ucDMAEnabled                        
2001f774  _lock                                 
2001f778  _unlock                               
2001f784  errno                                 
2001f8f4  g_ucDinDout                           
2001f974  RxIrqCnt                              
2001f975  g_bDeviceRestartIsRequired            
2001f976  g_cDummy                              
2002eb00  __stack                               
20030000  __STACK_END                           
ffffffff  __TI_pprof_out_hndl                   
ffffffff  __TI_prof_data_size                   
ffffffff  __TI_prof_data_start                  
ffffffff  __binit__                             
ffffffff  __c_args__                            
ffffffff  binit                                 
UNDEFED   __mpu_init                            
UNDEFED   _system_post_cinit                    

[287 symbols]
