<?xml version="1.0" encoding="ISO-8859-1" ?>
<link_info>
   <banner>TI ARM Linker PC v20.2.7.LTS</banner>
   <copyright>Copyright (c) 1996-2018 Texas Instruments Incorporated</copyright>
   <link_time>0x645913ce</link_time>
   <link_errors>0x0</link_errors>
   <output_file>transceiver_mode.out</output_file>
   <entry_point>
      <name>_c_int00_noargs</name>
      <address>0x2000cd61</address>
   </entry_point>
   <input_file_list>
      <input_file id="fl-2">
         <path>.\</path>
         <kind>object</kind>
         <file>device_status.obj</file>
         <name>device_status.obj</name>
      </input_file>
      <input_file id="fl-3">
         <path>.\</path>
         <kind>object</kind>
         <file>gpio_if.obj</file>
         <name>gpio_if.obj</name>
      </input_file>
      <input_file id="fl-4">
         <path>.\</path>
         <kind>object</kind>
         <file>i2c_if.obj</file>
         <name>i2c_if.obj</name>
      </input_file>
      <input_file id="fl-5">
         <path>.\</path>
         <kind>object</kind>
         <file>main.obj</file>
         <name>main.obj</name>
      </input_file>
      <input_file id="fl-6">
         <path>.\</path>
         <kind>object</kind>
         <file>network_common.obj</file>
         <name>network_common.obj</name>
      </input_file>
      <input_file id="fl-7">
         <path>.\</path>
         <kind>object</kind>
         <file>pinmux.obj</file>
         <name>pinmux.obj</name>
      </input_file>
      <input_file id="fl-8">
         <path>.\</path>
         <kind>object</kind>
         <file>smartconfig.obj</file>
         <name>smartconfig.obj</name>
      </input_file>
      <input_file id="fl-9">
         <path>.\</path>
         <kind>object</kind>
         <file>startup_ccs.obj</file>
         <name>startup_ccs.obj</name>
      </input_file>
      <input_file id="fl-a">
         <path>.\</path>
         <kind>object</kind>
         <file>timer_if.obj</file>
         <name>timer_if.obj</name>
      </input_file>
      <input_file id="fl-b">
         <path>.\</path>
         <kind>object</kind>
         <file>tmp006drv.obj</file>
         <name>tmp006drv.obj</name>
      </input_file>
      <input_file id="fl-c">
         <path>.\</path>
         <kind>object</kind>
         <file>uart_if.obj</file>
         <name>uart_if.obj</name>
      </input_file>
      <input_file id="fl-d">
         <path>.\</path>
         <kind>object</kind>
         <file>wdt_if.obj</file>
         <name>wdt_if.obj</name>
      </input_file>
      <input_file id="fl-13">
         <kind>object</kind>
         <file>&lt;internal&gt;</file>
         <name>&lt;internal&gt;</name>
      </input_file>
      <input_file id="fl-14">
         <path>C:\TI\CC3200SDK_1.5.0\cc3200-sdk\simplelink\ccs\NON_OS_debug\</path>
         <kind>archive</kind>
         <file>simplelink.a</file>
         <name>device.obj</name>
      </input_file>
      <input_file id="fl-15">
         <path>C:\TI\CC3200SDK_1.5.0\cc3200-sdk\simplelink\ccs\NON_OS_debug\</path>
         <kind>archive</kind>
         <file>simplelink.a</file>
         <name>driver.obj</name>
      </input_file>
      <input_file id="fl-16">
         <path>C:\TI\CC3200SDK_1.5.0\cc3200-sdk\simplelink\ccs\NON_OS_debug\</path>
         <kind>archive</kind>
         <file>simplelink.a</file>
         <name>netapp.obj</name>
      </input_file>
      <input_file id="fl-17">
         <path>C:\TI\CC3200SDK_1.5.0\cc3200-sdk\simplelink\ccs\NON_OS_debug\</path>
         <kind>archive</kind>
         <file>simplelink.a</file>
         <name>netcfg.obj</name>
      </input_file>
      <input_file id="fl-18">
         <path>C:\TI\CC3200SDK_1.5.0\cc3200-sdk\simplelink\ccs\NON_OS_debug\</path>
         <kind>archive</kind>
         <file>simplelink.a</file>
         <name>nonos.obj</name>
      </input_file>
      <input_file id="fl-19">
         <path>C:\TI\CC3200SDK_1.5.0\cc3200-sdk\simplelink\ccs\NON_OS_debug\</path>
         <kind>archive</kind>
         <file>simplelink.a</file>
         <name>socket.obj</name>
      </input_file>
      <input_file id="fl-1a">
         <path>C:\TI\CC3200SDK_1.5.0\cc3200-sdk\simplelink\ccs\NON_OS_debug\</path>
         <kind>archive</kind>
         <file>simplelink.a</file>
         <name>wlan.obj</name>
      </input_file>
      <input_file id="fl-1b">
         <path>C:\TI\CC3200SDK_1.5.0\cc3200-sdk\simplelink\ccs\NON_OS_debug\</path>
         <kind>archive</kind>
         <file>simplelink.a</file>
         <name>cc_pal.obj</name>
      </input_file>
      <input_file id="fl-1c">
         <path>C:\TI\CC3200SDK_1.5.0\cc3200-sdk\driverlib\ccs\Release\</path>
         <kind>archive</kind>
         <file>driverlib.a</file>
         <name>gpio.obj</name>
      </input_file>
      <input_file id="fl-1d">
         <path>C:\TI\CC3200SDK_1.5.0\cc3200-sdk\driverlib\ccs\Release\</path>
         <kind>archive</kind>
         <file>driverlib.a</file>
         <name>i2c.obj</name>
      </input_file>
      <input_file id="fl-1e">
         <path>C:\TI\CC3200SDK_1.5.0\cc3200-sdk\driverlib\ccs\Release\</path>
         <kind>archive</kind>
         <file>driverlib.a</file>
         <name>interrupt.obj</name>
      </input_file>
      <input_file id="fl-1f">
         <path>C:\TI\CC3200SDK_1.5.0\cc3200-sdk\driverlib\ccs\Release\</path>
         <kind>archive</kind>
         <file>driverlib.a</file>
         <name>pin.obj</name>
      </input_file>
      <input_file id="fl-20">
         <path>C:\TI\CC3200SDK_1.5.0\cc3200-sdk\driverlib\ccs\Release\</path>
         <kind>archive</kind>
         <file>driverlib.a</file>
         <name>prcm.obj</name>
      </input_file>
      <input_file id="fl-21">
         <path>C:\TI\CC3200SDK_1.5.0\cc3200-sdk\driverlib\ccs\Release\</path>
         <kind>archive</kind>
         <file>driverlib.a</file>
         <name>spi.obj</name>
      </input_file>
      <input_file id="fl-22">
         <path>C:\TI\CC3200SDK_1.5.0\cc3200-sdk\driverlib\ccs\Release\</path>
         <kind>archive</kind>
         <file>driverlib.a</file>
         <name>timer.obj</name>
      </input_file>
      <input_file id="fl-23">
         <path>C:\TI\CC3200SDK_1.5.0\cc3200-sdk\driverlib\ccs\Release\</path>
         <kind>archive</kind>
         <file>driverlib.a</file>
         <name>uart.obj</name>
      </input_file>
      <input_file id="fl-24">
         <path>C:\TI\CC3200SDK_1.5.0\cc3200-sdk\driverlib\ccs\Release\</path>
         <kind>archive</kind>
         <file>driverlib.a</file>
         <name>udma.obj</name>
      </input_file>
      <input_file id="fl-25">
         <path>C:\TI\CC3200SDK_1.5.0\cc3200-sdk\driverlib\ccs\Release\</path>
         <kind>archive</kind>
         <file>driverlib.a</file>
         <name>utils.obj</name>
      </input_file>
      <input_file id="fl-26">
         <path>C:\TI\CC3200SDK_1.5.0\cc3200-sdk\driverlib\ccs\Release\</path>
         <kind>archive</kind>
         <file>driverlib.a</file>
         <name>wdt.obj</name>
      </input_file>
      <input_file id="fl-27">
         <path>C:\TI\CC3200SDK_1.5.0\cc3200-sdk\driverlib\ccs\Release\</path>
         <kind>archive</kind>
         <file>driverlib.a</file>
         <name>cpu.obj</name>
      </input_file>
      <input_file id="fl-28">
         <path>C:\TI\CC3200SDK_1.5.0\cc3200-sdk\driverlib\ccs\Release\</path>
         <kind>archive</kind>
         <file>driverlib.a</file>
         <name>flash.obj</name>
      </input_file>
      <input_file id="fl-de">
         <path>C:\TI\ccs1230\ccs\tools\compiler\ti-cgt-arm_20.2.7.LTS\lib\</path>
         <kind>archive</kind>
         <file>rtsv7M4_T_le_eabi.lib</file>
         <name>e_pow.c.obj</name>
      </input_file>
      <input_file id="fl-df">
         <path>C:\TI\ccs1230\ccs\tools\compiler\ti-cgt-arm_20.2.7.LTS\lib\</path>
         <kind>archive</kind>
         <file>rtsv7M4_T_le_eabi.lib</file>
         <name>e_sqrt.c.obj</name>
      </input_file>
      <input_file id="fl-e0">
         <path>C:\TI\ccs1230\ccs\tools\compiler\ti-cgt-arm_20.2.7.LTS\lib\</path>
         <kind>archive</kind>
         <file>rtsv7M4_T_le_eabi.lib</file>
         <name>s_scalbn.c.obj</name>
      </input_file>
      <input_file id="fl-e1">
         <path>C:\TI\ccs1230\ccs\tools\compiler\ti-cgt-arm_20.2.7.LTS\lib\</path>
         <kind>archive</kind>
         <file>rtsv7M4_T_le_eabi.lib</file>
         <name>sprintf.c.obj</name>
      </input_file>
      <input_file id="fl-e2">
         <path>C:\TI\ccs1230\ccs\tools\compiler\ti-cgt-arm_20.2.7.LTS\lib\</path>
         <kind>archive</kind>
         <file>rtsv7M4_T_le_eabi.lib</file>
         <name>vsnprintf.c.obj</name>
      </input_file>
      <input_file id="fl-e3">
         <path>C:\TI\ccs1230\ccs\tools\compiler\ti-cgt-arm_20.2.7.LTS\lib\</path>
         <kind>archive</kind>
         <file>rtsv7M4_T_le_eabi.lib</file>
         <name>fd_add_t2.asm.obj</name>
      </input_file>
      <input_file id="fl-e4">
         <path>C:\TI\ccs1230\ccs\tools\compiler\ti-cgt-arm_20.2.7.LTS\lib\</path>
         <kind>archive</kind>
         <file>rtsv7M4_T_le_eabi.lib</file>
         <name>fd_cmp_t2.asm.obj</name>
      </input_file>
      <input_file id="fl-e5">
         <path>C:\TI\ccs1230\ccs\tools\compiler\ti-cgt-arm_20.2.7.LTS\lib\</path>
         <kind>archive</kind>
         <file>rtsv7M4_T_le_eabi.lib</file>
         <name>fd_div_t2.asm.obj</name>
      </input_file>
      <input_file id="fl-e6">
         <path>C:\TI\ccs1230\ccs\tools\compiler\ti-cgt-arm_20.2.7.LTS\lib\</path>
         <kind>archive</kind>
         <file>rtsv7M4_T_le_eabi.lib</file>
         <name>fd_mul_t2.asm.obj</name>
      </input_file>
      <input_file id="fl-e7">
         <path>C:\TI\ccs1230\ccs\tools\compiler\ti-cgt-arm_20.2.7.LTS\lib\</path>
         <kind>archive</kind>
         <file>rtsv7M4_T_le_eabi.lib</file>
         <name>fd_tos_t2.asm.obj</name>
      </input_file>
      <input_file id="fl-e8">
         <path>C:\TI\ccs1230\ccs\tools\compiler\ti-cgt-arm_20.2.7.LTS\lib\</path>
         <kind>archive</kind>
         <file>rtsv7M4_T_le_eabi.lib</file>
         <name>fs_tod_t2.asm.obj</name>
      </input_file>
      <input_file id="fl-e9">
         <path>C:\TI\ccs1230\ccs\tools\compiler\ti-cgt-arm_20.2.7.LTS\lib\</path>
         <kind>archive</kind>
         <file>rtsv7M4_T_le_eabi.lib</file>
         <name>fs_toi_t2.asm.obj</name>
      </input_file>
      <input_file id="fl-ea">
         <path>C:\TI\ccs1230\ccs\tools\compiler\ti-cgt-arm_20.2.7.LTS\lib\</path>
         <kind>archive</kind>
         <file>rtsv7M4_T_le_eabi.lib</file>
         <name>i_tofd_t2.asm.obj</name>
      </input_file>
      <input_file id="fl-eb">
         <path>C:\TI\ccs1230\ccs\tools\compiler\ti-cgt-arm_20.2.7.LTS\lib\</path>
         <kind>archive</kind>
         <file>rtsv7M4_T_le_eabi.lib</file>
         <name>memcpy_t2.asm.obj</name>
      </input_file>
      <input_file id="fl-ec">
         <path>C:\TI\ccs1230\ccs\tools\compiler\ti-cgt-arm_20.2.7.LTS\lib\</path>
         <kind>archive</kind>
         <file>rtsv7M4_T_le_eabi.lib</file>
         <name>memset_t2.asm.obj</name>
      </input_file>
      <input_file id="fl-ed">
         <path>C:\TI\ccs1230\ccs\tools\compiler\ti-cgt-arm_20.2.7.LTS\lib\</path>
         <kind>archive</kind>
         <file>rtsv7M4_T_le_eabi.lib</file>
         <name>ull_div_t2.asm.obj</name>
      </input_file>
      <input_file id="fl-ee">
         <path>C:\TI\ccs1230\ccs\tools\compiler\ti-cgt-arm_20.2.7.LTS\lib\</path>
         <kind>archive</kind>
         <file>rtsv7M4_T_le_eabi.lib</file>
         <name>copy_zero_init.c.obj</name>
      </input_file>
      <input_file id="fl-ef">
         <path>C:\TI\ccs1230\ccs\tools\compiler\ti-cgt-arm_20.2.7.LTS\lib\</path>
         <kind>archive</kind>
         <file>rtsv7M4_T_le_eabi.lib</file>
         <name>copy_decompress_none.c.obj</name>
      </input_file>
      <input_file id="fl-f0">
         <path>C:\TI\ccs1230\ccs\tools\compiler\ti-cgt-arm_20.2.7.LTS\lib\</path>
         <kind>archive</kind>
         <file>rtsv7M4_T_le_eabi.lib</file>
         <name>copy_decompress_lzss.c.obj</name>
      </input_file>
      <input_file id="fl-f1">
         <path>C:\TI\ccs1230\ccs\tools\compiler\ti-cgt-arm_20.2.7.LTS\lib\</path>
         <kind>archive</kind>
         <file>rtsv7M4_T_le_eabi.lib</file>
         <name>memmov.c.obj</name>
      </input_file>
      <input_file id="fl-f2">
         <path>C:\TI\ccs1230\ccs\tools\compiler\ti-cgt-arm_20.2.7.LTS\lib\</path>
         <kind>archive</kind>
         <file>rtsv7M4_T_le_eabi.lib</file>
         <name>memory.c.obj</name>
      </input_file>
      <input_file id="fl-f3">
         <path>C:\TI\ccs1230\ccs\tools\compiler\ti-cgt-arm_20.2.7.LTS\lib\</path>
         <kind>archive</kind>
         <file>rtsv7M4_T_le_eabi.lib</file>
         <name>strcmp.c.obj</name>
      </input_file>
      <input_file id="fl-f4">
         <path>C:\TI\ccs1230\ccs\tools\compiler\ti-cgt-arm_20.2.7.LTS\lib\</path>
         <kind>archive</kind>
         <file>rtsv7M4_T_le_eabi.lib</file>
         <name>strlen.c.obj</name>
      </input_file>
      <input_file id="fl-f5">
         <path>C:\TI\ccs1230\ccs\tools\compiler\ti-cgt-arm_20.2.7.LTS\lib\</path>
         <kind>archive</kind>
         <file>rtsv7M4_T_le_eabi.lib</file>
         <name>strtol.c.obj</name>
      </input_file>
      <input_file id="fl-f6">
         <path>C:\TI\ccs1230\ccs\tools\compiler\ti-cgt-arm_20.2.7.LTS\lib\</path>
         <kind>archive</kind>
         <file>rtsv7M4_T_le_eabi.lib</file>
         <name>boot_cortex_m.c.obj</name>
      </input_file>
      <input_file id="fl-f7">
         <path>C:\TI\ccs1230\ccs\tools\compiler\ti-cgt-arm_20.2.7.LTS\lib\</path>
         <kind>archive</kind>
         <file>rtsv7M4_T_le_eabi.lib</file>
         <name>errno.c.obj</name>
      </input_file>
      <input_file id="fl-f8">
         <path>C:\TI\ccs1230\ccs\tools\compiler\ti-cgt-arm_20.2.7.LTS\lib\</path>
         <kind>archive</kind>
         <file>rtsv7M4_T_le_eabi.lib</file>
         <name>s_copysign.c.obj</name>
      </input_file>
      <input_file id="fl-f9">
         <path>C:\TI\ccs1230\ccs\tools\compiler\ti-cgt-arm_20.2.7.LTS\lib\</path>
         <kind>archive</kind>
         <file>rtsv7M4_T_le_eabi.lib</file>
         <name>_printfi.c.obj</name>
      </input_file>
      <input_file id="fl-fa">
         <path>C:\TI\ccs1230\ccs\tools\compiler\ti-cgt-arm_20.2.7.LTS\lib\</path>
         <kind>archive</kind>
         <file>rtsv7M4_T_le_eabi.lib</file>
         <name>div0.asm.obj</name>
      </input_file>
      <input_file id="fl-fb">
         <path>C:\TI\ccs1230\ccs\tools\compiler\ti-cgt-arm_20.2.7.LTS\lib\</path>
         <kind>archive</kind>
         <file>rtsv7M4_T_le_eabi.lib</file>
         <name>fd_toi_t2.asm.obj</name>
      </input_file>
      <input_file id="fl-fc">
         <path>C:\TI\ccs1230\ccs\tools\compiler\ti-cgt-arm_20.2.7.LTS\lib\</path>
         <kind>archive</kind>
         <file>rtsv7M4_T_le_eabi.lib</file>
         <name>autoinit.c.obj</name>
      </input_file>
      <input_file id="fl-fd">
         <path>C:\TI\ccs1230\ccs\tools\compiler\ti-cgt-arm_20.2.7.LTS\lib\</path>
         <kind>archive</kind>
         <file>rtsv7M4_T_le_eabi.lib</file>
         <name>pre_init.c.obj</name>
      </input_file>
      <input_file id="fl-fe">
         <path>C:\TI\ccs1230\ccs\tools\compiler\ti-cgt-arm_20.2.7.LTS\lib\</path>
         <kind>archive</kind>
         <file>rtsv7M4_T_le_eabi.lib</file>
         <name>cpy_tbl.c.obj</name>
      </input_file>
      <input_file id="fl-ff">
         <path>C:\TI\ccs1230\ccs\tools\compiler\ti-cgt-arm_20.2.7.LTS\lib\</path>
         <kind>archive</kind>
         <file>rtsv7M4_T_le_eabi.lib</file>
         <name>exit.c.obj</name>
      </input_file>
      <input_file id="fl-100">
         <path>C:\TI\ccs1230\ccs\tools\compiler\ti-cgt-arm_20.2.7.LTS\lib\</path>
         <kind>archive</kind>
         <file>rtsv7M4_T_le_eabi.lib</file>
         <name>_lock.c.obj</name>
      </input_file>
      <input_file id="fl-101">
         <path>C:\TI\ccs1230\ccs\tools\compiler\ti-cgt-arm_20.2.7.LTS\lib\</path>
         <kind>archive</kind>
         <file>rtsv7M4_T_le_eabi.lib</file>
         <name>_ltoa.c.obj</name>
      </input_file>
      <input_file id="fl-102">
         <path>C:\TI\ccs1230\ccs\tools\compiler\ti-cgt-arm_20.2.7.LTS\lib\</path>
         <kind>archive</kind>
         <file>rtsv7M4_T_le_eabi.lib</file>
         <name>args_main.c.obj</name>
      </input_file>
      <input_file id="fl-103">
         <path>C:\TI\ccs1230\ccs\tools\compiler\ti-cgt-arm_20.2.7.LTS\lib\</path>
         <kind>archive</kind>
         <file>rtsv7M4_T_le_eabi.lib</file>
         <name>atoi.c.obj</name>
      </input_file>
      <input_file id="fl-104">
         <path>C:\TI\ccs1230\ccs\tools\compiler\ti-cgt-arm_20.2.7.LTS\lib\</path>
         <kind>archive</kind>
         <file>rtsv7M4_T_le_eabi.lib</file>
         <name>ctype.c.obj</name>
      </input_file>
      <input_file id="fl-105">
         <path>C:\TI\ccs1230\ccs\tools\compiler\ti-cgt-arm_20.2.7.LTS\lib\</path>
         <kind>archive</kind>
         <file>rtsv7M4_T_le_eabi.lib</file>
         <name>memccpy.c.obj</name>
      </input_file>
      <input_file id="fl-106">
         <path>C:\TI\ccs1230\ccs\tools\compiler\ti-cgt-arm_20.2.7.LTS\lib\</path>
         <kind>archive</kind>
         <file>rtsv7M4_T_le_eabi.lib</file>
         <name>strchr.c.obj</name>
      </input_file>
      <input_file id="fl-107">
         <path>C:\TI\ccs1230\ccs\tools\compiler\ti-cgt-arm_20.2.7.LTS\lib\</path>
         <kind>archive</kind>
         <file>rtsv7M4_T_le_eabi.lib</file>
         <name>wcslen.c.obj</name>
      </input_file>
      <input_file id="fl-108">
         <path>C:\TI\ccs1230\ccs\tools\compiler\ti-cgt-arm_20.2.7.LTS\lib\</path>
         <kind>archive</kind>
         <file>rtsv7M4_T_le_eabi.lib</file>
         <name>s_frexp.c.obj</name>
      </input_file>
   </input_file_list>
   <object_component_list>
      <object_component id="oc-12">
         <name>.intvecs</name>
         <load_address>0x20004000</load_address>
         <run_address>0x20004000</run_address>
         <size>0x400</size>
         <input_file_ref idref="fl-9"/>
      </object_component>
      <object_component id="oc-97">
         <name>.text</name>
         <load_address>0x20004400</load_address>
         <run_address>0x20004400</run_address>
         <size>0xde0</size>
         <input_file_ref idref="fl-5"/>
      </object_component>
      <object_component id="oc-389">
         <name>.text:__TI_printfi</name>
         <load_address>0x200051e0</load_address>
         <run_address>0x200051e0</run_address>
         <size>0xa4e</size>
         <input_file_ref idref="fl-f9"/>
      </object_component>
      <object_component id="oc-74f">
         <name>.text:IntDefaultHandler</name>
         <load_address>0x20005c2e</load_address>
         <run_address>0x20005c2e</run_address>
         <size>0x2</size>
         <input_file_ref idref="fl-1e"/>
      </object_component>
      <object_component id="oc-3bf">
         <name>.text:pow</name>
         <load_address>0x20005c30</load_address>
         <run_address>0x20005c30</run_address>
         <size>0x9bc</size>
         <input_file_ref idref="fl-de"/>
      </object_component>
      <object_component id="oc-761">
         <name>.text:_SlDrvMsgRead</name>
         <load_address>0x200065ec</load_address>
         <run_address>0x200065ec</run_address>
         <size>0x590</size>
         <input_file_ref idref="fl-15"/>
      </object_component>
      <object_component id="oc-183">
         <name>.text</name>
         <load_address>0x20006b7c</load_address>
         <run_address>0x20006b7c</run_address>
         <size>0x418</size>
         <input_file_ref idref="fl-b"/>
      </object_component>
      <object_component id="oc-1b3">
         <name>.text</name>
         <load_address>0x20006f94</load_address>
         <run_address>0x20006f94</run_address>
         <size>0x2a0</size>
         <input_file_ref idref="fl-4"/>
      </object_component>
      <object_component id="oc-c5">
         <name>.text</name>
         <load_address>0x20007234</load_address>
         <run_address>0x20007234</run_address>
         <size>0x27c</size>
         <input_file_ref idref="fl-c"/>
      </object_component>
      <object_component id="oc-63f">
         <name>.text:_pconv_a</name>
         <load_address>0x200074b0</load_address>
         <run_address>0x200074b0</run_address>
         <size>0x268</size>
         <input_file_ref idref="fl-f9"/>
      </object_component>
      <object_component id="oc-839">
         <name>.text:_SlDrvRxHdrRead</name>
         <load_address>0x20007718</load_address>
         <run_address>0x20007718</run_address>
         <size>0x248</size>
         <input_file_ref idref="fl-15"/>
      </object_component>
      <object_component id="oc-3a8">
         <name>.text:_SlDrvDataReadOp</name>
         <load_address>0x20007960</load_address>
         <run_address>0x20007960</run_address>
         <size>0x1e4</size>
         <input_file_ref idref="fl-15"/>
      </object_component>
      <object_component id="oc-285">
         <name>.text:_SlDrvReleasePoolObj</name>
         <load_address>0x20007b44</load_address>
         <run_address>0x20007b44</run_address>
         <size>0x1d0</size>
         <input_file_ref idref="fl-15"/>
      </object_component>
      <object_component id="oc-62d">
         <name>.text:_pconv_g</name>
         <load_address>0x20007d14</load_address>
         <run_address>0x20007d14</run_address>
         <size>0x1cc</size>
         <input_file_ref idref="fl-f9"/>
      </object_component>
      <object_component id="oc-3b5">
         <name>.text</name>
         <load_address>0x20007ee0</load_address>
         <run_address>0x20007ee0</run_address>
         <size>0x1b6</size>
         <input_file_ref idref="fl-e3"/>
      </object_component>
      <object_component id="oc-6db">
         <name>.text:_nop</name>
         <load_address>0x20008096</load_address>
         <run_address>0x20008096</run_address>
         <size>0x2</size>
         <input_file_ref idref="fl-100"/>
      </object_component>
      <object_component id="oc-25b">
         <name>.text:_SlDrvDriverCBInit</name>
         <load_address>0x20008098</load_address>
         <run_address>0x20008098</run_address>
         <size>0x1b4</size>
         <input_file_ref idref="fl-15"/>
      </object_component>
      <object_component id="oc-5be">
         <name>.text:_SlDrvMsgWrite</name>
         <load_address>0x2000824c</load_address>
         <run_address>0x2000824c</run_address>
         <size>0x19c</size>
         <input_file_ref idref="fl-15"/>
      </object_component>
      <object_component id="oc-545">
         <name>.text:_SlDrvWaitForPoolObj</name>
         <load_address>0x200083e8</load_address>
         <run_address>0x200083e8</run_address>
         <size>0x190</size>
         <input_file_ref idref="fl-15"/>
      </object_component>
      <object_component id="oc-135">
         <name>.text:PRCMCC3200MCUInit</name>
         <load_address>0x20008578</load_address>
         <run_address>0x20008578</run_address>
         <size>0x178</size>
         <input_file_ref idref="fl-20"/>
      </object_component>
      <object_component id="oc-84b">
         <name>.text:_SlFindAndSetActiveObj</name>
         <load_address>0x200086f0</load_address>
         <run_address>0x200086f0</run_address>
         <size>0x170</size>
         <input_file_ref idref="fl-15"/>
      </object_component>
      <object_component id="oc-680">
         <name>.text:sqrt</name>
         <load_address>0x20008860</load_address>
         <run_address>0x20008860</run_address>
         <size>0x15c</size>
         <input_file_ref idref="fl-df"/>
      </object_component>
      <object_component id="oc-3e8">
         <name>.text:_SlDrvDataWriteOp</name>
         <load_address>0x200089bc</load_address>
         <run_address>0x200089bc</run_address>
         <size>0x150</size>
         <input_file_ref idref="fl-15"/>
      </object_component>
      <object_component id="oc-261">
         <name>.text:spi_Open</name>
         <load_address>0x20008b0c</load_address>
         <run_address>0x20008b0c</run_address>
         <size>0x148</size>
         <input_file_ref idref="fl-1b"/>
      </object_component>
      <object_component id="oc-5c4">
         <name>.text:_SlDrvMsgReadCmdCtx</name>
         <load_address>0x20008c54</load_address>
         <run_address>0x20008c54</run_address>
         <size>0x144</size>
         <input_file_ref idref="fl-15"/>
      </object_component>
      <object_component id="oc-639">
         <name>.text:_pconv_e</name>
         <load_address>0x20008d98</load_address>
         <run_address>0x20008d98</run_address>
         <size>0x13c</size>
         <input_file_ref idref="fl-f9"/>
      </object_component>
      <object_component id="oc-3c5">
         <name>.text</name>
         <load_address>0x20008ed4</load_address>
         <run_address>0x20008ed4</run_address>
         <size>0x136</size>
         <input_file_ref idref="fl-e5"/>
      </object_component>
      <object_component id="oc-877">
         <name>.text</name>
         <load_address>0x2000900a</load_address>
         <run_address>0x2000900a</run_address>
         <size>0x2</size>
         <input_file_ref idref="fl-fa"/>
      </object_component>
      <object_component id="oc-194">
         <name>.text:sl_Send</name>
         <load_address>0x2000900c</load_address>
         <run_address>0x2000900c</run_address>
         <size>0x134</size>
         <input_file_ref idref="fl-19"/>
      </object_component>
      <object_component id="oc-2cf">
         <name>.text:_SlDrvDriverCBDeinit</name>
         <load_address>0x20009140</load_address>
         <run_address>0x20009140</run_address>
         <size>0x130</size>
         <input_file_ref idref="fl-15"/>
      </object_component>
      <object_component id="oc-18e">
         <name>.text:strtol</name>
         <load_address>0x20009270</load_address>
         <run_address>0x20009270</run_address>
         <size>0x130</size>
         <input_file_ref idref="fl-f5"/>
      </object_component>
      <object_component id="oc-7b6">
         <name>.text:fcvt</name>
         <load_address>0x200093a0</load_address>
         <run_address>0x200093a0</run_address>
         <size>0x120</size>
         <input_file_ref idref="fl-f9"/>
      </object_component>
      <object_component id="oc-8bb">
         <name>.text:_SlDrvNetAppEventHandler</name>
         <load_address>0x200094c0</load_address>
         <run_address>0x200094c0</run_address>
         <size>0x104</size>
         <input_file_ref idref="fl-16"/>
      </object_component>
      <object_component id="oc-382">
         <name>.text:aligned_alloc</name>
         <load_address>0x200095c4</load_address>
         <run_address>0x200095c4</run_address>
         <size>0x100</size>
         <input_file_ref idref="fl-f2"/>
      </object_component>
      <object_component id="oc-3ba">
         <name>.text</name>
         <load_address>0x200096c4</load_address>
         <run_address>0x200096c4</run_address>
         <size>0xfc</size>
         <input_file_ref idref="fl-e6"/>
      </object_component>
      <object_component id="oc-d4">
         <name>.text:sl_Start</name>
         <load_address>0x200097c0</load_address>
         <run_address>0x200097c0</run_address>
         <size>0xf0</size>
         <input_file_ref idref="fl-14"/>
      </object_component>
      <object_component id="oc-e6">
         <name>.text:sl_Stop</name>
         <load_address>0x200098b0</load_address>
         <run_address>0x200098b0</run_address>
         <size>0xf0</size>
         <input_file_ref idref="fl-14"/>
      </object_component>
      <object_component id="oc-845">
         <name>.text:spi_Read</name>
         <load_address>0x200099a0</load_address>
         <run_address>0x200099a0</run_address>
         <size>0xf0</size>
         <input_file_ref idref="fl-1b"/>
      </object_component>
      <object_component id="oc-971">
         <name>.text:uDMAChannelTransferSet</name>
         <load_address>0x20009a90</load_address>
         <run_address>0x20009a90</run_address>
         <size>0xf0</size>
         <input_file_ref idref="fl-24"/>
      </object_component>
      <object_component id="oc-767">
         <name>.text:_SlAsyncEventGenericHandler</name>
         <load_address>0x20009b80</load_address>
         <run_address>0x20009b80</run_address>
         <size>0xe8</size>
         <input_file_ref idref="fl-15"/>
      </object_component>
      <object_component id="oc-5a5">
         <name>.text:_SlDrvMsgReadSpawnCtx</name>
         <load_address>0x20009c68</load_address>
         <run_address>0x20009c68</run_address>
         <size>0xe8</size>
         <input_file_ref idref="fl-15"/>
      </object_component>
      <object_component id="oc-23f">
         <name>.text:free</name>
         <load_address>0x20009d50</load_address>
         <run_address>0x20009d50</run_address>
         <size>0xe4</size>
         <input_file_ref idref="fl-f2"/>
      </object_component>
      <object_component id="oc-239">
         <name>.text:realloc</name>
         <load_address>0x20009e34</load_address>
         <run_address>0x20009e34</run_address>
         <size>0xe4</size>
         <input_file_ref idref="fl-f2"/>
      </object_component>
      <object_component id="oc-30a">
         <name>.text:sl_NetAppMDNSRegisterUnregisterService</name>
         <load_address>0x20009f18</load_address>
         <run_address>0x20009f18</run_address>
         <size>0xe4</size>
         <input_file_ref idref="fl-16"/>
      </object_component>
      <object_component id="oc-83f">
         <name>.text:_SlDrvClassifyRxMsg</name>
         <load_address>0x20009ffc</load_address>
         <run_address>0x20009ffc</run_address>
         <size>0xdc</size>
         <input_file_ref idref="fl-15"/>
      </object_component>
      <object_component id="oc-68e">
         <name>.text:scalbn</name>
         <load_address>0x2000a0d8</load_address>
         <run_address>0x2000a0d8</run_address>
         <size>0xd0</size>
         <input_file_ref idref="fl-e0"/>
      </object_component>
      <object_component id="oc-92f">
         <name>.text:_sl_HandleAsync_DnsGetHostByService</name>
         <load_address>0x2000a1a8</load_address>
         <run_address>0x2000a1a8</run_address>
         <size>0xcc</size>
         <input_file_ref idref="fl-16"/>
      </object_component>
      <object_component id="oc-ec">
         <name>.text:sl_DevGet</name>
         <load_address>0x2000a274</load_address>
         <run_address>0x2000a274</run_address>
         <size>0xcc</size>
         <input_file_ref idref="fl-14"/>
      </object_component>
      <object_component id="oc-580">
         <name>.text:_SlRemoveFromList</name>
         <load_address>0x2000a340</load_address>
         <run_address>0x2000a340</run_address>
         <size>0xc4</size>
         <input_file_ref idref="fl-15"/>
      </object_component>
      <object_component id="oc-2b3">
         <name>.text:_SlDrvCmdOp</name>
         <load_address>0x2000a404</load_address>
         <run_address>0x2000a404</run_address>
         <size>0xc0</size>
         <input_file_ref idref="fl-15"/>
      </object_component>
      <object_component id="oc-622">
         <name>.text:_ltostr</name>
         <load_address>0x2000a4c4</load_address>
         <run_address>0x2000a4c4</run_address>
         <size>0xb1</size>
         <input_file_ref idref="fl-f9"/>
      </object_component>
      <object_component id="oc-4df">
         <name>.text:_SlNonOsSemGet</name>
         <load_address>0x2000a578</load_address>
         <run_address>0x2000a578</run_address>
         <size>0xb0</size>
         <input_file_ref idref="fl-18"/>
      </object_component>
      <object_component id="oc-55f">
         <name>.text:IntDisable</name>
         <load_address>0x2000a628</load_address>
         <run_address>0x2000a628</run_address>
         <size>0xa8</size>
         <input_file_ref idref="fl-1e"/>
      </object_component>
      <object_component id="oc-12f">
         <name>.text:IntEnable</name>
         <load_address>0x2000a6d0</load_address>
         <run_address>0x2000a6d0</run_address>
         <size>0xa8</size>
         <input_file_ref idref="fl-1e"/>
      </object_component>
      <object_component id="oc-579">
         <name>.text:_SlDriverHandleError</name>
         <load_address>0x2000a778</load_address>
         <run_address>0x2000a778</run_address>
         <size>0xa4</size>
         <input_file_ref idref="fl-15"/>
      </object_component>
      <object_component id="oc-4fc">
         <name>.text:SPIConfigSetExpClk</name>
         <load_address>0x2000a81c</load_address>
         <run_address>0x2000a81c</run_address>
         <size>0xa0</size>
         <input_file_ref idref="fl-21"/>
      </object_component>
      <object_component id="oc-177">
         <name>.text:sl_Recv</name>
         <load_address>0x2000a8bc</load_address>
         <run_address>0x2000a8bc</run_address>
         <size>0xa0</size>
         <input_file_ref idref="fl-19"/>
      </object_component>
      <object_component id="oc-3d">
         <name>.text</name>
         <load_address>0x2000a95c</load_address>
         <run_address>0x2000a95c</run_address>
         <size>0x9c</size>
         <input_file_ref idref="fl-eb"/>
      </object_component>
      <object_component id="oc-915">
         <name>.text:_SlDrvDeviceEventHandler</name>
         <load_address>0x2000a9f8</load_address>
         <run_address>0x2000a9f8</run_address>
         <size>0x9a</size>
         <input_file_ref idref="fl-14"/>
      </object_component>
      <object_component id="oc-104">
         <name>.text:sl_NetCfgSet</name>
         <load_address>0x2000aa94</load_address>
         <run_address>0x2000aa94</run_address>
         <size>0x98</size>
         <input_file_ref idref="fl-17"/>
      </object_component>
      <object_component id="oc-10a">
         <name>.text:sl_WlanSet</name>
         <load_address>0x2000ab2c</load_address>
         <run_address>0x2000ab2c</run_address>
         <size>0x98</size>
         <input_file_ref idref="fl-1a"/>
      </object_component>
      <object_component id="oc-770">
         <name>.text:spi_Write</name>
         <load_address>0x2000abc4</load_address>
         <run_address>0x2000abc4</run_address>
         <size>0x98</size>
         <input_file_ref idref="fl-1b"/>
      </object_component>
      <object_component id="oc-797">
         <name>.text</name>
         <load_address>0x2000ac5c</load_address>
         <run_address>0x2000ac5c</run_address>
         <size>0x96</size>
         <input_file_ref idref="fl-ed"/>
      </object_component>
      <object_component id="oc-20f">
         <name>.text:PRCMPeripheralClockGet</name>
         <load_address>0x2000acf4</load_address>
         <run_address>0x2000acf4</run_address>
         <size>0x94</size>
         <input_file_ref idref="fl-20"/>
      </object_component>
      <object_component id="oc-929">
         <name>.text:_sl_HandleAsync_DnsGetHostByName</name>
         <load_address>0x2000ad88</load_address>
         <run_address>0x2000ad88</run_address>
         <size>0x90</size>
         <input_file_ref idref="fl-16"/>
      </object_component>
      <object_component id="oc-8c1">
         <name>.text:_sl_HandleAsync_PingResponse</name>
         <load_address>0x2000ae18</load_address>
         <run_address>0x2000ae18</run_address>
         <size>0x90</size>
         <input_file_ref idref="fl-16"/>
      </object_component>
      <object_component id="oc-f2">
         <name>.text:sl_WlanPolicySet</name>
         <load_address>0x2000aea8</load_address>
         <run_address>0x2000aea8</run_address>
         <size>0x90</size>
         <input_file_ref idref="fl-1a"/>
      </object_component>
      <object_component id="oc-8c8">
         <name>.text:SetupDMAReceive</name>
         <load_address>0x2000af38</load_address>
         <run_address>0x2000af38</run_address>
         <size>0x8c</size>
         <input_file_ref idref="fl-1b"/>
      </object_component>
      <object_component id="oc-856">
         <name>.text:SetupDMASend</name>
         <load_address>0x2000afc4</load_address>
         <run_address>0x2000afc4</run_address>
         <size>0x8c</size>
         <input_file_ref idref="fl-1b"/>
      </object_component>
      <object_component id="oc-70d">
         <name>.text:_SlDrvIsTimeoutExpired</name>
         <load_address>0x2000b050</load_address>
         <run_address>0x2000b050</run_address>
         <size>0x8c</size>
         <input_file_ref idref="fl-15"/>
      </object_component>
      <object_component id="oc-982">
         <name>.text:_sl_HandleAsync_InitComplete</name>
         <load_address>0x2000b0dc</load_address>
         <run_address>0x2000b0dc</run_address>
         <size>0x8c</size>
         <input_file_ref idref="fl-14"/>
      </object_component>
      <object_component id="oc-171">
         <name>.text:sl_Socket</name>
         <load_address>0x2000b168</load_address>
         <run_address>0x2000b168</run_address>
         <size>0x8c</size>
         <input_file_ref idref="fl-19"/>
      </object_component>
      <object_component id="oc-1ad">
         <name>.text:PinConfigSet</name>
         <load_address>0x2000b1f4</load_address>
         <run_address>0x2000b1f4</run_address>
         <size>0x88</size>
         <input_file_ref idref="fl-1f"/>
      </object_component>
      <object_component id="oc-628">
         <name>.text:__aeabi_cdcmple</name>
         <load_address>0x2000b27c</load_address>
         <run_address>0x2000b27c</run_address>
         <size>0x86</size>
         <input_file_ref idref="fl-e4"/>
      </object_component>
      <object_component id="oc-689">
         <name>.text:__aeabi_cdrcmple</name>
         <load_address>0x2000b302</load_address>
         <run_address>0x2000b302</run_address>
         <size>0x86</size>
         <input_file_ref idref="fl-e4"/>
      </object_component>
      <object_component id="oc-441">
         <name>.text:I2CMasterInitExpClk</name>
         <load_address>0x2000b388</load_address>
         <run_address>0x2000b388</run_address>
         <size>0x84</size>
         <input_file_ref idref="fl-1d"/>
      </object_component>
      <object_component id="oc-255">
         <name>.text:NwpPowerOnPreamble</name>
         <load_address>0x2000b40c</load_address>
         <run_address>0x2000b40c</run_address>
         <size>0x84</size>
         <input_file_ref idref="fl-1b"/>
      </object_component>
      <object_component id="oc-11c">
         <name>.text:sl_WlanRxFilterSet</name>
         <load_address>0x2000b490</load_address>
         <run_address>0x2000b490</run_address>
         <size>0x84</size>
         <input_file_ref idref="fl-1a"/>
      </object_component>
      <object_component id="oc-951">
         <name>.text:_sl_HandleAsync_Connect</name>
         <load_address>0x2000b514</load_address>
         <run_address>0x2000b514</run_address>
         <size>0x80</size>
         <input_file_ref idref="fl-19"/>
      </object_component>
      <object_component id="oc-8ce">
         <name>.text:spi_Read_CPU</name>
         <load_address>0x2000b594</load_address>
         <run_address>0x2000b594</run_address>
         <size>0x80</size>
         <input_file_ref idref="fl-1b"/>
      </object_component>
      <object_component id="oc-868">
         <name>.text:spi_Write_CPU</name>
         <load_address>0x2000b614</load_address>
         <run_address>0x2000b614</run_address>
         <size>0x80</size>
         <input_file_ref idref="fl-1b"/>
      </object_component>
      <object_component id="oc-8b">
         <name>.text</name>
         <load_address>0x2000b694</load_address>
         <run_address>0x2000b694</run_address>
         <size>0x7a</size>
         <input_file_ref idref="fl-ec"/>
      </object_component>
      <object_component id="oc-2c9">
         <name>.text:spi_Close</name>
         <load_address>0x2000b710</load_address>
         <run_address>0x2000b710</run_address>
         <size>0x78</size>
         <input_file_ref idref="fl-1b"/>
      </object_component>
      <object_component id="oc-215">
         <name>.text:UARTConfigSetExpClk</name>
         <load_address>0x2000b788</load_address>
         <run_address>0x2000b788</run_address>
         <size>0x76</size>
         <input_file_ref idref="fl-23"/>
      </object_component>
      <object_component id="oc-da">
         <name>.text:_SlNonOsMainLoopTask</name>
         <load_address>0x2000b800</load_address>
         <run_address>0x2000b800</run_address>
         <size>0x74</size>
         <input_file_ref idref="fl-18"/>
      </object_component>
      <object_component id="oc-4bb">
         <name>.text:split</name>
         <load_address>0x2000b874</load_address>
         <run_address>0x2000b874</run_address>
         <size>0x70</size>
         <input_file_ref idref="fl-f2"/>
      </object_component>
      <object_component id="oc-7af">
         <name>.text:_mcpy</name>
         <load_address>0x2000b8e4</load_address>
         <run_address>0x2000b8e4</run_address>
         <size>0x6e</size>
         <input_file_ref idref="fl-f9"/>
      </object_component>
      <object_component id="oc-3cf">
         <name>.text</name>
         <load_address>0x2000b952</load_address>
         <run_address>0x2000b952</run_address>
         <size>0x6e</size>
         <input_file_ref idref="fl-e7"/>
      </object_component>
      <object_component id="oc-99a">
         <name>.text:_SlDrvCmdSend</name>
         <load_address>0x2000b9c0</load_address>
         <run_address>0x2000b9c0</run_address>
         <size>0x6c</size>
         <input_file_ref idref="fl-15"/>
      </object_component>
      <object_component id="oc-93b">
         <name>.text:_sl_NetAppSendTokenValue</name>
         <load_address>0x2000ba2c</load_address>
         <run_address>0x2000ba2c</run_address>
         <size>0x6c</size>
         <input_file_ref idref="fl-16"/>
      </object_component>
      <object_component id="oc-15">
         <name>.text:decompress:lzss:__TI_decompress_lzss</name>
         <load_address>0x2000ba98</load_address>
         <run_address>0x2000ba98</run_address>
         <size>0x68</size>
         <input_file_ref idref="fl-f0"/>
      </object_component>
      <object_component id="oc-59f">
         <name>.text:_SlNonOsSpawn</name>
         <load_address>0x2000bb00</load_address>
         <run_address>0x2000bb00</run_address>
         <size>0x64</size>
         <input_file_ref idref="fl-18"/>
      </object_component>
      <object_component id="oc-94b">
         <name>.text:_sl_HandleAsync_Accept</name>
         <load_address>0x2000bb64</load_address>
         <run_address>0x2000bb64</run_address>
         <size>0x64</size>
         <input_file_ref idref="fl-19"/>
      </object_component>
      <object_component id="oc-110">
         <name>.text:sl_NetAppMDNSUnRegisterService</name>
         <load_address>0x2000bbc8</load_address>
         <run_address>0x2000bbc8</run_address>
         <size>0x64</size>
         <input_file_ref idref="fl-16"/>
      </object_component>
      <object_component id="oc-724">
         <name>.text:uDMAChannelAttributeDisable</name>
         <load_address>0x2000bc2c</load_address>
         <run_address>0x2000bc2c</run_address>
         <size>0x64</size>
         <input_file_ref idref="fl-24"/>
      </object_component>
      <object_component id="oc-96b">
         <name>.text:uDMAChannelAttributeEnable</name>
         <load_address>0x2000bc90</load_address>
         <run_address>0x2000bc90</run_address>
         <size>0x64</size>
         <input_file_ref idref="fl-24"/>
      </object_component>
      <object_component id="oc-141">
         <name>.text</name>
         <load_address>0x2000bcf4</load_address>
         <run_address>0x2000bcf4</run_address>
         <size>0x64</size>
         <input_file_ref idref="fl-d"/>
      </object_component>
      <object_component id="oc-19a">
         <name>.text:sl_Close</name>
         <load_address>0x2000bd58</load_address>
         <run_address>0x2000bd58</run_address>
         <size>0x60</size>
         <input_file_ref idref="fl-19"/>
      </object_component>
      <object_component id="oc-f8">
         <name>.text:sl_WlanProfileDel</name>
         <load_address>0x2000bdb8</load_address>
         <run_address>0x2000bdb8</run_address>
         <size>0x60</size>
         <input_file_ref idref="fl-1a"/>
      </object_component>
      <object_component id="oc-e0">
         <name>.text:sl_WlanSetMode</name>
         <load_address>0x2000be18</load_address>
         <run_address>0x2000be18</run_address>
         <size>0x60</size>
         <input_file_ref idref="fl-1a"/>
      </object_component>
      <object_component id="oc-7c4">
         <name>.text:frexp</name>
         <load_address>0x2000be78</load_address>
         <run_address>0x2000be78</run_address>
         <size>0x5c</size>
         <input_file_ref idref="fl-108"/>
      </object_component>
      <object_component id="oc-56b">
         <name>.text:IntPendClear</name>
         <load_address>0x2000bed4</load_address>
         <run_address>0x2000bed4</run_address>
         <size>0x58</size>
         <input_file_ref idref="fl-1e"/>
      </object_component>
      <object_component id="oc-33d">
         <name>.text:PRCMPeripheralReset</name>
         <load_address>0x2000bf2c</load_address>
         <run_address>0x2000bf2c</run_address>
         <size>0x58</size>
         <input_file_ref idref="fl-20"/>
      </object_component>
      <object_component id="oc-633">
         <name>.text:_pconv_f</name>
         <load_address>0x2000bf84</load_address>
         <run_address>0x2000bf84</run_address>
         <size>0x56</size>
         <input_file_ref idref="fl-f9"/>
      </object_component>
      <object_component id="oc-34b">
         <name>.text:IntPrioritySet</name>
         <load_address>0x2000bfdc</load_address>
         <run_address>0x2000bfdc</run_address>
         <size>0x54</size>
         <input_file_ref idref="fl-1e"/>
      </object_component>
      <object_component id="oc-297">
         <name>.text:_SlDrvRxIrqHandler</name>
         <load_address>0x2000c030</load_address>
         <run_address>0x2000c030</run_address>
         <size>0x54</size>
         <input_file_ref idref="fl-15"/>
      </object_component>
      <object_component id="oc-7a3">
         <name>.text:__TI_ltoa</name>
         <load_address>0x2000c084</load_address>
         <run_address>0x2000c084</run_address>
         <size>0x54</size>
         <input_file_ref idref="fl-101"/>
      </object_component>
      <object_component id="oc-957">
         <name>.text:_sl_HandleAsync_Select</name>
         <load_address>0x2000c0d8</load_address>
         <run_address>0x2000c0d8</run_address>
         <size>0x54</size>
         <input_file_ref idref="fl-19"/>
      </object_component>
      <object_component id="oc-7a9">
         <name>.text:_ecpy</name>
         <load_address>0x2000c12c</load_address>
         <run_address>0x2000c12c</run_address>
         <size>0x52</size>
         <input_file_ref idref="fl-f9"/>
      </object_component>
      <object_component id="oc-95d">
         <name>.text:_sl_HandleAsync_Stop</name>
         <load_address>0x2000c180</load_address>
         <run_address>0x2000c180</run_address>
         <size>0x50</size>
         <input_file_ref idref="fl-14"/>
      </object_component>
      <object_component id="oc-526">
         <name>.text:SPIIntEnable</name>
         <load_address>0x2000c1d0</load_address>
         <run_address>0x2000c1d0</run_address>
         <size>0x4c</size>
         <input_file_ref idref="fl-21"/>
      </object_component>
      <object_component id="oc-77b">
         <name>.text:SPIIntNumberGet</name>
         <load_address>0x2000c21c</load_address>
         <run_address>0x2000c21c</run_address>
         <size>0x4c</size>
         <input_file_ref idref="fl-21"/>
      </object_component>
      <object_component id="oc-267">
         <name>.text:_SlDrvProtectAsyncRespSetting</name>
         <load_address>0x2000c268</load_address>
         <run_address>0x2000c268</run_address>
         <size>0x4c</size>
         <input_file_ref idref="fl-15"/>
      </object_component>
      <object_component id="oc-61c">
         <name>.text:atoi</name>
         <load_address>0x2000c2b4</load_address>
         <run_address>0x2000c2b4</run_address>
         <size>0x4c</size>
         <input_file_ref idref="fl-103"/>
      </object_component>
      <object_component id="oc-71e">
         <name>.text:uDMAChannelAssign</name>
         <load_address>0x2000c300</load_address>
         <run_address>0x2000c300</run_address>
         <size>0x4c</size>
         <input_file_ref idref="fl-24"/>
      </object_component>
      <object_component id="oc-740">
         <name>.text:SPIIntClear</name>
         <load_address>0x2000c34c</load_address>
         <run_address>0x2000c34c</run_address>
         <size>0x48</size>
         <input_file_ref idref="fl-21"/>
      </object_component>
      <object_component id="oc-2f5">
         <name>.text:_SlDrvBasicCmd</name>
         <load_address>0x2000c394</load_address>
         <run_address>0x2000c394</run_address>
         <size>0x48</size>
         <input_file_ref idref="fl-15"/>
      </object_component>
      <object_component id="oc-79e">
         <name>.text</name>
         <load_address>0x2000c3dc</load_address>
         <run_address>0x2000c3dc</run_address>
         <size>0x48</size>
         <input_file_ref idref="fl-fb"/>
      </object_component>
      <object_component id="oc-72f">
         <name>.text:SPIDmaMaskGet</name>
         <load_address>0x2000c424</load_address>
         <run_address>0x2000c424</run_address>
         <size>0x44</size>
         <input_file_ref idref="fl-21"/>
      </object_component>
      <object_component id="oc-8f5">
         <name>.text:TimerConfigure</name>
         <load_address>0x2000c468</load_address>
         <run_address>0x2000c468</run_address>
         <size>0x44</size>
         <input_file_ref idref="fl-22"/>
      </object_component>
      <object_component id="oc-993">
         <name>.text:_SlDrvHandleHttpServerEvents</name>
         <load_address>0x2000c4ac</load_address>
         <run_address>0x2000c4ac</run_address>
         <size>0x44</size>
         <input_file_ref idref="fl-15"/>
      </object_component>
      <object_component id="oc-27f">
         <name>.text:_SlDrvSyncObjWaitTimeout</name>
         <load_address>0x2000c4f0</load_address>
         <run_address>0x2000c4f0</run_address>
         <size>0x44</size>
         <input_file_ref idref="fl-15"/>
      </object_component>
      <object_component id="oc-1dd">
         <name>.text:__TI_auto_init_nobinit_nopinit:__TI_auto_init_nobinit_nopinit</name>
         <load_address>0x2000c534</load_address>
         <run_address>0x2000c534</run_address>
         <size>0x44</size>
         <input_file_ref idref="fl-fc"/>
      </object_component>
      <object_component id="oc-8db">
         <name>.text:cc_SetupTransfer</name>
         <load_address>0x2000c578</load_address>
         <run_address>0x2000c578</run_address>
         <size>0x44</size>
         <input_file_ref idref="fl-1b"/>
      </object_component>
      <object_component id="oc-6b4">
         <name>.text:PinModeSet</name>
         <load_address>0x2000c5bc</load_address>
         <run_address>0x2000c5bc</run_address>
         <size>0x40</size>
         <input_file_ref idref="fl-1f"/>
      </object_component>
      <object_component id="oc-921">
         <name>.text:_SlDrvHandleNetAppEvents</name>
         <load_address>0x2000c5fc</load_address>
         <run_address>0x2000c5fc</run_address>
         <size>0x40</size>
         <input_file_ref idref="fl-15"/>
      </object_component>
      <object_component id="oc-91b">
         <name>.text:_SlDrvHandleWlanEvents</name>
         <load_address>0x2000c63c</load_address>
         <run_address>0x2000c63c</run_address>
         <size>0x40</size>
         <input_file_ref idref="fl-15"/>
      </object_component>
      <object_component id="oc-3e2">
         <name>.text:_sl_TruncatePayloadByProtocol</name>
         <load_address>0x2000c67c</load_address>
         <run_address>0x2000c67c</run_address>
         <size>0x40</size>
         <input_file_ref idref="fl-19"/>
      </object_component>
      <object_component id="oc-165">
         <name>.text:sprintf</name>
         <load_address>0x2000c6bc</load_address>
         <run_address>0x2000c6bc</run_address>
         <size>0x40</size>
         <input_file_ref idref="fl-e1"/>
      </object_component>
      <object_component id="oc-221">
         <name>.text:vsnprintf</name>
         <load_address>0x2000c6fc</load_address>
         <run_address>0x2000c6fc</run_address>
         <size>0x40</size>
         <input_file_ref idref="fl-e2"/>
      </object_component>
      <object_component id="oc-273">
         <name>.text:NwpRegisterInterruptHandler</name>
         <load_address>0x2000c73c</load_address>
         <run_address>0x2000c73c</run_address>
         <size>0x3e</size>
         <input_file_ref idref="fl-1b"/>
      </object_component>
      <object_component id="oc-7bc">
         <name>.text:_fcpy</name>
         <load_address>0x2000c77a</load_address>
         <run_address>0x2000c77a</run_address>
         <size>0x3e</size>
         <input_file_ref idref="fl-f9"/>
      </object_component>
      <object_component id="oc-942">
         <name>.text:CopyPingResultsToReport</name>
         <load_address>0x2000c7b8</load_address>
         <run_address>0x2000c7b8</run_address>
         <size>0x3c</size>
         <input_file_ref idref="fl-16"/>
      </object_component>
      <object_component id="oc-147">
         <name>.text:PRCMPeripheralClkEnable</name>
         <load_address>0x2000c7f4</load_address>
         <run_address>0x2000c7f4</run_address>
         <size>0x3c</size>
         <input_file_ref idref="fl-20"/>
      </object_component>
      <object_component id="oc-8a1">
         <name>.text:simplelink_timerA2_start</name>
         <load_address>0x2000c830</load_address>
         <run_address>0x2000c830</run_address>
         <size>0x3c</size>
         <input_file_ref idref="fl-1b"/>
      </object_component>
      <object_component id="oc-965">
         <name>.text:uDMAChannelControlSet</name>
         <load_address>0x2000c86c</load_address>
         <run_address>0x2000c86c</run_address>
         <size>0x3c</size>
         <input_file_ref idref="fl-24"/>
      </object_component>
      <object_component id="oc-26d">
         <name>.text:NwpPowerOff</name>
         <load_address>0x2000c8a8</load_address>
         <run_address>0x2000c8a8</run_address>
         <size>0x38</size>
         <input_file_ref idref="fl-1b"/>
      </object_component>
      <object_component id="oc-189">
         <name>.text</name>
         <load_address>0x2000c8e0</load_address>
         <run_address>0x2000c8e0</run_address>
         <size>0x38</size>
         <input_file_ref idref="fl-e8"/>
      </object_component>
      <object_component id="oc-15a">
         <name>.text</name>
         <load_address>0x2000c918</load_address>
         <run_address>0x2000c918</run_address>
         <size>0x38</size>
         <input_file_ref idref="fl-e9"/>
      </object_component>
      <object_component id="oc-fe">
         <name>.text:sl_WlanDisconnect</name>
         <load_address>0x2000c950</load_address>
         <run_address>0x2000c950</run_address>
         <size>0x38</size>
         <input_file_ref idref="fl-1a"/>
      </object_component>
      <object_component id="oc-279">
         <name>.text:NwpPowerOn</name>
         <load_address>0x2000c988</load_address>
         <run_address>0x2000c988</run_address>
         <size>0x34</size>
         <input_file_ref idref="fl-1b"/>
      </object_component>
      <object_component id="oc-502">
         <name>.text:PRCMPeripheralStatusGet</name>
         <load_address>0x2000c9bc</load_address>
         <run_address>0x2000c9bc</run_address>
         <size>0x34</size>
         <input_file_ref idref="fl-20"/>
      </object_component>
      <object_component id="oc-51a">
         <name>.text:SPIFIFOLevelSet</name>
         <load_address>0x2000c9f0</load_address>
         <run_address>0x2000c9f0</run_address>
         <size>0x34</size>
         <input_file_ref idref="fl-21"/>
      </object_component>
      <object_component id="oc-48b">
         <name>.text:UARTDisable</name>
         <load_address>0x2000ca24</load_address>
         <run_address>0x2000ca24</run_address>
         <size>0x30</size>
         <input_file_ref idref="fl-23"/>
      </object_component>
      <object_component id="oc-499">
         <name>.text:_outs</name>
         <load_address>0x2000ca54</load_address>
         <run_address>0x2000ca54</run_address>
         <size>0x30</size>
         <input_file_ref idref="fl-e2"/>
      </object_component>
      <object_component id="oc-3ca">
         <name>.text</name>
         <load_address>0x2000ca84</load_address>
         <run_address>0x2000ca84</run_address>
         <size>0x2e</size>
         <input_file_ref idref="fl-ea"/>
      </object_component>
      <object_component id="oc-41d">
         <name>.text:I2CMasterErr</name>
         <load_address>0x2000cab2</load_address>
         <run_address>0x2000cab2</run_address>
         <size>0x2c</size>
         <input_file_ref idref="fl-1d"/>
      </object_component>
      <object_component id="oc-32b">
         <name>.text:PRCMSysResetCauseGet</name>
         <load_address>0x2000cae0</load_address>
         <run_address>0x2000cae0</run_address>
         <size>0x2c</size>
         <input_file_ref idref="fl-20"/>
      </object_component>
      <object_component id="oc-5b2">
         <name>.text:_SlDrvObjGlobalLockWaitForever</name>
         <load_address>0x2000cb0c</load_address>
         <run_address>0x2000cb0c</run_address>
         <size>0x2c</size>
         <input_file_ref idref="fl-15"/>
      </object_component>
      <object_component id="oc-54b">
         <name>.text:_SlDrvProtectionObjLockWaitForever</name>
         <load_address>0x2000cb38</load_address>
         <run_address>0x2000cb38</run_address>
         <size>0x2c</size>
         <input_file_ref idref="fl-15"/>
      </object_component>
      <object_component id="oc-901">
         <name>.text:TimerLoadSet</name>
         <load_address>0x2000cb64</load_address>
         <run_address>0x2000cb64</run_address>
         <size>0x2a</size>
         <input_file_ref idref="fl-22"/>
      </object_component>
      <object_component id="oc-8fb">
         <name>.text:TimerPrescaleSet</name>
         <load_address>0x2000cb8e</load_address>
         <run_address>0x2000cb8e</run_address>
         <size>0x2a</size>
         <input_file_ref idref="fl-22"/>
      </object_component>
      <object_component id="oc-154">
         <name>.text:PRCMPeripheralClkDisable</name>
         <load_address>0x2000cbb8</load_address>
         <run_address>0x2000cbb8</run_address>
         <size>0x28</size>
         <input_file_ref idref="fl-20"/>
      </object_component>
      <object_component id="oc-5b8">
         <name>.text:_SlDrvGlobalObjUnLock</name>
         <load_address>0x2000cbe0</load_address>
         <run_address>0x2000cbe0</run_address>
         <size>0x28</size>
         <input_file_ref idref="fl-15"/>
      </object_component>
      <object_component id="oc-551">
         <name>.text:_SlDrvProtectionObjUnLock</name>
         <load_address>0x2000cc08</load_address>
         <run_address>0x2000cc08</run_address>
         <size>0x28</size>
         <input_file_ref idref="fl-15"/>
      </object_component>
      <object_component id="oc-66b">
         <name>.text:_SlDrvSyncObjWaitForever</name>
         <load_address>0x2000cc30</load_address>
         <run_address>0x2000cc30</run_address>
         <size>0x28</size>
         <input_file_ref idref="fl-15"/>
      </object_component>
      <object_component id="oc-4c2">
         <name>.text:free_list_insert</name>
         <load_address>0x2000cc58</load_address>
         <run_address>0x2000cc58</run_address>
         <size>0x28</size>
         <input_file_ref idref="fl-f2"/>
      </object_component>
      <object_component id="oc-233">
         <name>.text:memmove</name>
         <load_address>0x2000cc80</load_address>
         <run_address>0x2000cc80</run_address>
         <size>0x28</size>
         <input_file_ref idref="fl-f1"/>
      </object_component>
      <object_component id="oc-665">
         <name>.text:_SlDrvObjLockWaitForever</name>
         <load_address>0x2000cca8</load_address>
         <run_address>0x2000cca8</run_address>
         <size>0x26</size>
         <input_file_ref idref="fl-15"/>
      </object_component>
      <object_component id="oc-9af">
         <name>.text</name>
         <load_address>0x2000ccce</load_address>
         <run_address>0x2000ccce</run_address>
         <size>0x26</size>
         <input_file_ref idref="fl-6"/>
      </object_component>
      <object_component id="oc-538">
         <name>.text:DmaSpiSwIntHandler</name>
         <load_address>0x2000ccf4</load_address>
         <run_address>0x2000ccf4</run_address>
         <size>0x24</size>
         <input_file_ref idref="fl-1b"/>
      </object_component>
      <object_component id="oc-565">
         <name>.text:IntUnregister</name>
         <load_address>0x2000cd18</load_address>
         <run_address>0x2000cd18</run_address>
         <size>0x24</size>
         <input_file_ref idref="fl-1e"/>
      </object_component>
      <object_component id="oc-491">
         <name>.text:UARTEnable</name>
         <load_address>0x2000cd3c</load_address>
         <run_address>0x2000cd3c</run_address>
         <size>0x24</size>
         <input_file_ref idref="fl-23"/>
      </object_component>
      <object_component id="oc-5b">
         <name>.text:_c_int00_noargs:_c_int00_noargs</name>
         <load_address>0x2000cd60</load_address>
         <run_address>0x2000cd60</run_address>
         <size>0x24</size>
         <input_file_ref idref="fl-f6"/>
      </object_component>
      <object_component id="oc-423">
         <name>.text:I2CMasterSlaveAddrSet</name>
         <load_address>0x2000cd84</load_address>
         <run_address>0x2000cd84</run_address>
         <size>0x22</size>
         <input_file_ref idref="fl-1d"/>
      </object_component>
      <object_component id="oc-4f6">
         <name>.text:SPIReset</name>
         <load_address>0x2000cda6</load_address>
         <run_address>0x2000cda6</run_address>
         <size>0x22</size>
         <input_file_ref idref="fl-21"/>
      </object_component>
      <object_component id="oc-862">
         <name>.text:SPIWordCountSet</name>
         <load_address>0x2000cdc8</load_address>
         <run_address>0x2000cdc8</run_address>
         <size>0x22</size>
         <input_file_ref idref="fl-21"/>
      </object_component>
      <object_component id="oc-520">
         <name>.text:IntRegister</name>
         <load_address>0x2000cdec</load_address>
         <run_address>0x2000cdec</run_address>
         <size>0x20</size>
         <input_file_ref idref="fl-1e"/>
      </object_component>
      <object_component id="oc-2c3">
         <name>.text:NwpPrePowerOffTimout0</name>
         <load_address>0x2000ce0c</load_address>
         <run_address>0x2000ce0c</run_address>
         <size>0x20</size>
         <input_file_ref idref="fl-1b"/>
      </object_component>
      <object_component id="oc-823">
         <name>.text:TimerGetCurrentTimestamp</name>
         <load_address>0x2000ce2c</load_address>
         <run_address>0x2000ce2c</run_address>
         <size>0x20</size>
         <input_file_ref idref="fl-1b"/>
      </object_component>
      <object_component id="oc-671">
         <name>.text:_SlDrvObjUnLock</name>
         <load_address>0x2000ce4c</load_address>
         <run_address>0x2000ce4c</run_address>
         <size>0x20</size>
         <input_file_ref idref="fl-15"/>
      </object_component>
      <object_component id="oc-586">
         <name>.text:_SlDrvSyncObjSignal</name>
         <load_address>0x2000ce6c</load_address>
         <run_address>0x2000ce6c</run_address>
         <size>0x20</size>
         <input_file_ref idref="fl-15"/>
      </object_component>
      <object_component id="oc-417">
         <name>.text:I2CMasterIntStatusEx</name>
         <load_address>0x2000ce8c</load_address>
         <run_address>0x2000ce8c</run_address>
         <size>0x1e</size>
         <input_file_ref idref="fl-1d"/>
      </object_component>
      <object_component id="oc-907">
         <name>.text:TimerEnable</name>
         <load_address>0x2000ceaa</load_address>
         <run_address>0x2000ceaa</run_address>
         <size>0x1e</size>
         <input_file_ref idref="fl-22"/>
      </object_component>
      <object_component id="oc-21b">
         <name>.text:UARTCharPut</name>
         <load_address>0x2000cec8</load_address>
         <run_address>0x2000cec8</run_address>
         <size>0x1e</size>
         <input_file_ref idref="fl-23"/>
      </object_component>
      <object_component id="oc-508">
         <name>.text:cc_UDMAChannelSelect</name>
         <load_address>0x2000cee6</load_address>
         <run_address>0x2000cee6</run_address>
         <size>0x1e</size>
         <input_file_ref idref="fl-1b"/>
      </object_component>
      <object_component id="oc-8a7">
         <name>.text:TimerValueGet</name>
         <load_address>0x2000cf04</load_address>
         <run_address>0x2000cf04</run_address>
         <size>0x1c</size>
         <input_file_ref idref="fl-22"/>
      </object_component>
      <object_component id="oc-22d">
         <name>.text:UARTCharGetNonBlocking</name>
         <load_address>0x2000cf20</load_address>
         <run_address>0x2000cf20</run_address>
         <size>0x1c</size>
         <input_file_ref idref="fl-23"/>
      </object_component>
      <object_component id="oc-707">
         <name>.text:_SlDrvStartMeasureTimeout</name>
         <load_address>0x2000cf3c</load_address>
         <run_address>0x2000cf3c</run_address>
         <size>0x1c</size>
         <input_file_ref idref="fl-15"/>
      </object_component>
      <object_component id="oc-49">
         <name>.text:decompress:ZI:__TI_zero_init_nomemset:__TI_zero_init_nomemset</name>
         <load_address>0x2000cf58</load_address>
         <run_address>0x2000cf58</run_address>
         <size>0x1c</size>
         <input_file_ref idref="fl-ee"/>
      </object_component>
      <object_component id="oc-4b5">
         <name>.text:free_list_remove</name>
         <load_address>0x2000cf74</load_address>
         <run_address>0x2000cf74</run_address>
         <size>0x1c</size>
         <input_file_ref idref="fl-f2"/>
      </object_component>
      <object_component id="oc-645">
         <name>.text:memccpy</name>
         <load_address>0x2000cf90</load_address>
         <run_address>0x2000cf90</run_address>
         <size>0x1c</size>
         <input_file_ref idref="fl-105"/>
      </object_component>
      <object_component id="oc-1a7">
         <name>.text</name>
         <load_address>0x2000cfac</load_address>
         <run_address>0x2000cfac</run_address>
         <size>0x1c</size>
         <input_file_ref idref="fl-7"/>
      </object_component>
      <object_component id="oc-977">
         <name>.text:uDMAChannelEnable</name>
         <load_address>0x2000cfc8</load_address>
         <run_address>0x2000cfc8</run_address>
         <size>0x1c</size>
         <input_file_ref idref="fl-24"/>
      </object_component>
      <object_component id="oc-3fa">
         <name>.text:PinTypeUART</name>
         <load_address>0x2000cfe4</load_address>
         <run_address>0x2000cfe4</run_address>
         <size>0x1a</size>
         <input_file_ref idref="fl-1f"/>
      </object_component>
      <object_component id="oc-5dc">
         <name>.text:SPIDmaDisable</name>
         <load_address>0x2000cffe</load_address>
         <run_address>0x2000cffe</run_address>
         <size>0x1a</size>
         <input_file_ref idref="fl-21"/>
      </object_component>
      <object_component id="oc-514">
         <name>.text:SPIDmaEnable</name>
         <load_address>0x2000d018</load_address>
         <run_address>0x2000d018</run_address>
         <size>0x1a</size>
         <input_file_ref idref="fl-21"/>
      </object_component>
      <object_component id="oc-5d6">
         <name>.text:SPIFIFODisable</name>
         <load_address>0x2000d032</load_address>
         <run_address>0x2000d032</run_address>
         <size>0x1a</size>
         <input_file_ref idref="fl-21"/>
      </object_component>
      <object_component id="oc-50e">
         <name>.text:SPIFIFOEnable</name>
         <load_address>0x2000d04c</load_address>
         <run_address>0x2000d04c</run_address>
         <size>0x1a</size>
         <input_file_ref idref="fl-21"/>
      </object_component>
      <object_component id="oc-5d0">
         <name>.text:SPIIntUnregister</name>
         <load_address>0x2000d066</load_address>
         <run_address>0x2000d066</run_address>
         <size>0x1a</size>
         <input_file_ref idref="fl-21"/>
      </object_component>
      <object_component id="oc-43b">
         <name>.text:I2CMasterIntEnableEx</name>
         <load_address>0x2000d080</load_address>
         <run_address>0x2000d080</run_address>
         <size>0x18</size>
         <input_file_ref idref="fl-1d"/>
      </object_component>
      <object_component id="oc-4ea">
         <name>.text:SPICSDisable</name>
         <load_address>0x2000d098</load_address>
         <run_address>0x2000d098</run_address>
         <size>0x18</size>
         <input_file_ref idref="fl-21"/>
      </object_component>
      <object_component id="oc-85c">
         <name>.text:SPICSEnable</name>
         <load_address>0x2000d0b0</load_address>
         <run_address>0x2000d0b0</run_address>
         <size>0x18</size>
         <input_file_ref idref="fl-21"/>
      </object_component>
      <object_component id="oc-4f0">
         <name>.text:SPIDisable</name>
         <load_address>0x2000d0c8</load_address>
         <run_address>0x2000d0c8</run_address>
         <size>0x18</size>
         <input_file_ref idref="fl-21"/>
      </object_component>
      <object_component id="oc-52c">
         <name>.text:SPIEnable</name>
         <load_address>0x2000d0e0</load_address>
         <run_address>0x2000d0e0</run_address>
         <size>0x18</size>
         <input_file_ref idref="fl-21"/>
      </object_component>
      <object_component id="oc-227">
         <name>.text:UARTCharsAvail</name>
         <load_address>0x2000d0f8</load_address>
         <run_address>0x2000d0f8</run_address>
         <size>0x18</size>
         <input_file_ref idref="fl-23"/>
      </object_component>
      <object_component id="oc-363">
         <name>.text:WatchdogStallDisable</name>
         <load_address>0x2000d110</load_address>
         <run_address>0x2000d110</run_address>
         <size>0x18</size>
         <input_file_ref idref="fl-26"/>
      </object_component>
      <object_component id="oc-345">
         <name>.text:WatchdogUnlock</name>
         <load_address>0x2000d128</load_address>
         <run_address>0x2000d128</run_address>
         <size>0x18</size>
         <input_file_ref idref="fl-26"/>
      </object_component>
      <object_component id="oc-4d9">
         <name>.text:_SlNonOsSemSet</name>
         <load_address>0x2000d140</load_address>
         <run_address>0x2000d140</run_address>
         <size>0x18</size>
         <input_file_ref idref="fl-18"/>
      </object_component>
      <object_component id="oc-49f">
         <name>.text:_outc</name>
         <load_address>0x2000d158</load_address>
         <run_address>0x2000d158</run_address>
         <size>0x18</size>
         <input_file_ref idref="fl-e2"/>
      </object_component>
      <object_component id="oc-38f">
         <name>.text:_outs</name>
         <load_address>0x2000d170</load_address>
         <run_address>0x2000d170</run_address>
         <size>0x18</size>
         <input_file_ref idref="fl-e1"/>
      </object_component>
      <object_component id="oc-28b">
         <name>.text:_sl_GetStartResponseConvert</name>
         <load_address>0x2000d188</load_address>
         <run_address>0x2000d188</run_address>
         <size>0x18</size>
         <input_file_ref idref="fl-14"/>
      </object_component>
      <object_component id="oc-17d">
         <name>.text:strcmp</name>
         <load_address>0x2000d1a0</load_address>
         <run_address>0x2000d1a0</run_address>
         <size>0x18</size>
         <input_file_ref idref="fl-f3"/>
      </object_component>
      <object_component id="oc-429">
         <name>.text:I2CMasterDataPut</name>
         <load_address>0x2000d1b8</load_address>
         <run_address>0x2000d1b8</run_address>
         <size>0x16</size>
         <input_file_ref idref="fl-1d"/>
      </object_component>
      <object_component id="oc-435">
         <name>.text:I2CMasterEnable</name>
         <load_address>0x2000d1ce</load_address>
         <run_address>0x2000d1ce</run_address>
         <size>0x16</size>
         <input_file_ref idref="fl-1d"/>
      </object_component>
      <object_component id="oc-405">
         <name>.text:I2CMasterIntClear</name>
         <load_address>0x2000d1e4</load_address>
         <run_address>0x2000d1e4</run_address>
         <size>0x16</size>
         <input_file_ref idref="fl-1d"/>
      </object_component>
      <object_component id="oc-331">
         <name>.text:PRCMHIBRegRead</name>
         <load_address>0x2000d1fa</load_address>
         <run_address>0x2000d1fa</run_address>
         <size>0x16</size>
         <input_file_ref idref="fl-20"/>
      </object_component>
      <object_component id="oc-337">
         <name>.text:PRCMHIBRegWrite</name>
         <load_address>0x2000d210</load_address>
         <run_address>0x2000d210</run_address>
         <size>0x16</size>
         <input_file_ref idref="fl-20"/>
      </object_component>
      <object_component id="oc-35d">
         <name>.text:WatchdogEnable</name>
         <load_address>0x2000d226</load_address>
         <run_address>0x2000d226</run_address>
         <size>0x16</size>
         <input_file_ref idref="fl-26"/>
      </object_component>
      <object_component id="oc-351">
         <name>.text:WatchdogIntRegister</name>
         <load_address>0x2000d23c</load_address>
         <run_address>0x2000d23c</run_address>
         <size>0x16</size>
         <input_file_ref idref="fl-26"/>
      </object_component>
      <object_component id="oc-4d3">
         <name>.text:_SlDrvMemZero</name>
         <load_address>0x2000d252</load_address>
         <run_address>0x2000d252</run_address>
         <size>0x16</size>
         <input_file_ref idref="fl-15"/>
      </object_component>
      <object_component id="oc-7ca">
         <name>.text:strchr</name>
         <load_address>0x2000d268</load_address>
         <run_address>0x2000d268</run_address>
         <size>0x16</size>
         <input_file_ref idref="fl-106"/>
      </object_component>
      <object_component id="oc-31b">
         <name>.text:CPUcpsie</name>
         <load_address>0x2000d27e</load_address>
         <run_address>0x2000d27e</run_address>
         <size>0x14</size>
         <input_file_ref idref="fl-27"/>
      </object_component>
      <object_component id="oc-123">
         <name>.text:IntVTableBaseSet</name>
         <load_address>0x2000d294</load_address>
         <run_address>0x2000d294</run_address>
         <size>0x14</size>
         <input_file_ref idref="fl-1e"/>
      </object_component>
      <object_component id="oc-16b">
         <name>.text:strlen</name>
         <load_address>0x2000d2a8</load_address>
         <run_address>0x2000d2a8</run_address>
         <size>0x14</size>
         <input_file_ref idref="fl-f4"/>
      </object_component>
      <object_component id="oc-411">
         <name>.text:I2CMasterControl</name>
         <load_address>0x2000d2bc</load_address>
         <run_address>0x2000d2bc</run_address>
         <size>0x12</size>
         <input_file_ref idref="fl-1d"/>
      </object_component>
      <object_component id="oc-40b">
         <name>.text:I2CMasterTimeoutSet</name>
         <load_address>0x2000d2ce</load_address>
         <run_address>0x2000d2ce</run_address>
         <size>0x12</size>
         <input_file_ref idref="fl-1d"/>
      </object_component>
      <object_component id="oc-369">
         <name>.text:WatchdogIntUnregister</name>
         <load_address>0x2000d2e0</load_address>
         <run_address>0x2000d2e0</run_address>
         <size>0x12</size>
         <input_file_ref idref="fl-26"/>
      </object_component>
      <object_component id="oc-357">
         <name>.text:WatchdogReloadSet</name>
         <load_address>0x2000d2f2</load_address>
         <run_address>0x2000d2f2</run_address>
         <size>0x12</size>
         <input_file_ref idref="fl-26"/>
      </object_component>
      <object_component id="oc-64b">
         <name>.text:wcslen</name>
         <load_address>0x2000d304</load_address>
         <run_address>0x2000d304</run_address>
         <size>0x12</size>
         <input_file_ref idref="fl-107"/>
      </object_component>
      <object_component id="oc-13b">
         <name>.text:WatchdogIntClear</name>
         <load_address>0x2000d316</load_address>
         <run_address>0x2000d316</run_address>
         <size>0x10</size>
         <input_file_ref idref="fl-26"/>
      </object_component>
      <object_component id="oc-935">
         <name>.text:_SlDrvDispatchHttpServerEvents</name>
         <load_address>0x2000d326</load_address>
         <run_address>0x2000d326</run_address>
         <size>0x10</size>
         <input_file_ref idref="fl-15"/>
      </object_component>
      <object_component id="oc-42f">
         <name>.text:I2CMasterDataGet</name>
         <load_address>0x2000d336</load_address>
         <run_address>0x2000d336</run_address>
         <size>0xe</size>
         <input_file_ref idref="fl-1d"/>
      </object_component>
      <object_component id="oc-2de">
         <name>.text:_SlDrvResetCmdExt</name>
         <load_address>0x2000d344</load_address>
         <run_address>0x2000d344</run_address>
         <size>0xe</size>
         <input_file_ref idref="fl-15"/>
      </object_component>
      <object_component id="oc-1b">
         <name>.text:decompress:none:__TI_decompress_none</name>
         <load_address>0x2000d352</load_address>
         <run_address>0x2000d352</run_address>
         <size>0xe</size>
         <input_file_ref idref="fl-ef"/>
      </object_component>
      <object_component id="oc-29">
         <name>.text</name>
         <load_address>0x2000d360</load_address>
         <run_address>0x2000d360</run_address>
         <size>0xe</size>
         <input_file_ref idref="fl-9"/>
      </object_component>
      <object_component id="oc-379">
         <name>.text:CPUwfi</name>
         <load_address>0x2000d36e</load_address>
         <run_address>0x2000d36e</run_address>
         <size>0xc</size>
         <input_file_ref idref="fl-27"/>
      </object_component>
      <object_component id="oc-558">
         <name>.text:NwpMaskInterrupt</name>
         <load_address>0x2000d37c</load_address>
         <run_address>0x2000d37c</run_address>
         <size>0xc</size>
         <input_file_ref idref="fl-1b"/>
      </object_component>
      <object_component id="oc-572">
         <name>.text:NwpUnMaskInterrupt</name>
         <load_address>0x2000d388</load_address>
         <run_address>0x2000d388</run_address>
         <size>0xc</size>
         <input_file_ref idref="fl-1b"/>
      </object_component>
      <object_component id="oc-7ee">
[...]
      </symbol>
      <symbol id="sm-bb9">
         <name>PRCMPeripheralClockGet</name>
         <value>0x2000acf5</value>
         <object_component_ref idref="oc-20f"/>
      </symbol>
      <symbol id="sm-bba">
         <name>PRCMCC3200MCUInit</name>
         <value>0x20008579</value>
         <object_component_ref idref="oc-135"/>
      </symbol>
      <symbol id="sm-bbb">
         <name>PRCMHIBRegWrite</name>
         <value>0x2000d211</value>
         <object_component_ref idref="oc-337"/>
      </symbol>
      <symbol id="sm-bbc">
         <name>PRCMSysResetCauseGet</name>
         <value>0x2000cae1</value>
         <object_component_ref idref="oc-32b"/>
      </symbol>
      <symbol id="sm-bbd">
         <name>PRCMSleepEnter</name>
         <value>0x2000d3b5</value>
         <object_component_ref idref="oc-14e"/>
      </symbol>
      <symbol id="sm-bbe">
         <name>PRCMPeripheralStatusGet</name>
         <value>0x2000c9bd</value>
         <object_component_ref idref="oc-502"/>
      </symbol>
      <symbol id="sm-bbf">
         <name>PRCMPeripheralClkDisable</name>
         <value>0x2000cbb9</value>
         <object_component_ref idref="oc-154"/>
      </symbol>
      <symbol id="sm-bc0">
         <name>PRCMHIBRegRead</name>
         <value>0x2000d1fb</value>
         <object_component_ref idref="oc-331"/>
      </symbol>
      <symbol id="sm-c7b">
         <name>SPIFIFODisable</name>
         <value>0x2000d033</value>
         <object_component_ref idref="oc-5d6"/>
      </symbol>
      <symbol id="sm-c7c">
         <name>SPICSEnable</name>
         <value>0x2000d0b1</value>
         <object_component_ref idref="oc-85c"/>
      </symbol>
      <symbol id="sm-c7d">
         <name>SPIDisable</name>
         <value>0x2000d0c9</value>
         <object_component_ref idref="oc-4f0"/>
      </symbol>
      <symbol id="sm-c7e">
         <name>SPIFIFOEnable</name>
         <value>0x2000d04d</value>
         <object_component_ref idref="oc-50e"/>
      </symbol>
      <symbol id="sm-c7f">
         <name>SPIWordCountSet</name>
         <value>0x2000cdc9</value>
         <object_component_ref idref="oc-862"/>
      </symbol>
      <symbol id="sm-c80">
         <name>SPIEnable</name>
         <value>0x2000d0e1</value>
         <object_component_ref idref="oc-52c"/>
      </symbol>
      <symbol id="sm-c81">
         <name>SPIDmaEnable</name>
         <value>0x2000d019</value>
         <object_component_ref idref="oc-514"/>
      </symbol>
      <symbol id="sm-c82">
         <name>SPIConfigSetExpClk</name>
         <value>0x2000a81d</value>
         <object_component_ref idref="oc-4fc"/>
      </symbol>
      <symbol id="sm-c83">
         <name>SPIIntUnregister</name>
         <value>0x2000d067</value>
         <object_component_ref idref="oc-5d0"/>
      </symbol>
      <symbol id="sm-c84">
         <name>SPIFIFOLevelSet</name>
         <value>0x2000c9f1</value>
         <object_component_ref idref="oc-51a"/>
      </symbol>
      <symbol id="sm-c85">
         <name>SPIDmaDisable</name>
         <value>0x2000cfff</value>
         <object_component_ref idref="oc-5dc"/>
      </symbol>
      <symbol id="sm-c86">
         <name>SPIReset</name>
         <value>0x2000cda7</value>
         <object_component_ref idref="oc-4f6"/>
      </symbol>
      <symbol id="sm-c87">
         <name>SPIIntEnable</name>
         <value>0x2000c1d1</value>
         <object_component_ref idref="oc-526"/>
      </symbol>
      <symbol id="sm-c88">
         <name>SPIIntClear</name>
         <value>0x2000c34d</value>
         <object_component_ref idref="oc-740"/>
      </symbol>
      <symbol id="sm-c89">
         <name>SPICSDisable</name>
         <value>0x2000d099</value>
         <object_component_ref idref="oc-4ea"/>
      </symbol>
      <symbol id="sm-cbc">
         <name>TimerLoadSet</name>
         <value>0x2000cb65</value>
         <object_component_ref idref="oc-901"/>
      </symbol>
      <symbol id="sm-cbd">
         <name>TimerEnable</name>
         <value>0x2000ceab</value>
         <object_component_ref idref="oc-907"/>
      </symbol>
      <symbol id="sm-cbe">
         <name>TimerValueGet</name>
         <value>0x2000cf05</value>
         <object_component_ref idref="oc-8a7"/>
      </symbol>
      <symbol id="sm-cbf">
         <name>TimerPrescaleSet</name>
         <value>0x2000cb8f</value>
         <object_component_ref idref="oc-8fb"/>
      </symbol>
      <symbol id="sm-cc0">
         <name>TimerConfigure</name>
         <value>0x2000c469</value>
         <object_component_ref idref="oc-8f5"/>
      </symbol>
      <symbol id="sm-cfc">
         <name>UARTConfigSetExpClk</name>
         <value>0x2000b789</value>
         <object_component_ref idref="oc-215"/>
      </symbol>
      <symbol id="sm-cfd">
         <name>UARTDisable</name>
         <value>0x2000ca25</value>
         <object_component_ref idref="oc-48b"/>
      </symbol>
      <symbol id="sm-cfe">
         <name>UARTCharsAvail</name>
         <value>0x2000d0f9</value>
         <object_component_ref idref="oc-227"/>
      </symbol>
      <symbol id="sm-cff">
         <name>UARTCharGetNonBlocking</name>
         <value>0x2000cf21</value>
         <object_component_ref idref="oc-22d"/>
      </symbol>
      <symbol id="sm-d00">
         <name>UARTCharPut</name>
         <value>0x2000cec9</value>
         <object_component_ref idref="oc-21b"/>
      </symbol>
      <symbol id="sm-d01">
         <name>UARTEnable</name>
         <value>0x2000cd3d</value>
         <object_component_ref idref="oc-491"/>
      </symbol>
      <symbol id="sm-d58">
         <name>uDMAChannelControlSet</name>
         <value>0x2000c86d</value>
         <object_component_ref idref="oc-965"/>
      </symbol>
      <symbol id="sm-d59">
         <name>uDMAChannelAttributeEnable</name>
         <value>0x2000bc91</value>
         <object_component_ref idref="oc-96b"/>
      </symbol>
      <symbol id="sm-d5a">
         <name>uDMAChannelTransferSet</name>
         <value>0x20009a91</value>
         <object_component_ref idref="oc-971"/>
      </symbol>
      <symbol id="sm-d5b">
         <name>uDMAChannelAssign</name>
         <value>0x2000c301</value>
         <object_component_ref idref="oc-71e"/>
      </symbol>
      <symbol id="sm-d5c">
         <name>uDMAChannelAttributeDisable</name>
         <value>0x2000bc2d</value>
         <object_component_ref idref="oc-724"/>
      </symbol>
      <symbol id="sm-d5d">
         <name>uDMAChannelEnable</name>
         <value>0x2000cfc9</value>
         <object_component_ref idref="oc-977"/>
      </symbol>
      <symbol id="sm-d61">
         <name>UtilsDelay</name>
         <value>0x2000d3cd</value>
         <object_component_ref idref="oc-14d"/>
      </symbol>
      <symbol id="sm-da0">
         <name>WatchdogIntClear</name>
         <value>0x2000d317</value>
         <object_component_ref idref="oc-13b"/>
      </symbol>
      <symbol id="sm-da1">
         <name>WatchdogUnlock</name>
         <value>0x2000d129</value>
         <object_component_ref idref="oc-345"/>
      </symbol>
      <symbol id="sm-da2">
         <name>WatchdogStallDisable</name>
         <value>0x2000d111</value>
         <object_component_ref idref="oc-363"/>
      </symbol>
      <symbol id="sm-da3">
         <name>WatchdogReloadSet</name>
         <value>0x2000d2f3</value>
         <object_component_ref idref="oc-357"/>
      </symbol>
      <symbol id="sm-da4">
         <name>WatchdogEnable</name>
         <value>0x2000d227</value>
         <object_component_ref idref="oc-35d"/>
      </symbol>
      <symbol id="sm-da5">
         <name>WatchdogIntRegister</name>
         <value>0x2000d23d</value>
         <object_component_ref idref="oc-351"/>
      </symbol>
      <symbol id="sm-da6">
         <name>WatchdogIntUnregister</name>
         <value>0x2000d2e1</value>
         <object_component_ref idref="oc-369"/>
      </symbol>
      <symbol id="sm-db8">
         <name>CPUcpsie</name>
         <value>0x2000d27f</value>
         <object_component_ref idref="oc-31b"/>
      </symbol>
      <symbol id="sm-db9">
         <name>CPUwfi</name>
         <value>0x2000d36f</value>
         <object_component_ref idref="oc-379"/>
      </symbol>
      <symbol id="sm-e52">
         <name>pow</name>
         <value>0x20005c31</value>
         <object_component_ref idref="oc-3bf"/>
      </symbol>
      <symbol id="sm-e53">
         <name>powl</name>
         <value>0x20005c31</value>
         <object_component_ref idref="oc-3bf"/>
      </symbol>
      <symbol id="sm-e75">
         <name>sqrtl</name>
         <value>0x20008861</value>
         <object_component_ref idref="oc-680"/>
      </symbol>
      <symbol id="sm-e76">
         <name>sqrt</name>
         <value>0x20008861</value>
         <object_component_ref idref="oc-680"/>
      </symbol>
      <symbol id="sm-e9e">
         <name>scalbn</name>
         <value>0x2000a0d9</value>
         <object_component_ref idref="oc-68e"/>
      </symbol>
      <symbol id="sm-e9f">
         <name>scalbnl</name>
         <value>0x2000a0d9</value>
         <object_component_ref idref="oc-68e"/>
      </symbol>
      <symbol id="sm-ea0">
         <name>ldexpl</name>
         <value>0x2000a0d9</value>
         <object_component_ref idref="oc-68e"/>
      </symbol>
      <symbol id="sm-ea1">
         <name>ldexp</name>
         <value>0x2000a0d9</value>
         <object_component_ref idref="oc-68e"/>
      </symbol>
      <symbol id="sm-ec8">
         <name>sprintf</name>
         <value>0x2000c6bd</value>
         <object_component_ref idref="oc-165"/>
      </symbol>
      <symbol id="sm-ef2">
         <name>vsnprintf</name>
         <value>0x2000c6fd</value>
         <object_component_ref idref="oc-221"/>
      </symbol>
      <symbol id="sm-f09">
         <name>__aeabi_dsub</name>
         <value>0x20007ee1</value>
         <object_component_ref idref="oc-3b5"/>
      </symbol>
      <symbol id="sm-f0a">
         <name>__aeabi_dadd</name>
         <value>0x20007eeb</value>
         <object_component_ref idref="oc-3b5"/>
      </symbol>
      <symbol id="sm-f2c">
         <name>__aeabi_cdcmpeq</name>
         <value>0x2000b27d</value>
         <object_component_ref idref="oc-628"/>
      </symbol>
      <symbol id="sm-f2d">
         <name>__aeabi_cdcmple</name>
         <value>0x2000b27d</value>
         <object_component_ref idref="oc-628"/>
      </symbol>
      <symbol id="sm-f2e">
         <name>__aeabi_cdrcmple</name>
         <value>0x2000b303</value>
         <object_component_ref idref="oc-689"/>
      </symbol>
      <symbol id="sm-f42">
         <name>__aeabi_ddiv</name>
         <value>0x20008ed5</value>
         <object_component_ref idref="oc-3c5"/>
      </symbol>
      <symbol id="sm-f4d">
         <name>__aeabi_dmul</name>
         <value>0x200096c5</value>
         <object_component_ref idref="oc-3ba"/>
      </symbol>
      <symbol id="sm-f59">
         <name>__aeabi_d2f</name>
         <value>0x2000b953</value>
         <object_component_ref idref="oc-3cf"/>
      </symbol>
      <symbol id="sm-f64">
         <name>__aeabi_f2d</name>
         <value>0x2000c8e1</value>
         <object_component_ref idref="oc-189"/>
      </symbol>
      <symbol id="sm-f6e">
         <name>__aeabi_f2iz</name>
         <value>0x2000c919</value>
         <object_component_ref idref="oc-15a"/>
      </symbol>
      <symbol id="sm-f78">
         <name>__aeabi_i2d</name>
         <value>0x2000ca85</value>
         <object_component_ref idref="oc-3ca"/>
      </symbol>
      <symbol id="sm-f93">
         <name>memcpy</name>
         <value>0x2000a95d</value>
         <object_component_ref idref="oc-3d"/>
      </symbol>
      <symbol id="sm-f94">
         <name>__aeabi_memcpy</name>
         <value>0x2000a95d</value>
         <object_component_ref idref="oc-3d"/>
      </symbol>
      <symbol id="sm-f95">
         <name>__aeabi_memcpy8</name>
         <value>0x2000a95d</value>
         <object_component_ref idref="oc-3d"/>
      </symbol>
      <symbol id="sm-f96">
         <name>__aeabi_memcpy4</name>
         <value>0x2000a95d</value>
         <object_component_ref idref="oc-3d"/>
      </symbol>
      <symbol id="sm-fa5">
         <name>__aeabi_memset</name>
         <value>0x2000b697</value>
         <object_component_ref idref="oc-8b"/>
      </symbol>
      <symbol id="sm-fa6">
         <name>memset</name>
         <value>0x2000b69d</value>
         <object_component_ref idref="oc-8b"/>
      </symbol>
      <symbol id="sm-fa7">
         <name>__aeabi_memset8</name>
         <value>0x2000b697</value>
         <object_component_ref idref="oc-8b"/>
      </symbol>
      <symbol id="sm-fa8">
         <name>__aeabi_memset4</name>
         <value>0x2000b697</value>
         <object_component_ref idref="oc-8b"/>
      </symbol>
      <symbol id="sm-fa9">
         <name>__aeabi_memclr8</name>
         <value>0x2000b695</value>
         <object_component_ref idref="oc-8b"/>
      </symbol>
      <symbol id="sm-faa">
         <name>__aeabi_memclr4</name>
         <value>0x2000b695</value>
         <object_component_ref idref="oc-8b"/>
      </symbol>
      <symbol id="sm-fab">
         <name>__aeabi_memclr</name>
         <value>0x2000b695</value>
         <object_component_ref idref="oc-8b"/>
      </symbol>
      <symbol id="sm-fb8">
         <name>__aeabi_uldivmod</name>
         <value>0x2000ac5d</value>
         <object_component_ref idref="oc-797"/>
      </symbol>
      <symbol id="sm-fcc">
         <name>__TI_zero_init_nomemset</name>
         <value>0x2000cf59</value>
         <object_component_ref idref="oc-49"/>
      </symbol>
      <symbol id="sm-fe3">
         <name>__TI_decompress_none</name>
         <value>0x2000d353</value>
         <object_component_ref idref="oc-1b"/>
      </symbol>
      <symbol id="sm-1006">
         <name>__TI_decompress_lzss</name>
         <value>0x2000ba99</value>
         <object_component_ref idref="oc-15"/>
      </symbol>
      <symbol id="sm-1017">
         <name>memmove</name>
         <value>0x2000cc81</value>
         <object_component_ref idref="oc-233"/>
      </symbol>
      <symbol id="sm-10b5">
         <name>_sys_memory</name>
         <value>0x20017000</value>
         <object_component_ref idref="oc-23"/>
      </symbol>
      <symbol id="sm-10b6">
         <name>free</name>
         <value>0x20009d51</value>
         <object_component_ref idref="oc-23f"/>
      </symbol>
      <symbol id="sm-10b7">
         <name>realloc</name>
         <value>0x20009e35</value>
         <object_component_ref idref="oc-239"/>
      </symbol>
      <symbol id="sm-10b8">
         <name>memalign</name>
         <value>0x200095c5</value>
         <object_component_ref idref="oc-382"/>
      </symbol>
      <symbol id="sm-10b9">
         <name>malloc</name>
         <value>0x2000d3c5</value>
         <object_component_ref idref="oc-15f"/>
      </symbol>
      <symbol id="sm-10ba">
         <name>aligned_alloc</name>
         <value>0x200095c5</value>
         <object_component_ref idref="oc-382"/>
      </symbol>
      <symbol id="sm-10c9">
         <name>strcmp</name>
         <value>0x2000d1a1</value>
         <object_component_ref idref="oc-17d"/>
      </symbol>
      <symbol id="sm-10d7">
         <name>strlen</name>
         <value>0x2000d2a9</value>
         <object_component_ref idref="oc-16b"/>
      </symbol>
      <symbol id="sm-10fb">
         <name>strtol</name>
         <value>0x20009271</value>
         <object_component_ref idref="oc-18e"/>
      </symbol>
      <symbol id="sm-110d">
         <name>__stack</name>
         <value>0x2002eb00</value>
         <object_component_ref idref="oc-26"/>
      </symbol>
      <symbol id="sm-110e">
         <name>_c_int00_noargs</name>
         <value>0x2000cd61</value>
         <object_component_ref idref="oc-5b"/>
      </symbol>
      <symbol id="sm-1124">
         <name>__aeabi_errno_addr</name>
         <value>0x2000d3bd</value>
         <object_component_ref idref="oc-3d7"/>
      </symbol>
      <symbol id="sm-1125">
         <name>errno</name>
         <value>0x2001f784</value>
         <object_component_ref idref="oc-6a1"/>
      </symbol>
      <symbol id="sm-112f">
         <name>copysign</name>
         <value>0x2000d395</value>
         <object_component_ref idref="oc-7ee"/>
      </symbol>
      <symbol id="sm-1130">
         <name>copysignl</name>
         <value>0x2000d395</value>
         <object_component_ref idref="oc-7ee"/>
      </symbol>
      <symbol id="sm-1295">
         <name>__TI_printfi</name>
         <value>0x200051e1</value>
         <object_component_ref idref="oc-389"/>
      </symbol>
      <symbol id="sm-129f">
         <name>__aeabi_idiv0</name>
         <value>0x2000900b</value>
         <object_component_ref idref="oc-877"/>
      </symbol>
      <symbol id="sm-12a0">
         <name>__aeabi_ldiv0</name>
         <value>0x2000900b</value>
         <object_component_ref idref="oc-877"/>
      </symbol>
      <symbol id="sm-12aa">
         <name>__aeabi_d2iz</name>
         <value>0x2000c3dd</value>
         <object_component_ref idref="oc-79e"/>
      </symbol>
      <symbol id="sm-12d2">
         <name>__TI_auto_init_nobinit_nopinit</name>
         <value>0x2000c535</value>
         <object_component_ref idref="oc-1dd"/>
      </symbol>
      <symbol id="sm-12dc">
         <name>_system_pre_init</name>
         <value>0x2000d3d3</value>
         <object_component_ref idref="oc-91"/>
      </symbol>
      <symbol id="sm-12e8">
         <name>C$$EXIT</name>
         <value>0x2000d3d7</value>
         <object_component_ref idref="oc-1d1"/>
      </symbol>
      <symbol id="sm-12e9">
         <name>abort</name>
         <value>0x2000d3d7</value>
         <object_component_ref idref="oc-1d1"/>
      </symbol>
      <symbol id="sm-12fe">
         <name>_nop</name>
         <value>0x20008097</value>
         <object_component_ref idref="oc-6db"/>
      </symbol>
      <symbol id="sm-12ff">
         <name>_lock</name>
         <value>0x2001f774</value>
         <object_component_ref idref="oc-46e"/>
      </symbol>
      <symbol id="sm-1300">
         <name>_unlock</name>
         <value>0x2001f778</value>
         <object_component_ref idref="oc-46e"/>
      </symbol>
      <symbol id="sm-130f">
         <name>__TI_ltoa</name>
         <value>0x2000c085</value>
         <object_component_ref idref="oc-7a3"/>
      </symbol>
      <symbol id="sm-1326">
         <name>atoi</name>
         <value>0x2000c2b5</value>
         <object_component_ref idref="oc-61c"/>
      </symbol>
      <symbol id="sm-1331">
         <name>_ctypes_</name>
         <value>0x2000d3e0</value>
         <object_component_ref idref="oc-3dd"/>
      </symbol>
      <symbol id="sm-1341">
         <name>memccpy</name>
         <value>0x2000cf91</value>
         <object_component_ref idref="oc-645"/>
      </symbol>
      <symbol id="sm-1351">
         <name>strchr</name>
         <value>0x2000d269</value>
         <object_component_ref idref="oc-7ca"/>
      </symbol>
      <symbol id="sm-136a">
         <name>wcslen</name>
         <value>0x2000d305</value>
         <object_component_ref idref="oc-64b"/>
      </symbol>
      <symbol id="sm-1380">
         <name>frexpl</name>
         <value>0x2000be79</value>
         <object_component_ref idref="oc-7c4"/>
      </symbol>
      <symbol id="sm-1381">
         <name>frexp</name>
         <value>0x2000be79</value>
         <object_component_ref idref="oc-7c4"/>
      </symbol>
      <symbol id="sm-1382">
         <name>__TI_static_base__</name>
         <value>0x2000d9b8</value>
      </symbol>
      <symbol id="sm-1385">
         <name>__mpu_init</name>
         <value>0x0</value>
      </symbol>
      <symbol id="sm-1386">
         <name>_system_post_cinit</name>
         <value>0x0</value>
      </symbol>
   </symbol_table>
   <title>Link successful</title>
</link_info>
