<?xml version="1.0" encoding="ISO-8859-1" ?>
<link_info>
   <banner>TI ARM Linker PC v20.2.7.LTS</banner>
   <copyright>Copyright (c) 1996-2018 Texas Instruments Incorporated</copyright>
   <link_time>0x6447de81</link_time>
   <link_errors>0x0</link_errors>
   <output_file>transceiver_mode.out</output_file>
   <entry_point>
      <name>_c_int00_noargs</name>
      <address>0x2000ca09</address>
   </entry_point>
   <input_file_list>
      <input_file id="fl-2">
         <path>.\</path>
         <kind>object</kind>
         <file>device_status.obj</file>
         <name>device_status.obj</name>
      </input_file>
      <input_file id="fl-3">
         <path>.\</path>
         <kind>object</kind>
         <file>gpio_if.obj</file>
         <name>gpio_if.obj</name>
      </input_file>
      <input_file id="fl-4">
         <path>.\</path>
         <kind>object</kind>
         <file>i2c_if.obj</file>
         <name>i2c_if.obj</name>
      </input_file>
      <input_file id="fl-5">
         <path>.\</path>
         <kind>object</kind>
         <file>main.obj</file>
         <name>main.obj</name>
      </input_file>
      <input_file id="fl-6">
         <path>.\</path>
         <kind>object</kind>
         <file>network_common.obj</file>
         <name>network_common.obj</name>
      </input_file>
      <input_file id="fl-7">
         <path>.\</path>
         <kind>object</kind>
         <file>pinmux.obj</file>
         <name>pinmux.obj</name>
      </input_file>
      <input_file id="fl-8">
         <path>.\</path>
         <kind>object</kind>
         <file>smartconfig.obj</file>
         <name>smartconfig.obj</name>
      </input_file>
      <input_file id="fl-9">
         <path>.\</path>
         <kind>object</kind>
         <file>startup_ccs.obj</file>
         <name>startup_ccs.obj</name>
      </input_file>
      <input_file id="fl-a">
         <path>.\</path>
         <kind>object</kind>
         <file>timer_if.obj</file>
         <name>timer_if.obj</name>
      </input_file>
      <input_file id="fl-b">
         <path>.\</path>
         <kind>object</kind>
         <file>tmp006drv.obj</file>
         <name>tmp006drv.obj</name>
      </input_file>
      <input_file id="fl-c">
         <path>.\</path>
         <kind>object</kind>
         <file>uart_if.obj</file>
         <name>uart_if.obj</name>
      </input_file>
      <input_file id="fl-d">
         <path>.\</path>
         <kind>object</kind>
         <file>wdt_if.obj</file>
         <name>wdt_if.obj</name>
      </input_file>
      <input_file id="fl-13">
         <kind>object</kind>
         <file>&lt;internal&gt;</file>
         <name>&lt;internal&gt;</name>
      </input_file>
      <input_file id="fl-14">
         <path>C:\TI\CC3200SDK_1.5.0\cc3200-sdk\simplelink\ccs\NON_OS_debug\</path>
         <kind>archive</kind>
         <file>simplelink.a</file>
         <name>device.obj</name>
      </input_file>
      <input_file id="fl-15">
         <path>C:\TI\CC3200SDK_1.5.0\cc3200-sdk\simplelink\ccs\NON_OS_debug\</path>
         <kind>archive</kind>
         <file>simplelink.a</file>
         <name>driver.obj</name>
      </input_file>
      <input_file id="fl-16">
         <path>C:\TI\CC3200SDK_1.5.0\cc3200-sdk\simplelink\ccs\NON_OS_debug\</path>
         <kind>archive</kind>
         <file>simplelink.a</file>
         <name>netapp.obj</name>
      </input_file>
      <input_file id="fl-17">
         <path>C:\TI\CC3200SDK_1.5.0\cc3200-sdk\simplelink\ccs\NON_OS_debug\</path>
         <kind>archive</kind>
         <file>simplelink.a</file>
         <name>netcfg.obj</name>
      </input_file>
      <input_file id="fl-18">
         <path>C:\TI\CC3200SDK_1.5.0\cc3200-sdk\simplelink\ccs\NON_OS_debug\</path>
         <kind>archive</kind>
         <file>simplelink.a</file>
         <name>nonos.obj</name>
      </input_file>
      <input_file id="fl-19">
         <path>C:\TI\CC3200SDK_1.5.0\cc3200-sdk\simplelink\ccs\NON_OS_debug\</path>
         <kind>archive</kind>
         <file>simplelink.a</file>
         <name>socket.obj</name>
      </input_file>
      <input_file id="fl-1a">
         <path>C:\TI\CC3200SDK_1.5.0\cc3200-sdk\simplelink\ccs\NON_OS_debug\</path>
         <kind>archive</kind>
         <file>simplelink.a</file>
         <name>wlan.obj</name>
      </input_file>
      <input_file id="fl-1b">
         <path>C:\TI\CC3200SDK_1.5.0\cc3200-sdk\simplelink\ccs\NON_OS_debug\</path>
         <kind>archive</kind>
         <file>simplelink.a</file>
         <name>cc_pal.obj</name>
      </input_file>
      <input_file id="fl-1c">
         <path>C:\TI\CC3200SDK_1.5.0\cc3200-sdk\driverlib\ccs\Release\</path>
         <kind>archive</kind>
         <file>driverlib.a</file>
         <name>gpio.obj</name>
      </input_file>
      <input_file id="fl-1d">
         <path>C:\TI\CC3200SDK_1.5.0\cc3200-sdk\driverlib\ccs\Release\</path>
         <kind>archive</kind>
         <file>driverlib.a</file>
         <name>i2c.obj</name>
      </input_file>
      <input_file id="fl-1e">
         <path>C:\TI\CC3200SDK_1.5.0\cc3200-sdk\driverlib\ccs\Release\</path>
         <kind>archive</kind>
         <file>driverlib.a</file>
         <name>interrupt.obj</name>
      </input_file>
      <input_file id="fl-1f">
         <path>C:\TI\CC3200SDK_1.5.0\cc3200-sdk\driverlib\ccs\Release\</path>
         <kind>archive</kind>
         <file>driverlib.a</file>
         <name>pin.obj</name>
      </input_file>
      <input_file id="fl-20">
         <path>C:\TI\CC3200SDK_1.5.0\cc3200-sdk\driverlib\ccs\Release\</path>
         <kind>archive</kind>
         <file>driverlib.a</file>
         <name>prcm.obj</name>
      </input_file>
      <input_file id="fl-21">
         <path>C:\TI\CC3200SDK_1.5.0\cc3200-sdk\driverlib\ccs\Release\</path>
         <kind>archive</kind>
         <file>driverlib.a</file>
         <name>spi.obj</name>
      </input_file>
      <input_file id="fl-22">
         <path>C:\TI\CC3200SDK_1.5.0\cc3200-sdk\driverlib\ccs\Release\</path>
         <kind>archive</kind>
         <file>driverlib.a</file>
         <name>timer.obj</name>
      </input_file>
      <input_file id="fl-23">
         <path>C:\TI\CC3200SDK_1.5.0\cc3200-sdk\driverlib\ccs\Release\</path>
         <kind>archive</kind>
         <file>driverlib.a</file>
         <name>uart.obj</name>
      </input_file>
      <input_file id="fl-24">
         <path>C:\TI\CC3200SDK_1.5.0\cc3200-sdk\driverlib\ccs\Release\</path>
         <kind>archive</kind>
         <file>driverlib.a</file>
         <name>udma.obj</name>
      </input_file>
      <input_file id="fl-25">
         <path>C:\TI\CC3200SDK_1.5.0\cc3200-sdk\driverlib\ccs\Release\</path>
         <kind>archive</kind>
         <file>driverlib.a</file>
         <name>utils.obj</name>
      </input_file>
      <input_file id="fl-26">
         <path>C:\TI\CC3200SDK_1.5.0\cc3200-sdk\driverlib\ccs\Release\</path>
         <kind>archive</kind>
         <file>driverlib.a</file>
         <name>wdt.obj</name>
      </input_file>
      <input_file id="fl-27">
         <path>C:\TI\CC3200SDK_1.5.0\cc3200-sdk\driverlib\ccs\Release\</path>
         <kind>archive</kind>
         <file>driverlib.a</file>
         <name>cpu.obj</name>
      </input_file>
      <input_file id="fl-28">
         <path>C:\TI\CC3200SDK_1.5.0\cc3200-sdk\driverlib\ccs\Release\</path>
         <kind>archive</kind>
         <file>driverlib.a</file>
         <name>flash.obj</name>
      </input_file>
      <input_file id="fl-de">
         <path>C:\TI\ccs1230\ccs\tools\compiler\ti-cgt-arm_20.2.7.LTS\lib\</path>
         <kind>archive</kind>
         <file>rtsv7M4_T_le_eabi.lib</file>
         <name>e_pow.c.obj</name>
      </input_file>
      <input_file id="fl-df">
         <path>C:\TI\ccs1230\ccs\tools\compiler\ti-cgt-arm_20.2.7.LTS\lib\</path>
         <kind>archive</kind>
         <file>rtsv7M4_T_le_eabi.lib</file>
         <name>e_sqrt.c.obj</name>
      </input_file>
      <input_file id="fl-e0">
         <path>C:\TI\ccs1230\ccs\tools\compiler\ti-cgt-arm_20.2.7.LTS\lib\</path>
         <kind>archive</kind>
         <file>rtsv7M4_T_le_eabi.lib</file>
         <name>s_scalbn.c.obj</name>
      </input_file>
      <input_file id="fl-e1">
         <path>C:\TI\ccs1230\ccs\tools\compiler\ti-cgt-arm_20.2.7.LTS\lib\</path>
         <kind>archive</kind>
         <file>rtsv7M4_T_le_eabi.lib</file>
         <name>sprintf.c.obj</name>
      </input_file>
      <input_file id="fl-e2">
         <path>C:\TI\ccs1230\ccs\tools\compiler\ti-cgt-arm_20.2.7.LTS\lib\</path>
         <kind>archive</kind>
         <file>rtsv7M4_T_le_eabi.lib</file>
         <name>vsnprintf.c.obj</name>
      </input_file>
      <input_file id="fl-e3">
         <path>C:\TI\ccs1230\ccs\tools\compiler\ti-cgt-arm_20.2.7.LTS\lib\</path>
         <kind>archive</kind>
         <file>rtsv7M4_T_le_eabi.lib</file>
         <name>fd_add_t2.asm.obj</name>
      </input_file>
      <input_file id="fl-e4">
         <path>C:\TI\ccs1230\ccs\tools\compiler\ti-cgt-arm_20.2.7.LTS\lib\</path>
         <kind>archive</kind>
         <file>rtsv7M4_T_le_eabi.lib</file>
         <name>fd_cmp_t2.asm.obj</name>
      </input_file>
      <input_file id="fl-e5">
         <path>C:\TI\ccs1230\ccs\tools\compiler\ti-cgt-arm_20.2.7.LTS\lib\</path>
         <kind>archive</kind>
         <file>rtsv7M4_T_le_eabi.lib</file>
         <name>fd_div_t2.asm.obj</name>
      </input_file>
      <input_file id="fl-e6">
         <path>C:\TI\ccs1230\ccs\tools\compiler\ti-cgt-arm_20.2.7.LTS\lib\</path>
         <kind>archive</kind>
         <file>rtsv7M4_T_le_eabi.lib</file>
         <name>fd_mul_t2.asm.obj</name>
      </input_file>
      <input_file id="fl-e7">
         <path>C:\TI\ccs1230\ccs\tools\compiler\ti-cgt-arm_20.2.7.LTS\lib\</path>
         <kind>archive</kind>
         <file>rtsv7M4_T_le_eabi.lib</file>
         <name>fd_tos_t2.asm.obj</name>
      </input_file>
      <input_file id="fl-e8">
         <path>C:\TI\ccs1230\ccs\tools\compiler\ti-cgt-arm_20.2.7.LTS\lib\</path>
         <kind>archive</kind>
         <file>rtsv7M4_T_le_eabi.lib</file>
         <name>fs_tod_t2.asm.obj</name>
      </input_file>
      <input_file id="fl-e9">
         <path>C:\TI\ccs1230\ccs\tools\compiler\ti-cgt-arm_20.2.7.LTS\lib\</path>
         <kind>archive</kind>
         <file>rtsv7M4_T_le_eabi.lib</file>
         <name>fs_toi_t2.asm.obj</name>
      </input_file>
      <input_file id="fl-ea">
         <path>C:\TI\ccs1230\ccs\tools\compiler\ti-cgt-arm_20.2.7.LTS\lib\</path>
         <kind>archive</kind>
         <file>rtsv7M4_T_le_eabi.lib</file>
         <name>i_tofd_t2.asm.obj</name>
      </input_file>
      <input_file id="fl-eb">
         <path>C:\TI\ccs1230\ccs\tools\compiler\ti-cgt-arm_20.2.7.LTS\lib\</path>
         <kind>archive</kind>
         <file>rtsv7M4_T_le_eabi.lib</file>
         <name>memcpy_t2.asm.obj</name>
      </input_file>
      <input_file id="fl-ec">
         <path>C:\TI\ccs1230\ccs\tools\compiler\ti-cgt-arm_20.2.7.LTS\lib\</path>
         <kind>archive</kind>
         <file>rtsv7M4_T_le_eabi.lib</file>
         <name>memset_t2.asm.obj</name>
      </input_file>
      <input_file id="fl-ed">
         <path>C:\TI\ccs1230\ccs\tools\compiler\ti-cgt-arm_20.2.7.LTS\lib\</path>
         <kind>archive</kind>
         <file>rtsv7M4_T_le_eabi.lib</file>
         <name>ull_div_t2.asm.obj</name>
      </input_file>
      <input_file id="fl-ee">
         <path>C:\TI\ccs1230\ccs\tools\compiler\ti-cgt-arm_20.2.7.LTS\lib\</path>
         <kind>archive</kind>
         <file>rtsv7M4_T_le_eabi.lib</file>
         <name>copy_zero_init.c.obj</name>
      </input_file>
      <input_file id="fl-ef">
         <path>C:\TI\ccs1230\ccs\tools\compiler\ti-cgt-arm_20.2.7.LTS\lib\</path>
         <kind>archive</kind>
         <file>rtsv7M4_T_le_eabi.lib</file>
         <name>copy_decompress_none.c.obj</name>
      </input_file>
      <input_file id="fl-f0">
         <path>C:\TI\ccs1230\ccs\tools\compiler\ti-cgt-arm_20.2.7.LTS\lib\</path>
         <kind>archive</kind>
         <file>rtsv7M4_T_le_eabi.lib</file>
         <name>copy_decompress_lzss.c.obj</name>
      </input_file>
      <input_file id="fl-f1">
         <path>C:\TI\ccs1230\ccs\tools\compiler\ti-cgt-arm_20.2.7.LTS\lib\</path>
         <kind>archive</kind>
         <file>rtsv7M4_T_le_eabi.lib</file>
         <name>memmov.c.obj</name>
      </input_file>
      <input_file id="fl-f2">
         <path>C:\TI\ccs1230\ccs\tools\compiler\ti-cgt-arm_20.2.7.LTS\lib\</path>
         <kind>archive</kind>
         <file>rtsv7M4_T_le_eabi.lib</file>
         <name>memory.c.obj</name>
      </input_file>
      <input_file id="fl-f3">
         <path>C:\TI\ccs1230\ccs\tools\compiler\ti-cgt-arm_20.2.7.LTS\lib\</path>
         <kind>archive</kind>
         <file>rtsv7M4_T_le_eabi.lib</file>
         <name>strlen.c.obj</name>
      </input_file>
      <input_file id="fl-f4">
         <path>C:\TI\ccs1230\ccs\tools\compiler\ti-cgt-arm_20.2.7.LTS\lib\</path>
         <kind>archive</kind>
         <file>rtsv7M4_T_le_eabi.lib</file>
         <name>strtol.c.obj</name>
      </input_file>
      <input_file id="fl-f5">
         <path>C:\TI\ccs1230\ccs\tools\compiler\ti-cgt-arm_20.2.7.LTS\lib\</path>
         <kind>archive</kind>
         <file>rtsv7M4_T_le_eabi.lib</file>
         <name>boot_cortex_m.c.obj</name>
      </input_file>
      <input_file id="fl-f6">
         <path>C:\TI\ccs1230\ccs\tools\compiler\ti-cgt-arm_20.2.7.LTS\lib\</path>
         <kind>archive</kind>
         <file>rtsv7M4_T_le_eabi.lib</file>
         <name>errno.c.obj</name>
      </input_file>
      <input_file id="fl-f7">
         <path>C:\TI\ccs1230\ccs\tools\compiler\ti-cgt-arm_20.2.7.LTS\lib\</path>
         <kind>archive</kind>
         <file>rtsv7M4_T_le_eabi.lib</file>
         <name>s_copysign.c.obj</name>
      </input_file>
      <input_file id="fl-f8">
         <path>C:\TI\ccs1230\ccs\tools\compiler\ti-cgt-arm_20.2.7.LTS\lib\</path>
         <kind>archive</kind>
         <file>rtsv7M4_T_le_eabi.lib</file>
         <name>_printfi.c.obj</name>
      </input_file>
      <input_file id="fl-f9">
         <path>C:\TI\ccs1230\ccs\tools\compiler\ti-cgt-arm_20.2.7.LTS\lib\</path>
         <kind>archive</kind>
         <file>rtsv7M4_T_le_eabi.lib</file>
         <name>div0.asm.obj</name>
      </input_file>
      <input_file id="fl-fa">
         <path>C:\TI\ccs1230\ccs\tools\compiler\ti-cgt-arm_20.2.7.LTS\lib\</path>
         <kind>archive</kind>
         <file>rtsv7M4_T_le_eabi.lib</file>
         <name>fd_toi_t2.asm.obj</name>
      </input_file>
      <input_file id="fl-fb">
         <path>C:\TI\ccs1230\ccs\tools\compiler\ti-cgt-arm_20.2.7.LTS\lib\</path>
         <kind>archive</kind>
         <file>rtsv7M4_T_le_eabi.lib</file>
         <name>autoinit.c.obj</name>
      </input_file>
      <input_file id="fl-fc">
         <path>C:\TI\ccs1230\ccs\tools\compiler\ti-cgt-arm_20.2.7.LTS\lib\</path>
         <kind>archive</kind>
         <file>rtsv7M4_T_le_eabi.lib</file>
         <name>pre_init.c.obj</name>
      </input_file>
      <input_file id="fl-fd">
         <path>C:\TI\ccs1230\ccs\tools\compiler\ti-cgt-arm_20.2.7.LTS\lib\</path>
         <kind>archive</kind>
         <file>rtsv7M4_T_le_eabi.lib</file>
         <name>cpy_tbl.c.obj</name>
      </input_file>
      <input_file id="fl-fe">
         <path>C:\TI\ccs1230\ccs\tools\compiler\ti-cgt-arm_20.2.7.LTS\lib\</path>
         <kind>archive</kind>
         <file>rtsv7M4_T_le_eabi.lib</file>
         <name>exit.c.obj</name>
      </input_file>
      <input_file id="fl-ff">
         <path>C:\TI\ccs1230\ccs\tools\compiler\ti-cgt-arm_20.2.7.LTS\lib\</path>
         <kind>archive</kind>
         <file>rtsv7M4_T_le_eabi.lib</file>
         <name>_lock.c.obj</name>
      </input_file>
      <input_file id="fl-100">
         <path>C:\TI\ccs1230\ccs\tools\compiler\ti-cgt-arm_20.2.7.LTS\lib\</path>
         <kind>archive</kind>
         <file>rtsv7M4_T_le_eabi.lib</file>
         <name>_ltoa.c.obj</name>
      </input_file>
      <input_file id="fl-101">
         <path>C:\TI\ccs1230\ccs\tools\compiler\ti-cgt-arm_20.2.7.LTS\lib\</path>
         <kind>archive</kind>
         <file>rtsv7M4_T_le_eabi.lib</file>
         <name>args_main.c.obj</name>
      </input_file>
      <input_file id="fl-102">
         <path>C:\TI\ccs1230\ccs\tools\compiler\ti-cgt-arm_20.2.7.LTS\lib\</path>
         <kind>archive</kind>
         <file>rtsv7M4_T_le_eabi.lib</file>
         <name>atoi.c.obj</name>
      </input_file>
      <input_file id="fl-103">
         <path>C:\TI\ccs1230\ccs\tools\compiler\ti-cgt-arm_20.2.7.LTS\lib\</path>
         <kind>archive</kind>
         <file>rtsv7M4_T_le_eabi.lib</file>
         <name>ctype.c.obj</name>
      </input_file>
      <input_file id="fl-104">
         <path>C:\TI\ccs1230\ccs\tools\compiler\ti-cgt-arm_20.2.7.LTS\lib\</path>
         <kind>archive</kind>
         <file>rtsv7M4_T_le_eabi.lib</file>
         <name>memccpy.c.obj</name>
      </input_file>
      <input_file id="fl-105">
         <path>C:\TI\ccs1230\ccs\tools\compiler\ti-cgt-arm_20.2.7.LTS\lib\</path>
         <kind>archive</kind>
         <file>rtsv7M4_T_le_eabi.lib</file>
         <name>strchr.c.obj</name>
      </input_file>
      <input_file id="fl-106">
         <path>C:\TI\ccs1230\ccs\tools\compiler\ti-cgt-arm_20.2.7.LTS\lib\</path>
         <kind>archive</kind>
         <file>rtsv7M4_T_le_eabi.lib</file>
         <name>wcslen.c.obj</name>
      </input_file>
      <input_file id="fl-107">
         <path>C:\TI\ccs1230\ccs\tools\compiler\ti-cgt-arm_20.2.7.LTS\lib\</path>
         <kind>archive</kind>
         <file>rtsv7M4_T_le_eabi.lib</file>
         <name>s_frexp.c.obj</name>
      </input_file>
   </input_file_list>
   <object_component_list>
      <object_component id="oc-12">
         <name>.intvecs</name>
         <load_address>0x20004000</load_address>
         <run_address>0x20004000</run_address>
         <size>0x400</size>
         <input_file_ref idref="fl-9"/>
      </object_component>
      <object_component id="oc-97">
         <name>.text</name>
         <load_address>0x20004400</load_address>
         <run_address>0x20004400</run_address>
         <size>0xd0c</size>
         <input_file_ref idref="fl-5"/>
      </object_component>
      <object_component id="oc-37b">
         <name>.text:__TI_printfi</name>
         <load_address>0x2000510c</load_address>
         <run_address>0x2000510c</run_address>
         <size>0xa4e</size>
         <input_file_ref idref="fl-f8"/>
      </object_component>
      <object_component id="oc-72e">
         <name>.text:IntDefaultHandler</name>
         <load_address>0x20005b5a</load_address>
         <run_address>0x20005b5a</run_address>
         <size>0x2</size>
         <input_file_ref idref="fl-1e"/>
      </object_component>
      <object_component id="oc-3a2">
         <name>.text:pow</name>
         <load_address>0x20005b5c</load_address>
         <run_address>0x20005b5c</run_address>
         <size>0x9bc</size>
         <input_file_ref idref="fl-de"/>
      </object_component>
      <object_component id="oc-740">
         <name>.text:_SlDrvMsgRead</name>
         <load_address>0x20006518</load_address>
         <run_address>0x20006518</run_address>
         <size>0x590</size>
         <input_file_ref idref="fl-15"/>
      </object_component>
      <object_component id="oc-171">
         <name>.text</name>
         <load_address>0x20006aa8</load_address>
         <run_address>0x20006aa8</run_address>
         <size>0x418</size>
         <input_file_ref idref="fl-b"/>
      </object_component>
      <object_component id="oc-1a1">
         <name>.text</name>
         <load_address>0x20006ec0</load_address>
         <run_address>0x20006ec0</run_address>
         <size>0x2a0</size>
         <input_file_ref idref="fl-4"/>
      </object_component>
      <object_component id="oc-c5">
         <name>.text</name>
         <load_address>0x20007160</load_address>
         <run_address>0x20007160</run_address>
         <size>0x27c</size>
         <input_file_ref idref="fl-c"/>
      </object_component>
      <object_component id="oc-623">
         <name>.text:_pconv_a</name>
         <load_address>0x200073dc</load_address>
         <run_address>0x200073dc</run_address>
         <size>0x268</size>
         <input_file_ref idref="fl-f8"/>
      </object_component>
      <object_component id="oc-818">
         <name>.text:_SlDrvRxHdrRead</name>
         <load_address>0x20007644</load_address>
         <run_address>0x20007644</run_address>
         <size>0x248</size>
         <input_file_ref idref="fl-15"/>
      </object_component>
      <object_component id="oc-277">
         <name>.text:_SlDrvReleasePoolObj</name>
         <load_address>0x2000788c</load_address>
         <run_address>0x2000788c</run_address>
         <size>0x1d0</size>
         <input_file_ref idref="fl-15"/>
      </object_component>
      <object_component id="oc-611">
         <name>.text:_pconv_g</name>
         <load_address>0x20007a5c</load_address>
         <run_address>0x20007a5c</run_address>
         <size>0x1cc</size>
         <input_file_ref idref="fl-f8"/>
      </object_component>
      <object_component id="oc-398">
         <name>.text</name>
         <load_address>0x20007c28</load_address>
         <run_address>0x20007c28</run_address>
         <size>0x1b6</size>
         <input_file_ref idref="fl-e3"/>
      </object_component>
      <object_component id="oc-6b8">
         <name>.text:_nop</name>
         <load_address>0x20007dde</load_address>
         <run_address>0x20007dde</run_address>
         <size>0x2</size>
         <input_file_ref idref="fl-ff"/>
      </object_component>
      <object_component id="oc-24d">
         <name>.text:_SlDrvDriverCBInit</name>
         <load_address>0x20007de0</load_address>
         <run_address>0x20007de0</run_address>
         <size>0x1b4</size>
         <input_file_ref idref="fl-15"/>
      </object_component>
      <object_component id="oc-5a2">
         <name>.text:_SlDrvMsgWrite</name>
         <load_address>0x20007f94</load_address>
         <run_address>0x20007f94</run_address>
         <size>0x19c</size>
         <input_file_ref idref="fl-15"/>
      </object_component>
      <object_component id="oc-529">
         <name>.text:_SlDrvWaitForPoolObj</name>
         <load_address>0x20008130</load_address>
         <run_address>0x20008130</run_address>
         <size>0x190</size>
         <input_file_ref idref="fl-15"/>
      </object_component>
      <object_component id="oc-135">
         <name>.text:PRCMCC3200MCUInit</name>
         <load_address>0x200082c0</load_address>
         <run_address>0x200082c0</run_address>
         <size>0x178</size>
         <input_file_ref idref="fl-20"/>
      </object_component>
      <object_component id="oc-82a">
         <name>.text:_SlFindAndSetActiveObj</name>
         <load_address>0x20008438</load_address>
         <run_address>0x20008438</run_address>
         <size>0x170</size>
         <input_file_ref idref="fl-15"/>
      </object_component>
      <object_component id="oc-649">
         <name>.text:sqrt</name>
         <load_address>0x200085a8</load_address>
         <run_address>0x200085a8</run_address>
         <size>0x15c</size>
         <input_file_ref idref="fl-df"/>
      </object_component>
      <object_component id="oc-3cb">
         <name>.text:_SlDrvDataWriteOp</name>
         <load_address>0x20008704</load_address>
         <run_address>0x20008704</run_address>
         <size>0x150</size>
         <input_file_ref idref="fl-15"/>
      </object_component>
      <object_component id="oc-253">
         <name>.text:spi_Open</name>
         <load_address>0x20008854</load_address>
         <run_address>0x20008854</run_address>
         <size>0x148</size>
         <input_file_ref idref="fl-1b"/>
      </object_component>
      <object_component id="oc-5a8">
         <name>.text:_SlDrvMsgReadCmdCtx</name>
         <load_address>0x2000899c</load_address>
         <run_address>0x2000899c</run_address>
         <size>0x144</size>
         <input_file_ref idref="fl-15"/>
      </object_component>
      <object_component id="oc-61d">
         <name>.text:_pconv_e</name>
         <load_address>0x20008ae0</load_address>
         <run_address>0x20008ae0</run_address>
         <size>0x13c</size>
         <input_file_ref idref="fl-f8"/>
      </object_component>
      <object_component id="oc-3a8">
         <name>.text</name>
         <load_address>0x20008c1c</load_address>
         <run_address>0x20008c1c</run_address>
         <size>0x136</size>
         <input_file_ref idref="fl-e5"/>
      </object_component>
      <object_component id="oc-856">
         <name>.text</name>
         <load_address>0x20008d52</load_address>
         <run_address>0x20008d52</run_address>
         <size>0x2</size>
         <input_file_ref idref="fl-f9"/>
      </object_component>
      <object_component id="oc-182">
         <name>.text:sl_Send</name>
         <load_address>0x20008d54</load_address>
         <run_address>0x20008d54</run_address>
         <size>0x134</size>
         <input_file_ref idref="fl-19"/>
      </object_component>
      <object_component id="oc-2c1">
         <name>.text:_SlDrvDriverCBDeinit</name>
         <load_address>0x20008e88</load_address>
         <run_address>0x20008e88</run_address>
         <size>0x130</size>
         <input_file_ref idref="fl-15"/>
      </object_component>
      <object_component id="oc-17c">
         <name>.text:strtol</name>
         <load_address>0x20008fb8</load_address>
         <run_address>0x20008fb8</run_address>
         <size>0x130</size>
         <input_file_ref idref="fl-f4"/>
      </object_component>
      <object_component id="oc-795">
         <name>.text:fcvt</name>
         <load_address>0x200090e8</load_address>
         <run_address>0x200090e8</run_address>
         <size>0x120</size>
         <input_file_ref idref="fl-f8"/>
      </object_component>
      <object_component id="oc-89a">
         <name>.text:_SlDrvNetAppEventHandler</name>
         <load_address>0x20009208</load_address>
         <run_address>0x20009208</run_address>
         <size>0x104</size>
         <input_file_ref idref="fl-16"/>
      </object_component>
      <object_component id="oc-374">
         <name>.text:aligned_alloc</name>
         <load_address>0x2000930c</load_address>
         <run_address>0x2000930c</run_address>
         <size>0x100</size>
         <input_file_ref idref="fl-f2"/>
      </object_component>
      <object_component id="oc-39d">
         <name>.text</name>
         <load_address>0x2000940c</load_address>
         <run_address>0x2000940c</run_address>
         <size>0xfc</size>
         <input_file_ref idref="fl-e6"/>
      </object_component>
      <object_component id="oc-d4">
         <name>.text:sl_Start</name>
         <load_address>0x20009508</load_address>
         <run_address>0x20009508</run_address>
         <size>0xf0</size>
         <input_file_ref idref="fl-14"/>
      </object_component>
      <object_component id="oc-e6">
         <name>.text:sl_Stop</name>
         <load_address>0x200095f8</load_address>
         <run_address>0x200095f8</run_address>
         <size>0xf0</size>
         <input_file_ref idref="fl-14"/>
      </object_component>
      <object_component id="oc-824">
         <name>.text:spi_Read</name>
         <load_address>0x200096e8</load_address>
         <run_address>0x200096e8</run_address>
         <size>0xf0</size>
         <input_file_ref idref="fl-1b"/>
      </object_component>
      <object_component id="oc-950">
         <name>.text:uDMAChannelTransferSet</name>
         <load_address>0x200097d8</load_address>
         <run_address>0x200097d8</run_address>
         <size>0xf0</size>
         <input_file_ref idref="fl-24"/>
      </object_component>
      <object_component id="oc-746">
         <name>.text:_SlAsyncEventGenericHandler</name>
         <load_address>0x200098c8</load_address>
         <run_address>0x200098c8</run_address>
         <size>0xe8</size>
         <input_file_ref idref="fl-15"/>
      </object_component>
      <object_component id="oc-589">
         <name>.text:_SlDrvMsgReadSpawnCtx</name>
         <load_address>0x200099b0</load_address>
         <run_address>0x200099b0</run_address>
         <size>0xe8</size>
         <input_file_ref idref="fl-15"/>
      </object_component>
      <object_component id="oc-22c">
         <name>.text:free</name>
         <load_address>0x20009a98</load_address>
         <run_address>0x20009a98</run_address>
         <size>0xe4</size>
         <input_file_ref idref="fl-f2"/>
      </object_component>
      <object_component id="oc-226">
         <name>.text:realloc</name>
         <load_address>0x20009b7c</load_address>
         <run_address>0x20009b7c</run_address>
         <size>0xe4</size>
         <input_file_ref idref="fl-f2"/>
      </object_component>
      <object_component id="oc-2fc">
         <name>.text:sl_NetAppMDNSRegisterUnregisterService</name>
         <load_address>0x20009c60</load_address>
         <run_address>0x20009c60</run_address>
         <size>0xe4</size>
         <input_file_ref idref="fl-16"/>
      </object_component>
      <object_component id="oc-81e">
         <name>.text:_SlDrvClassifyRxMsg</name>
         <load_address>0x20009d44</load_address>
         <run_address>0x20009d44</run_address>
         <size>0xdc</size>
         <input_file_ref idref="fl-15"/>
      </object_component>
      <object_component id="oc-657">
         <name>.text:scalbn</name>
         <load_address>0x20009e20</load_address>
         <run_address>0x20009e20</run_address>
         <size>0xd0</size>
         <input_file_ref idref="fl-e0"/>
      </object_component>
      <object_component id="oc-90e">
         <name>.text:_sl_HandleAsync_DnsGetHostByService</name>
         <load_address>0x20009ef0</load_address>
         <run_address>0x20009ef0</run_address>
         <size>0xcc</size>
         <input_file_ref idref="fl-16"/>
      </object_component>
      <object_component id="oc-ec">
         <name>.text:sl_DevGet</name>
         <load_address>0x20009fbc</load_address>
         <run_address>0x20009fbc</run_address>
         <size>0xcc</size>
         <input_file_ref idref="fl-14"/>
      </object_component>
      <object_component id="oc-564">
         <name>.text:_SlRemoveFromList</name>
         <load_address>0x2000a088</load_address>
         <run_address>0x2000a088</run_address>
         <size>0xc4</size>
         <input_file_ref idref="fl-15"/>
      </object_component>
      <object_component id="oc-2a5">
         <name>.text:_SlDrvCmdOp</name>
         <load_address>0x2000a14c</load_address>
         <run_address>0x2000a14c</run_address>
         <size>0xc0</size>
         <input_file_ref idref="fl-15"/>
      </object_component>
      <object_component id="oc-606">
         <name>.text:_ltostr</name>
         <load_address>0x2000a20c</load_address>
         <run_address>0x2000a20c</run_address>
         <size>0xb1</size>
         <input_file_ref idref="fl-f8"/>
      </object_component>
      <object_component id="oc-4c3">
         <name>.text:_SlNonOsSemGet</name>
         <load_address>0x2000a2c0</load_address>
         <run_address>0x2000a2c0</run_address>
         <size>0xb0</size>
         <input_file_ref idref="fl-18"/>
      </object_component>
      <object_component id="oc-543">
         <name>.text:IntDisable</name>
         <load_address>0x2000a370</load_address>
         <run_address>0x2000a370</run_address>
         <size>0xa8</size>
         <input_file_ref idref="fl-1e"/>
      </object_component>
      <object_component id="oc-12f">
         <name>.text:IntEnable</name>
         <load_address>0x2000a418</load_address>
         <run_address>0x2000a418</run_address>
         <size>0xa8</size>
         <input_file_ref idref="fl-1e"/>
      </object_component>
      <object_component id="oc-55d">
         <name>.text:_SlDriverHandleError</name>
         <load_address>0x2000a4c0</load_address>
         <run_address>0x2000a4c0</run_address>
         <size>0xa4</size>
         <input_file_ref idref="fl-15"/>
      </object_component>
      <object_component id="oc-4e0">
         <name>.text:SPIConfigSetExpClk</name>
         <load_address>0x2000a564</load_address>
         <run_address>0x2000a564</run_address>
         <size>0xa0</size>
         <input_file_ref idref="fl-21"/>
      </object_component>
      <object_component id="oc-3d">
         <name>.text</name>
         <load_address>0x2000a604</load_address>
         <run_address>0x2000a604</run_address>
         <size>0x9c</size>
         <input_file_ref idref="fl-eb"/>
      </object_component>
      <object_component id="oc-8f4">
         <name>.text:_SlDrvDeviceEventHandler</name>
         <load_address>0x2000a6a0</load_address>
         <run_address>0x2000a6a0</run_address>
         <size>0x9a</size>
         <input_file_ref idref="fl-14"/>
      </object_component>
      <object_component id="oc-104">
         <name>.text:sl_NetCfgSet</name>
         <load_address>0x2000a73c</load_address>
         <run_address>0x2000a73c</run_address>
         <size>0x98</size>
         <input_file_ref idref="fl-17"/>
      </object_component>
      <object_component id="oc-10a">
         <name>.text:sl_WlanSet</name>
         <load_address>0x2000a7d4</load_address>
         <run_address>0x2000a7d4</run_address>
         <size>0x98</size>
         <input_file_ref idref="fl-1a"/>
      </object_component>
      <object_component id="oc-74f">
         <name>.text:spi_Write</name>
         <load_address>0x2000a86c</load_address>
         <run_address>0x2000a86c</run_address>
         <size>0x98</size>
         <input_file_ref idref="fl-1b"/>
      </object_component>
      <object_component id="oc-776">
         <name>.text</name>
         <load_address>0x2000a904</load_address>
         <run_address>0x2000a904</run_address>
         <size>0x96</size>
         <input_file_ref idref="fl-ed"/>
      </object_component>
      <object_component id="oc-1f6">
         <name>.text:PRCMPeripheralClockGet</name>
         <load_address>0x2000a99c</load_address>
         <run_address>0x2000a99c</run_address>
         <size>0x94</size>
         <input_file_ref idref="fl-20"/>
      </object_component>
      <object_component id="oc-908">
         <name>.text:_sl_HandleAsync_DnsGetHostByName</name>
         <load_address>0x2000aa30</load_address>
         <run_address>0x2000aa30</run_address>
         <size>0x90</size>
         <input_file_ref idref="fl-16"/>
      </object_component>
      <object_component id="oc-8a0">
         <name>.text:_sl_HandleAsync_PingResponse</name>
         <load_address>0x2000aac0</load_address>
         <run_address>0x2000aac0</run_address>
         <size>0x90</size>
         <input_file_ref idref="fl-16"/>
      </object_component>
      <object_component id="oc-f2">
         <name>.text:sl_WlanPolicySet</name>
         <load_address>0x2000ab50</load_address>
         <run_address>0x2000ab50</run_address>
         <size>0x90</size>
         <input_file_ref idref="fl-1a"/>
      </object_component>
      <object_component id="oc-8a7">
         <name>.text:SetupDMAReceive</name>
         <load_address>0x2000abe0</load_address>
         <run_address>0x2000abe0</run_address>
         <size>0x8c</size>
         <input_file_ref idref="fl-1b"/>
      </object_component>
      <object_component id="oc-835">
         <name>.text:SetupDMASend</name>
         <load_address>0x2000ac6c</load_address>
         <run_address>0x2000ac6c</run_address>
         <size>0x8c</size>
         <input_file_ref idref="fl-1b"/>
      </object_component>
      <object_component id="oc-6ec">
         <name>.text:_SlDrvIsTimeoutExpired</name>
         <load_address>0x2000acf8</load_address>
         <run_address>0x2000acf8</run_address>
         <size>0x8c</size>
         <input_file_ref idref="fl-15"/>
      </object_component>
      <object_component id="oc-961">
         <name>.text:_sl_HandleAsync_InitComplete</name>
         <load_address>0x2000ad84</load_address>
         <run_address>0x2000ad84</run_address>
         <size>0x8c</size>
         <input_file_ref idref="fl-14"/>
      </object_component>
      <object_component id="oc-16b">
         <name>.text:sl_Socket</name>
         <load_address>0x2000ae10</load_address>
         <run_address>0x2000ae10</run_address>
         <size>0x8c</size>
         <input_file_ref idref="fl-19"/>
      </object_component>
      <object_component id="oc-19b">
         <name>.text:PinConfigSet</name>
         <load_address>0x2000ae9c</load_address>
         <run_address>0x2000ae9c</run_address>
         <size>0x88</size>
         <input_file_ref idref="fl-1f"/>
      </object_component>
      <object_component id="oc-60c">
         <name>.text:__aeabi_cdcmple</name>
         <load_address>0x2000af24</load_address>
         <run_address>0x2000af24</run_address>
         <size>0x86</size>
         <input_file_ref idref="fl-e4"/>
      </object_component>
      <object_component id="oc-652">
         <name>.text:__aeabi_cdrcmple</name>
         <load_address>0x2000afaa</load_address>
         <run_address>0x2000afaa</run_address>
         <size>0x86</size>
         <input_file_ref idref="fl-e4"/>
      </object_component>
      <object_component id="oc-43e">
         <name>.text:I2CMasterInitExpClk</name>
         <load_address>0x2000b030</load_address>
         <run_address>0x2000b030</run_address>
         <size>0x84</size>
         <input_file_ref idref="fl-1d"/>
      </object_component>
      <object_component id="oc-247">
         <name>.text:NwpPowerOnPreamble</name>
         <load_address>0x2000b0b4</load_address>
         <run_address>0x2000b0b4</run_address>
         <size>0x84</size>
         <input_file_ref idref="fl-1b"/>
      </object_component>
      <object_component id="oc-11c">
         <name>.text:sl_WlanRxFilterSet</name>
         <load_address>0x2000b138</load_address>
         <run_address>0x2000b138</run_address>
         <size>0x84</size>
         <input_file_ref idref="fl-1a"/>
      </object_component>
      <object_component id="oc-930">
         <name>.text:_sl_HandleAsync_Connect</name>
         <load_address>0x2000b1bc</load_address>
         <run_address>0x2000b1bc</run_address>
         <size>0x80</size>
         <input_file_ref idref="fl-19"/>
      </object_component>
      <object_component id="oc-8ad">
         <name>.text:spi_Read_CPU</name>
         <load_address>0x2000b23c</load_address>
         <run_address>0x2000b23c</run_address>
         <size>0x80</size>
         <input_file_ref idref="fl-1b"/>
      </object_component>
      <object_component id="oc-847">
         <name>.text:spi_Write_CPU</name>
         <load_address>0x2000b2bc</load_address>
         <run_address>0x2000b2bc</run_address>
         <size>0x80</size>
         <input_file_ref idref="fl-1b"/>
      </object_component>
      <object_component id="oc-8b">
         <name>.text</name>
         <load_address>0x2000b33c</load_address>
         <run_address>0x2000b33c</run_address>
         <size>0x7a</size>
         <input_file_ref idref="fl-ec"/>
      </object_component>
      <object_component id="oc-2bb">
         <name>.text:spi_Close</name>
         <load_address>0x2000b3b8</load_address>
         <run_address>0x2000b3b8</run_address>
         <size>0x78</size>
         <input_file_ref idref="fl-1b"/>
      </object_component>
      <object_component id="oc-1fc">
         <name>.text:UARTConfigSetExpClk</name>
         <load_address>0x2000b430</load_address>
         <run_address>0x2000b430</run_address>
         <size>0x76</size>
         <input_file_ref idref="fl-23"/>
      </object_component>
      <object_component id="oc-da">
         <name>.text:_SlNonOsMainLoopTask</name>
         <load_address>0x2000b4a8</load_address>
         <run_address>0x2000b4a8</run_address>
         <size>0x74</size>
         <input_file_ref idref="fl-18"/>
      </object_component>
      <object_component id="oc-49f">
         <name>.text:split</name>
         <load_address>0x2000b51c</load_address>
         <run_address>0x2000b51c</run_address>
         <size>0x70</size>
         <input_file_ref idref="fl-f2"/>
      </object_component>
      <object_component id="oc-78e">
         <name>.text:_mcpy</name>
         <load_address>0x2000b58c</load_address>
         <run_address>0x2000b58c</run_address>
         <size>0x6e</size>
         <input_file_ref idref="fl-f8"/>
      </object_component>
      <object_component id="oc-3b2">
         <name>.text</name>
         <load_address>0x2000b5fa</load_address>
         <run_address>0x2000b5fa</run_address>
         <size>0x6e</size>
         <input_file_ref idref="fl-e7"/>
      </object_component>
      <object_component id="oc-979">
         <name>.text:_SlDrvCmdSend</name>
         <load_address>0x2000b668</load_address>
         <run_address>0x2000b668</run_address>
         <size>0x6c</size>
         <input_file_ref idref="fl-15"/>
      </object_component>
      <object_component id="oc-91a">
         <name>.text:_sl_NetAppSendTokenValue</name>
         <load_address>0x2000b6d4</load_address>
         <run_address>0x2000b6d4</run_address>
         <size>0x6c</size>
         <input_file_ref idref="fl-16"/>
      </object_component>
      <object_component id="oc-15">
         <name>.text:decompress:lzss:__TI_decompress_lzss</name>
         <load_address>0x2000b740</load_address>
         <run_address>0x2000b740</run_address>
         <size>0x68</size>
         <input_file_ref idref="fl-f0"/>
      </object_component>
      <object_component id="oc-583">
         <name>.text:_SlNonOsSpawn</name>
         <load_address>0x2000b7a8</load_address>
         <run_address>0x2000b7a8</run_address>
         <size>0x64</size>
         <input_file_ref idref="fl-18"/>
      </object_component>
      <object_component id="oc-92a">
         <name>.text:_sl_HandleAsync_Accept</name>
         <load_address>0x2000b80c</load_address>
         <run_address>0x2000b80c</run_address>
         <size>0x64</size>
         <input_file_ref idref="fl-19"/>
      </object_component>
      <object_component id="oc-110">
         <name>.text:sl_NetAppMDNSUnRegisterService</name>
         <load_address>0x2000b870</load_address>
         <run_address>0x2000b870</run_address>
         <size>0x64</size>
         <input_file_ref idref="fl-16"/>
      </object_component>
      <object_component id="oc-703">
         <name>.text:uDMAChannelAttributeDisable</name>
         <load_address>0x2000b8d4</load_address>
         <run_address>0x2000b8d4</run_address>
         <size>0x64</size>
         <input_file_ref idref="fl-24"/>
      </object_component>
      <object_component id="oc-94a">
         <name>.text:uDMAChannelAttributeEnable</name>
         <load_address>0x2000b938</load_address>
         <run_address>0x2000b938</run_address>
         <size>0x64</size>
         <input_file_ref idref="fl-24"/>
      </object_component>
      <object_component id="oc-141">
         <name>.text</name>
         <load_address>0x2000b99c</load_address>
         <run_address>0x2000b99c</run_address>
         <size>0x64</size>
         <input_file_ref idref="fl-d"/>
      </object_component>
      <object_component id="oc-188">
         <name>.text:sl_Close</name>
         <load_address>0x2000ba00</load_address>
         <run_address>0x2000ba00</run_address>
         <size>0x60</size>
         <input_file_ref idref="fl-19"/>
      </object_component>
      <object_component id="oc-f8">
         <name>.text:sl_WlanProfileDel</name>
         <load_address>0x2000ba60</load_address>
         <run_address>0x2000ba60</run_address>
         <size>0x60</size>
         <input_file_ref idref="fl-1a"/>
      </object_component>
      <object_component id="oc-e0">
         <name>.text:sl_WlanSetMode</name>
         <load_address>0x2000bac0</load_address>
         <run_address>0x2000bac0</run_address>
         <size>0x60</size>
         <input_file_ref idref="fl-1a"/>
      </object_component>
      <object_component id="oc-7a3">
         <name>.text:frexp</name>
         <load_address>0x2000bb20</load_address>
         <run_address>0x2000bb20</run_address>
         <size>0x5c</size>
         <input_file_ref idref="fl-107"/>
      </object_component>
      <object_component id="oc-54f">
         <name>.text:IntPendClear</name>
         <load_address>0x2000bb7c</load_address>
         <run_address>0x2000bb7c</run_address>
         <size>0x58</size>
         <input_file_ref idref="fl-1e"/>
      </object_component>
      <object_component id="oc-32f">
         <name>.text:PRCMPeripheralReset</name>
         <load_address>0x2000bbd4</load_address>
         <run_address>0x2000bbd4</run_address>
         <size>0x58</size>
         <input_file_ref idref="fl-20"/>
      </object_component>
      <object_component id="oc-617">
         <name>.text:_pconv_f</name>
         <load_address>0x2000bc2c</load_address>
         <run_address>0x2000bc2c</run_address>
         <size>0x56</size>
         <input_file_ref idref="fl-f8"/>
      </object_component>
      <object_component id="oc-33d">
         <name>.text:IntPrioritySet</name>
         <load_address>0x2000bc84</load_address>
         <run_address>0x2000bc84</run_address>
         <size>0x54</size>
         <input_file_ref idref="fl-1e"/>
      </object_component>
      <object_component id="oc-289">
         <name>.text:_SlDrvRxIrqHandler</name>
         <load_address>0x2000bcd8</load_address>
         <run_address>0x2000bcd8</run_address>
         <size>0x54</size>
         <input_file_ref idref="fl-15"/>
      </object_component>
      <object_component id="oc-782">
         <name>.text:__TI_ltoa</name>
         <load_address>0x2000bd2c</load_address>
         <run_address>0x2000bd2c</run_address>
         <size>0x54</size>
         <input_file_ref idref="fl-100"/>
      </object_component>
      <object_component id="oc-936">
         <name>.text:_sl_HandleAsync_Select</name>
         <load_address>0x2000bd80</load_address>
         <run_address>0x2000bd80</run_address>
         <size>0x54</size>
         <input_file_ref idref="fl-19"/>
      </object_component>
      <object_component id="oc-788">
         <name>.text:_ecpy</name>
         <load_address>0x2000bdd4</load_address>
         <run_address>0x2000bdd4</run_address>
         <size>0x52</size>
         <input_file_ref idref="fl-f8"/>
      </object_component>
      <object_component id="oc-93c">
         <name>.text:_sl_HandleAsync_Stop</name>
         <load_address>0x2000be28</load_address>
         <run_address>0x2000be28</run_address>
         <size>0x50</size>
         <input_file_ref idref="fl-14"/>
      </object_component>
      <object_component id="oc-50a">
         <name>.text:SPIIntEnable</name>
         <load_address>0x2000be78</load_address>
         <run_address>0x2000be78</run_address>
         <size>0x4c</size>
         <input_file_ref idref="fl-21"/>
      </object_component>
      <object_component id="oc-75a">
         <name>.text:SPIIntNumberGet</name>
         <load_address>0x2000bec4</load_address>
         <run_address>0x2000bec4</run_address>
         <size>0x4c</size>
         <input_file_ref idref="fl-21"/>
      </object_component>
      <object_component id="oc-259">
         <name>.text:_SlDrvProtectAsyncRespSetting</name>
         <load_address>0x2000bf10</load_address>
         <run_address>0x2000bf10</run_address>
         <size>0x4c</size>
         <input_file_ref idref="fl-15"/>
      </object_component>
      <object_component id="oc-600">
         <name>.text:atoi</name>
         <load_address>0x2000bf5c</load_address>
         <run_address>0x2000bf5c</run_address>
         <size>0x4c</size>
         <input_file_ref idref="fl-102"/>
      </object_component>
      <object_component id="oc-6fd">
         <name>.text:uDMAChannelAssign</name>
         <load_address>0x2000bfa8</load_address>
         <run_address>0x2000bfa8</run_address>
         <size>0x4c</size>
         <input_file_ref idref="fl-24"/>
      </object_component>
      <object_component id="oc-71f">
         <name>.text:SPIIntClear</name>
         <load_address>0x2000bff4</load_address>
         <run_address>0x2000bff4</run_address>
         <size>0x48</size>
         <input_file_ref idref="fl-21"/>
      </object_component>
      <object_component id="oc-2e7">
         <name>.text:_SlDrvBasicCmd</name>
         <load_address>0x2000c03c</load_address>
         <run_address>0x2000c03c</run_address>
         <size>0x48</size>
         <input_file_ref idref="fl-15"/>
      </object_component>
      <object_component id="oc-77d">
         <name>.text</name>
         <load_address>0x2000c084</load_address>
         <run_address>0x2000c084</run_address>
         <size>0x48</size>
         <input_file_ref idref="fl-fa"/>
      </object_component>
      <object_component id="oc-70e">
         <name>.text:SPIDmaMaskGet</name>
         <load_address>0x2000c0cc</load_address>
         <run_address>0x2000c0cc</run_address>
         <size>0x44</size>
         <input_file_ref idref="fl-21"/>
      </object_component>
      <object_component id="oc-8d4">
         <name>.text:TimerConfigure</name>
         <load_address>0x2000c110</load_address>
         <run_address>0x2000c110</run_address>
         <size>0x44</size>
         <input_file_ref idref="fl-22"/>
      </object_component>
      <object_component id="oc-972">
         <name>.text:_SlDrvHandleHttpServerEvents</name>
         <load_address>0x2000c154</load_address>
         <run_address>0x2000c154</run_address>
         <size>0x44</size>
         <input_file_ref idref="fl-15"/>
      </object_component>
      <object_component id="oc-271">
         <name>.text:_SlDrvSyncObjWaitTimeout</name>
         <load_address>0x2000c198</load_address>
         <run_address>0x2000c198</run_address>
         <size>0x44</size>
         <input_file_ref idref="fl-15"/>
      </object_component>
      <object_component id="oc-1c4">
         <name>.text:__TI_auto_init_nobinit_nopinit:__TI_auto_init_nobinit_nopinit</name>
         <load_address>0x2000c1dc</load_address>
         <run_address>0x2000c1dc</run_address>
         <size>0x44</size>
         <input_file_ref idref="fl-fb"/>
      </object_component>
      <object_component id="oc-8ba">
         <name>.text:cc_SetupTransfer</name>
         <load_address>0x2000c220</load_address>
         <run_address>0x2000c220</run_address>
         <size>0x44</size>
         <input_file_ref idref="fl-1b"/>
      </object_component>
      <object_component id="oc-693">
         <name>.text:PinModeSet</name>
         <load_address>0x2000c264</load_address>
         <run_address>0x2000c264</run_address>
         <size>0x40</size>
         <input_file_ref idref="fl-1f"/>
      </object_component>
      <object_component id="oc-900">
         <name>.text:_SlDrvHandleNetAppEvents</name>
         <load_address>0x2000c2a4</load_address>
         <run_address>0x2000c2a4</run_address>
         <size>0x40</size>
         <input_file_ref idref="fl-15"/>
      </object_component>
      <object_component id="oc-8fa">
         <name>.text:_SlDrvHandleWlanEvents</name>
         <load_address>0x2000c2e4</load_address>
         <run_address>0x2000c2e4</run_address>
         <size>0x40</size>
         <input_file_ref idref="fl-15"/>
      </object_component>
      <object_component id="oc-3c5">
         <name>.text:_sl_TruncatePayloadByProtocol</name>
         <load_address>0x2000c324</load_address>
         <run_address>0x2000c324</run_address>
         <size>0x40</size>
         <input_file_ref idref="fl-19"/>
      </object_component>
      <object_component id="oc-165">
         <name>.text:sprintf</name>
         <load_address>0x2000c364</load_address>
         <run_address>0x2000c364</run_address>
         <size>0x40</size>
         <input_file_ref idref="fl-e1"/>
      </object_component>
      <object_component id="oc-208">
         <name>.text:vsnprintf</name>
         <load_address>0x2000c3a4</load_address>
         <run_address>0x2000c3a4</run_address>
         <size>0x40</size>
         <input_file_ref idref="fl-e2"/>
      </object_component>
      <object_component id="oc-265">
         <name>.text:NwpRegisterInterruptHandler</name>
         <load_address>0x2000c3e4</load_address>
         <run_address>0x2000c3e4</run_address>
         <size>0x3e</size>
         <input_file_ref idref="fl-1b"/>
      </object_component>
      <object_component id="oc-79b">
         <name>.text:_fcpy</name>
         <load_address>0x2000c422</load_address>
         <run_address>0x2000c422</run_address>
         <size>0x3e</size>
         <input_file_ref idref="fl-f8"/>
      </object_component>
      <object_component id="oc-921">
         <name>.text:CopyPingResultsToReport</name>
         <load_address>0x2000c460</load_address>
         <run_address>0x2000c460</run_address>
         <size>0x3c</size>
         <input_file_ref idref="fl-16"/>
      </object_component>
      <object_component id="oc-147">
         <name>.text:PRCMPeripheralClkEnable</name>
         <load_address>0x2000c49c</load_address>
         <run_address>0x2000c49c</run_address>
         <size>0x3c</size>
         <input_file_ref idref="fl-20"/>
      </object_component>
      <object_component id="oc-880">
         <name>.text:simplelink_timerA2_start</name>
         <load_address>0x2000c4d8</load_address>
         <run_address>0x2000c4d8</run_address>
         <size>0x3c</size>
         <input_file_ref idref="fl-1b"/>
      </object_component>
      <object_component id="oc-944">
         <name>.text:uDMAChannelControlSet</name>
         <load_address>0x2000c514</load_address>
         <run_address>0x2000c514</run_address>
         <size>0x3c</size>
         <input_file_ref idref="fl-24"/>
      </object_component>
      <object_component id="oc-25f">
         <name>.text:NwpPowerOff</name>
         <load_address>0x2000c550</load_address>
         <run_address>0x2000c550</run_address>
         <size>0x38</size>
         <input_file_ref idref="fl-1b"/>
      </object_component>
      <object_component id="oc-177">
         <name>.text</name>
         <load_address>0x2000c588</load_address>
         <run_address>0x2000c588</run_address>
         <size>0x38</size>
         <input_file_ref idref="fl-e8"/>
      </object_component>
      <object_component id="oc-15a">
         <name>.text</name>
         <load_address>0x2000c5c0</load_address>
         <run_address>0x2000c5c0</run_address>
         <size>0x38</size>
         <input_file_ref idref="fl-e9"/>
      </object_component>
      <object_component id="oc-fe">
         <name>.text:sl_WlanDisconnect</name>
         <load_address>0x2000c5f8</load_address>
         <run_address>0x2000c5f8</run_address>
         <size>0x38</size>
         <input_file_ref idref="fl-1a"/>
      </object_component>
      <object_component id="oc-26b">
         <name>.text:NwpPowerOn</name>
         <load_address>0x2000c630</load_address>
         <run_address>0x2000c630</run_address>
         <size>0x34</size>
         <input_file_ref idref="fl-1b"/>
      </object_component>
      <object_component id="oc-4e6">
         <name>.text:PRCMPeripheralStatusGet</name>
         <load_address>0x2000c664</load_address>
         <run_address>0x2000c664</run_address>
         <size>0x34</size>
         <input_file_ref idref="fl-20"/>
      </object_component>
      <object_component id="oc-4fe">
         <name>.text:SPIFIFOLevelSet</name>
         <load_address>0x2000c698</load_address>
         <run_address>0x2000c698</run_address>
         <size>0x34</size>
         <input_file_ref idref="fl-21"/>
      </object_component>
      <object_component id="oc-46d">
         <name>.text:UARTDisable</name>
         <load_address>0x2000c6cc</load_address>
         <run_address>0x2000c6cc</run_address>
         <size>0x30</size>
         <input_file_ref idref="fl-23"/>
      </object_component>
      <object_component id="oc-47b">
         <name>.text:_outs</name>
         <load_address>0x2000c6fc</load_address>
         <run_address>0x2000c6fc</run_address>
         <size>0x30</size>
         <input_file_ref idref="fl-e2"/>
      </object_component>
      <object_component id="oc-3ad">
         <name>.text</name>
         <load_address>0x2000c72c</load_address>
         <run_address>0x2000c72c</run_address>
         <size>0x2e</size>
         <input_file_ref idref="fl-ea"/>
      </object_component>
      <object_component id="oc-41a">
         <name>.text:I2CMasterErr</name>
         <load_address>0x2000c75a</load_address>
         <run_address>0x2000c75a</run_address>
         <size>0x2c</size>
         <input_file_ref idref="fl-1d"/>
      </object_component>
      <object_component id="oc-31d">
         <name>.text:PRCMSysResetCauseGet</name>
         <load_address>0x2000c788</load_address>
         <run_address>0x2000c788</run_address>
         <size>0x2c</size>
         <input_file_ref idref="fl-20"/>
      </object_component>
      <object_component id="oc-596">
         <name>.text:_SlDrvObjGlobalLockWaitForever</name>
         <load_address>0x2000c7b4</load_address>
         <run_address>0x2000c7b4</run_address>
         <size>0x2c</size>
         <input_file_ref idref="fl-15"/>
      </object_component>
      <object_component id="oc-52f">
         <name>.text:_SlDrvProtectionObjLockWaitForever</name>
         <load_address>0x2000c7e0</load_address>
         <run_address>0x2000c7e0</run_address>
         <size>0x2c</size>
         <input_file_ref idref="fl-15"/>
      </object_component>
      <object_component id="oc-8e0">
         <name>.text:TimerLoadSet</name>
         <load_address>0x2000c80c</load_address>
         <run_address>0x2000c80c</run_address>
         <size>0x2a</size>
         <input_file_ref idref="fl-22"/>
      </object_component>
      <object_component id="oc-8da">
         <name>.text:TimerPrescaleSet</name>
         <load_address>0x2000c836</load_address>
         <run_address>0x2000c836</run_address>
         <size>0x2a</size>
         <input_file_ref idref="fl-22"/>
      </object_component>
      <object_component id="oc-154">
         <name>.text:PRCMPeripheralClkDisable</name>
         <load_address>0x2000c860</load_address>
         <run_address>0x2000c860</run_address>
         <size>0x28</size>
         <input_file_ref idref="fl-20"/>
      </object_component>
      <object_component id="oc-59c">
         <name>.text:_SlDrvGlobalObjUnLock</name>
         <load_address>0x2000c888</load_address>
         <run_address>0x2000c888</run_address>
         <size>0x28</size>
         <input_file_ref idref="fl-15"/>
      </object_component>
      <object_component id="oc-535">
         <name>.text:_SlDrvProtectionObjUnLock</name>
         <load_address>0x2000c8b0</load_address>
         <run_address>0x2000c8b0</run_address>
         <size>0x28</size>
         <input_file_ref idref="fl-15"/>
      </object_component>
      <object_component id="oc-684">
         <name>.text:_SlDrvSyncObjWaitForever</name>
         <load_address>0x2000c8d8</load_address>
         <run_address>0x2000c8d8</run_address>
         <size>0x28</size>
         <input_file_ref idref="fl-15"/>
      </object_component>
      <object_component id="oc-4a6">
         <name>.text:free_list_insert</name>
         <load_address>0x2000c900</load_address>
         <run_address>0x2000c900</run_address>
         <size>0x28</size>
         <input_file_ref idref="fl-f2"/>
      </object_component>
      <object_component id="oc-220">
         <name>.text:memmove</name>
         <load_address>0x2000c928</load_address>
         <run_address>0x2000c928</run_address>
         <size>0x28</size>
         <input_file_ref idref="fl-f1"/>
      </object_component>
      <object_component id="oc-678">
         <name>.text:_SlDrvObjLockWaitForever</name>
         <load_address>0x2000c950</load_address>
         <run_address>0x2000c950</run_address>
         <size>0x26</size>
         <input_file_ref idref="fl-15"/>
      </object_component>
      <object_component id="oc-98e">
         <name>.text</name>
         <load_address>0x2000c976</load_address>
         <run_address>0x2000c976</run_address>
         <size>0x26</size>
         <input_file_ref idref="fl-6"/>
      </object_component>
      <object_component id="oc-51c">
         <name>.text:DmaSpiSwIntHandler</name>
         <load_address>0x2000c99c</load_address>
         <run_address>0x2000c99c</run_address>
         <size>0x24</size>
         <input_file_ref idref="fl-1b"/>
      </object_component>
      <object_component id="oc-549">
         <name>.text:IntUnregister</name>
         <load_address>0x2000c9c0</load_address>
         <run_address>0x2000c9c0</run_address>
         <size>0x24</size>
         <input_file_ref idref="fl-1e"/>
      </object_component>
      <object_component id="oc-473">
         <name>.text:UARTEnable</name>
         <load_address>0x2000c9e4</load_address>
         <run_address>0x2000c9e4</run_address>
         <size>0x24</size>
         <input_file_ref idref="fl-23"/>
      </object_component>
      <object_component id="oc-5b">
         <name>.text:_c_int00_noargs:_c_int00_noargs</name>
         <load_address>0x2000ca08</load_address>
         <run_address>0x2000ca08</run_address>
         <size>0x24</size>
         <input_file_ref idref="fl-f5"/>
      </object_component>
      <object_component id="oc-420">
         <name>.text:I2CMasterSlaveAddrSet</name>
         <load_address>0x2000ca2c</load_address>
         <run_address>0x2000ca2c</run_address>
         <size>0x22</size>
         <input_file_ref idref="fl-1d"/>
      </object_component>
      <object_component id="oc-4da">
         <name>.text:SPIReset</name>
         <load_address>0x2000ca4e</load_address>
         <run_address>0x2000ca4e</run_address>
         <size>0x22</size>
         <input_file_ref idref="fl-21"/>
      </object_component>
      <object_component id="oc-841">
         <name>.text:SPIWordCountSet</name>
         <load_address>0x2000ca70</load_address>
         <run_address>0x2000ca70</run_address>
         <size>0x22</size>
         <input_file_ref idref="fl-21"/>
      </object_component>
      <object_component id="oc-504">
         <name>.text:IntRegister</name>
         <load_address>0x2000ca94</load_address>
         <run_address>0x2000ca94</run_address>
         <size>0x20</size>
         <input_file_ref idref="fl-1e"/>
      </object_component>
      <object_component id="oc-2b5">
         <name>.text:NwpPrePowerOffTimout0</name>
         <load_address>0x2000cab4</load_address>
         <run_address>0x2000cab4</run_address>
         <size>0x20</size>
         <input_file_ref idref="fl-1b"/>
      </object_component>
      <object_component id="oc-802">
         <name>.text:TimerGetCurrentTimestamp</name>
         <load_address>0x2000cad4</load_address>
         <run_address>0x2000cad4</run_address>
         <size>0x20</size>
         <input_file_ref idref="fl-1b"/>
      </object_component>
      <object_component id="oc-67e">
         <name>.text:_SlDrvObjUnLock</name>
         <load_address>0x2000caf4</load_address>
         <run_address>0x2000caf4</run_address>
         <size>0x20</size>
         <input_file_ref idref="fl-15"/>
      </object_component>
      <object_component id="oc-56a">
         <name>.text:_SlDrvSyncObjSignal</name>
         <load_address>0x2000cb14</load_address>
         <run_address>0x2000cb14</run_address>
         <size>0x20</size>
         <input_file_ref idref="fl-15"/>
      </object_component>
      <object_component id="oc-414">
         <name>.text:I2CMasterIntStatusEx</name>
         <load_address>0x2000cb34</load_address>
         <run_address>0x2000cb34</run_address>
         <size>0x1e</size>
         <input_file_ref idref="fl-1d"/>
      </object_component>
      <object_component id="oc-8e6">
         <name>.text:TimerEnable</name>
         <load_address>0x2000cb52</load_address>
         <run_address>0x2000cb52</run_address>
         <size>0x1e</size>
         <input_file_ref idref="fl-22"/>
      </object_component>
      <object_component id="oc-202">
         <name>.text:UARTCharPut</name>
         <load_address>0x2000cb70</load_address>
         <run_address>0x2000cb70</run_address>
         <size>0x1e</size>
         <input_file_ref idref="fl-23"/>
      </object_component>
      <object_component id="oc-4ec">
         <name>.text:cc_UDMAChannelSelect</name>
         <load_address>0x2000cb8e</load_address>
         <run_address>0x2000cb8e</run_address>
         <size>0x1e</size>
         <input_file_ref idref="fl-1b"/>
      </object_component>
      <object_component id="oc-886">
         <name>.text:TimerValueGet</name>
         <load_address>0x2000cbac</load_address>
         <run_address>0x2000cbac</run_address>
         <size>0x1c</size>
         <input_file_ref idref="fl-22"/>
      </object_component>
      <object_component id="oc-214">
         <name>.text:UARTCharGetNonBlocking</name>
         <load_address>0x2000cbc8</load_address>
         <run_address>0x2000cbc8</run_address>
         <size>0x1c</size>
         <input_file_ref idref="fl-23"/>
      </object_component>
      <object_component id="oc-6e6">
         <name>.text:_SlDrvStartMeasureTimeout</name>
         <load_address>0x2000cbe4</load_address>
         <run_address>0x2000cbe4</run_address>
         <size>0x1c</size>
         <input_file_ref idref="fl-15"/>
      </object_component>
      <object_component id="oc-49">
         <name>.text:decompress:ZI:__TI_zero_init_nomemset:__TI_zero_init_nomemset</name>
         <load_address>0x2000cc00</load_address>
         <run_address>0x2000cc00</run_address>
         <size>0x1c</size>
         <input_file_ref idref="fl-ee"/>
      </object_component>
      <object_component id="oc-499">
         <name>.text:free_list_remove</name>
         <load_address>0x2000cc1c</load_address>
         <run_address>0x2000cc1c</run_address>
         <size>0x1c</size>
         <input_file_ref idref="fl-f2"/>
      </object_component>
      <object_component id="oc-629">
         <name>.text:memccpy</name>
         <load_address>0x2000cc38</load_address>
         <run_address>0x2000cc38</run_address>
         <size>0x1c</size>
         <input_file_ref idref="fl-104"/>
      </object_component>
      <object_component id="oc-195">
         <name>.text</name>
         <load_address>0x2000cc54</load_address>
         <run_address>0x2000cc54</run_address>
         <size>0x1c</size>
         <input_file_ref idref="fl-7"/>
      </object_component>
      <object_component id="oc-956">
         <name>.text:uDMAChannelEnable</name>
         <load_address>0x2000cc70</load_address>
         <run_address>0x2000cc70</run_address>
         <size>0x1c</size>
         <input_file_ref idref="fl-24"/>
      </object_component>
      <object_component id="oc-3f7">
         <name>.text:PinTypeUART</name>
         <load_address>0x2000cc8c</load_address>
         <run_address>0x2000cc8c</run_address>
         <size>0x1a</size>
         <input_file_ref idref="fl-1f"/>
      </object_component>
      <object_component id="oc-5c0">
         <name>.text:SPIDmaDisable</name>
         <load_address>0x2000cca6</load_address>
         <run_address>0x2000cca6</run_address>
         <size>0x1a</size>
         <input_file_ref idref="fl-21"/>
      </object_component>
      <object_component id="oc-4f8">
         <name>.text:SPIDmaEnable</name>
         <load_address>0x2000ccc0</load_address>
         <run_address>0x2000ccc0</run_address>
         <size>0x1a</size>
         <input_file_ref idref="fl-21"/>
      </object_component>
      <object_component id="oc-5ba">
         <name>.text:SPIFIFODisable</name>
         <load_address>0x2000ccda</load_address>
         <run_address>0x2000ccda</run_address>
         <size>0x1a</size>
         <input_file_ref idref="fl-21"/>
      </object_component>
      <object_component id="oc-4f2">
         <name>.text:SPIFIFOEnable</name>
         <load_address>0x2000ccf4</load_address>
         <run_address>0x2000ccf4</run_address>
         <size>0x1a</size>
         <input_file_ref idref="fl-21"/>
      </object_component>
      <object_component id="oc-5b4">
         <name>.text:SPIIntUnregister</name>
         <load_address>0x2000cd0e</load_address>
         <run_address>0x2000cd0e</run_address>
         <size>0x1a</size>
         <input_file_ref idref="fl-21"/>
      </object_component>
      <object_component id="oc-438">
         <name>.text:I2CMasterIntEnableEx</name>
         <load_address>0x2000cd28</load_address>
         <run_address>0x2000cd28</run_address>
         <size>0x18</size>
         <input_file_ref idref="fl-1d"/>
      </object_component>
      <object_component id="oc-4ce">
         <name>.text:SPICSDisable</name>
         <load_address>0x2000cd40</load_address>
         <run_address>0x2000cd40</run_address>
         <size>0x18</size>
         <input_file_ref idref="fl-21"/>
      </object_component>
      <object_component id="oc-83b">
         <name>.text:SPICSEnable</name>
         <load_address>0x2000cd58</load_address>
         <run_address>0x2000cd58</run_address>
         <size>0x18</size>
         <input_file_ref idref="fl-21"/>
      </object_component>
      <object_component id="oc-4d4">
         <name>.text:SPIDisable</name>
         <load_address>0x2000cd70</load_address>
         <run_address>0x2000cd70</run_address>
         <size>0x18</size>
         <input_file_ref idref="fl-21"/>
      </object_component>
      <object_component id="oc-510">
         <name>.text:SPIEnable</name>
         <load_address>0x2000cd88</load_address>
         <run_address>0x2000cd88</run_address>
         <size>0x18</size>
         <input_file_ref idref="fl-21"/>
      </object_component>
      <object_component id="oc-20e">
         <name>.text:UARTCharsAvail</name>
         <load_address>0x2000cda0</load_address>
         <run_address>0x2000cda0</run_address>
         <size>0x18</size>
         <input_file_ref idref="fl-23"/>
      </object_component>
      <object_component id="oc-355">
         <name>.text:WatchdogStallDisable</name>
         <load_address>0x2000cdb8</load_address>
         <run_address>0x2000cdb8</run_address>
         <size>0x18</size>
         <input_file_ref idref="fl-26"/>
      </object_component>
      <object_component id="oc-337">
         <name>.text:WatchdogUnlock</name>
         <load_address>0x2000cdd0</load_address>
         <run_address>0x2000cdd0</run_address>
         <size>0x18</size>
         <input_file_ref idref="fl-26"/>
      </object_component>
      <object_component id="oc-4bd">
         <name>.text:_SlNonOsSemSet</name>
         <load_address>0x2000cde8</load_address>
         <run_address>0x2000cde8</run_address>
         <size>0x18</size>
         <input_file_ref idref="fl-18"/>
      </object_component>
      <object_component id="oc-481">
         <name>.text:_outc</name>
         <load_address>0x2000ce00</load_address>
         <run_address>0x2000ce00</run_address>
         <size>0x18</size>
         <input_file_ref idref="fl-e2"/>
      </object_component>
      <object_component id="oc-381">
         <name>.text:_outs</name>
         <load_address>0x2000ce18</load_address>
         <run_address>0x2000ce18</run_address>
         <size>0x18</size>
         <input_file_ref idref="fl-e1"/>
      </object_component>
      <object_component id="oc-27d">
         <name>.text:_sl_GetStartResponseConvert</name>
         <load_address>0x2000ce30</load_address>
         <run_address>0x2000ce30</run_address>
         <size>0x18</size>
         <input_file_ref idref="fl-14"/>
      </object_component>
      <object_component id="oc-426">
         <name>.text:I2CMasterDataPut</name>
         <load_address>0x2000ce48</load_address>
         <run_address>0x2000ce48</run_address>
         <size>0x16</size>
         <input_file_ref idref="fl-1d"/>
      </object_component>
      <object_component id="oc-432">
         <name>.text:I2CMasterEnable</name>
         <load_address>0x2000ce5e</load_address>
         <run_address>0x2000ce5e</run_address>
         <size>0x16</size>
         <input_file_ref idref="fl-1d"/>
      </object_component>
      <object_component id="oc-402">
         <name>.text:I2CMasterIntClear</name>
         <load_address>0x2000ce74</load_address>
         <run_address>0x2000ce74</run_address>
         <size>0x16</size>
         <input_file_ref idref="fl-1d"/>
      </object_component>
      <object_component id="oc-323">
         <name>.text:PRCMHIBRegRead</name>
         <load_address>0x2000ce8a</load_address>
         <run_address>0x2000ce8a</run_address>
         <size>0x16</size>
         <input_file_ref idref="fl-20"/>
      </object_component>
      <object_component id="oc-329">
         <name>.text:PRCMHIBRegWrite</name>
         <load_address>0x2000cea0</load_address>
         <run_address>0x2000cea0</run_address>
         <size>0x16</size>
         <input_file_ref idref="fl-20"/>
      </object_component>
      <object_component id="oc-34f">
         <name>.text:WatchdogEnable</name>
         <load_address>0x2000ceb6</load_address>
         <run_address>0x2000ceb6</run_address>
         <size>0x16</size>
         <input_file_ref idref="fl-26"/>
      </object_component>
      <object_component id="oc-343">
         <name>.text:WatchdogIntRegister</name>
         <load_address>0x2000cecc</load_address>
         <run_address>0x2000cecc</run_address>
         <size>0x16</size>
         <input_file_ref idref="fl-26"/>
      </object_component>
      <object_component id="oc-4b7">
         <name>.text:_SlDrvMemZero</name>
         <load_address>0x2000cee2</load_address>
         <run_address>0x2000cee2</run_address>
         <size>0x16</size>
         <input_file_ref idref="fl-15"/>
      </object_component>
      <object_component id="oc-7a9">
         <name>.text:strchr</name>
         <load_address>0x2000cef8</load_address>
         <run_address>0x2000cef8</run_address>
         <size>0x16</size>
         <input_file_ref idref="fl-105"/>
      </object_component>
      <object_component id="oc-30d">
         <name>.text:CPUcpsie</name>
         <load_address>0x2000cf0e</load_address>
         <run_address>0x2000cf0e</run_address>
         <size>0x14</size>
         <input_file_ref idref="fl-27"/>
      </object_component>
      <object_component id="oc-123">
         <name>.text:IntVTableBaseSet</name>
         <load_address>0x2000cf24</load_address>
         <run_address>0x2000cf24</run_address>
         <size>0x14</size>
         <input_file_ref idref="fl-1e"/>
      </object_component>
      <object_component id="oc-21a">
         <name>.text:strlen</name>
         <load_address>0x2000cf38</load_address>
         <run_address>0x2000cf38</run_address>
         <size>0x14</size>
         <input_file_ref idref="fl-f3"/>
      </object_component>
      <object_component id="oc-40e">
         <name>.text:I2CMasterControl</name>
         <load_address>0x2000cf4c</load_address>
         <run_address>0x2000cf4c</run_address>
         <size>0x12</size>
         <input_file_ref idref="fl-1d"/>
      </object_component>
      <object_component id="oc-408">
         <name>.text:I2CMasterTimeoutSet</name>
         <load_address>0x2000cf5e</load_address>
         <run_address>0x2000cf5e</run_address>
         <size>0x12</size>
         <input_file_ref idref="fl-1d"/>
      </object_component>
      <object_component id="oc-35b">
         <name>.text:WatchdogIntUnregister</name>
         <load_address>0x2000cf70</load_address>
         <run_address>0x2000cf70</run_address>
         <size>0x12</size>
         <input_file_ref idref="fl-26"/>
      </object_component>
      <object_component id="oc-349">
         <name>.text:WatchdogReloadSet</name>
         <load_address>0x2000cf82</load_address>
         <run_address>0x2000cf82</run_address>
         <size>0x12</size>
         <input_file_ref idref="fl-26"/>
      </object_component>
      <object_component id="oc-62f">
         <name>.text:wcslen</name>
         <load_address>0x2000cf94</load_address>
         <run_address>0x2000cf94</run_address>
         <size>0x12</size>
         <input_file_ref idref="fl-106"/>
      </object_component>
      <object_component id="oc-13b">
         <name>.text:WatchdogIntClear</name>
         <load_address>0x2000cfa6</load_address>
         <run_address>0x2000cfa6</run_address>
         <size>0x10</size>
         <input_file_ref idref="fl-26"/>
      </object_component>
      <object_component id="oc-914">
         <name>.text:_SlDrvDispatchHttpServerEvents</name>
         <load_address>0x2000cfb6</load_address>
         <run_address>0x2000cfb6</run_address>
         <size>0x10</size>
         <input_file_ref idref="fl-15"/>
      </object_component>
      <object_component id="oc-42c">
         <name>.text:I2CMasterDataGet</name>
         <load_address>0x2000cfc6</load_address>
         <run_address>0x2000cfc6</run_address>
         <size>0xe</size>
         <input_file_ref idref="fl-1d"/>
      </object_component>
      <object_component id="oc-2d0">
         <name>.text:_SlDrvResetCmdExt</name>
         <load_address>0x2000cfd4</load_address>
         <run_address>0x2000cfd4</run_address>
         <size>0xe</size>
         <input_file_ref idref="fl-15"/>
      </object_component>
      <object_component id="oc-1b">
         <name>.text:decompress:none:__TI_decompress_none</name>
         <load_address>0x2000cfe2</load_address>
         <run_address>0x2000cfe2</run_address>
         <size>0xe</size>
         <input_file_ref idref="fl-ef"/>
      </object_component>
      <object_component id="oc-29">
         <name>.text</name>
         <load_address>0x2000cff0</load_address>
         <run_address>0x2000cff0</run_address>
         <size>0xe</size>
         <input_file_ref idref="fl-9"/>
      </object_component>
      <object_component id="oc-36b">
         <name>.text:CPUwfi</name>
         <load_address>0x2000cffe</load_address>
         <run_address>0x2000cffe</run_address>
         <size>0xc</size>
         <input_file_ref idref="fl-27"/>
      </object_component>
      <object_component id="oc-53c">
         <name>.text:NwpMaskInterrupt</name>
         <load_address>0x2000d00c</load_address>
         <run_address>0x2000d00c</run_address>
         <size>0xc</size>
         <input_file_ref idref="fl-1b"/>
      </object_component>
      <object_component id="oc-556">
         <name>.text:NwpUnMaskInterrupt</name>
         <load_address>0x2000d018</load_address>
         <run_address>0x2000d018</run_address>
         <size>0xc</size>
         <input_file_ref idref="fl-1b"/>
      </object_component>
      <object_component id="oc-7ca">
         <name>.text:copysign</name>
         <load_address>0x2000d024</load_address>
         <run_address>0x2000d024</run_address>
         <size>0xc</size>
         <input_file_ref idref="fl-f7"/>
      </object_component>
      <object_component id="oc-129">
         <name>.text:IntMasterEnable</name>
         <load_address>0x2000d030</load_address>
         <run_address>0x2000d030</run_address>
         <size>0xa</size>
         <input_file_ref idref="fl-1e"/>
      </object_component>
      <object_component id="oc-387">
         <name>.text:_outc</name>
         <load_address>0x2000d03a</load_address>
         <run_address>0x2000d03a</run_address>
         <size>0xa</size>
         <input_file_ref idref="fl-e1"/>
      </object_component>
      <object_component id="oc-14e">
         <name>.text:PRCMSleepEnter</name>
         <load_address>0x2000d044</load_address>
         <run_address>0x2000d044</run_address>
         <size>0x8</size>
         <input_file_ref idref="fl-20"/>
      </object_component>
[...]
      </symbol>
      <symbol id="sm-b6c">
         <name>PRCMPeripheralClkEnable</name>
         <value>0x2000c49d</value>
         <object_component_ref idref="oc-147"/>
      </symbol>
      <symbol id="sm-b6d">
         <name>PRCMPeripheralClockGet</name>
         <value>0x2000a99d</value>
         <object_component_ref idref="oc-1f6"/>
      </symbol>
      <symbol id="sm-b6e">
         <name>PRCMCC3200MCUInit</name>
         <value>0x200082c1</value>
         <object_component_ref idref="oc-135"/>
      </symbol>
      <symbol id="sm-b6f">
         <name>PRCMHIBRegWrite</name>
         <value>0x2000cea1</value>
         <object_component_ref idref="oc-329"/>
      </symbol>
      <symbol id="sm-b70">
         <name>PRCMSysResetCauseGet</name>
         <value>0x2000c789</value>
         <object_component_ref idref="oc-31d"/>
      </symbol>
      <symbol id="sm-b71">
         <name>PRCMSleepEnter</name>
         <value>0x2000d045</value>
         <object_component_ref idref="oc-14e"/>
      </symbol>
      <symbol id="sm-b72">
         <name>PRCMPeripheralStatusGet</name>
         <value>0x2000c665</value>
         <object_component_ref idref="oc-4e6"/>
      </symbol>
      <symbol id="sm-b73">
         <name>PRCMPeripheralClkDisable</name>
         <value>0x2000c861</value>
         <object_component_ref idref="oc-154"/>
      </symbol>
      <symbol id="sm-b74">
         <name>PRCMHIBRegRead</name>
         <value>0x2000ce8b</value>
         <object_component_ref idref="oc-323"/>
      </symbol>
      <symbol id="sm-c2f">
         <name>SPIFIFODisable</name>
         <value>0x2000ccdb</value>
         <object_component_ref idref="oc-5ba"/>
      </symbol>
      <symbol id="sm-c30">
         <name>SPICSEnable</name>
         <value>0x2000cd59</value>
         <object_component_ref idref="oc-83b"/>
      </symbol>
      <symbol id="sm-c31">
         <name>SPIDisable</name>
         <value>0x2000cd71</value>
         <object_component_ref idref="oc-4d4"/>
      </symbol>
      <symbol id="sm-c32">
         <name>SPIFIFOEnable</name>
         <value>0x2000ccf5</value>
         <object_component_ref idref="oc-4f2"/>
      </symbol>
      <symbol id="sm-c33">
         <name>SPIWordCountSet</name>
         <value>0x2000ca71</value>
         <object_component_ref idref="oc-841"/>
      </symbol>
      <symbol id="sm-c34">
         <name>SPIEnable</name>
         <value>0x2000cd89</value>
         <object_component_ref idref="oc-510"/>
      </symbol>
      <symbol id="sm-c35">
         <name>SPIDmaEnable</name>
         <value>0x2000ccc1</value>
         <object_component_ref idref="oc-4f8"/>
      </symbol>
      <symbol id="sm-c36">
         <name>SPIConfigSetExpClk</name>
         <value>0x2000a565</value>
         <object_component_ref idref="oc-4e0"/>
      </symbol>
      <symbol id="sm-c37">
         <name>SPIIntUnregister</name>
         <value>0x2000cd0f</value>
         <object_component_ref idref="oc-5b4"/>
      </symbol>
      <symbol id="sm-c38">
         <name>SPIFIFOLevelSet</name>
         <value>0x2000c699</value>
         <object_component_ref idref="oc-4fe"/>
      </symbol>
      <symbol id="sm-c39">
         <name>SPIDmaDisable</name>
         <value>0x2000cca7</value>
         <object_component_ref idref="oc-5c0"/>
      </symbol>
      <symbol id="sm-c3a">
         <name>SPIReset</name>
         <value>0x2000ca4f</value>
         <object_component_ref idref="oc-4da"/>
      </symbol>
      <symbol id="sm-c3b">
         <name>SPIIntEnable</name>
         <value>0x2000be79</value>
         <object_component_ref idref="oc-50a"/>
      </symbol>
      <symbol id="sm-c3c">
         <name>SPIIntClear</name>
         <value>0x2000bff5</value>
         <object_component_ref idref="oc-71f"/>
      </symbol>
      <symbol id="sm-c3d">
         <name>SPICSDisable</name>
         <value>0x2000cd41</value>
         <object_component_ref idref="oc-4ce"/>
      </symbol>
      <symbol id="sm-c70">
         <name>TimerLoadSet</name>
         <value>0x2000c80d</value>
         <object_component_ref idref="oc-8e0"/>
      </symbol>
      <symbol id="sm-c71">
         <name>TimerEnable</name>
         <value>0x2000cb53</value>
         <object_component_ref idref="oc-8e6"/>
      </symbol>
      <symbol id="sm-c72">
         <name>TimerValueGet</name>
         <value>0x2000cbad</value>
         <object_component_ref idref="oc-886"/>
      </symbol>
      <symbol id="sm-c73">
         <name>TimerPrescaleSet</name>
         <value>0x2000c837</value>
         <object_component_ref idref="oc-8da"/>
      </symbol>
      <symbol id="sm-c74">
         <name>TimerConfigure</name>
         <value>0x2000c111</value>
         <object_component_ref idref="oc-8d4"/>
      </symbol>
      <symbol id="sm-cb0">
         <name>UARTConfigSetExpClk</name>
         <value>0x2000b431</value>
         <object_component_ref idref="oc-1fc"/>
      </symbol>
      <symbol id="sm-cb1">
         <name>UARTDisable</name>
         <value>0x2000c6cd</value>
         <object_component_ref idref="oc-46d"/>
      </symbol>
      <symbol id="sm-cb2">
         <name>UARTCharsAvail</name>
         <value>0x2000cda1</value>
         <object_component_ref idref="oc-20e"/>
      </symbol>
      <symbol id="sm-cb3">
         <name>UARTCharGetNonBlocking</name>
         <value>0x2000cbc9</value>
         <object_component_ref idref="oc-214"/>
      </symbol>
      <symbol id="sm-cb4">
         <name>UARTCharPut</name>
         <value>0x2000cb71</value>
         <object_component_ref idref="oc-202"/>
      </symbol>
      <symbol id="sm-cb5">
         <name>UARTEnable</name>
         <value>0x2000c9e5</value>
         <object_component_ref idref="oc-473"/>
      </symbol>
      <symbol id="sm-d0c">
         <name>uDMAChannelControlSet</name>
         <value>0x2000c515</value>
         <object_component_ref idref="oc-944"/>
      </symbol>
      <symbol id="sm-d0d">
         <name>uDMAChannelAttributeEnable</name>
         <value>0x2000b939</value>
         <object_component_ref idref="oc-94a"/>
      </symbol>
      <symbol id="sm-d0e">
         <name>uDMAChannelTransferSet</name>
         <value>0x200097d9</value>
         <object_component_ref idref="oc-950"/>
      </symbol>
      <symbol id="sm-d0f">
         <name>uDMAChannelAssign</name>
         <value>0x2000bfa9</value>
         <object_component_ref idref="oc-6fd"/>
      </symbol>
      <symbol id="sm-d10">
         <name>uDMAChannelAttributeDisable</name>
         <value>0x2000b8d5</value>
         <object_component_ref idref="oc-703"/>
      </symbol>
      <symbol id="sm-d11">
         <name>uDMAChannelEnable</name>
         <value>0x2000cc71</value>
         <object_component_ref idref="oc-956"/>
      </symbol>
      <symbol id="sm-d15">
         <name>UtilsDelay</name>
         <value>0x2000d05d</value>
         <object_component_ref idref="oc-14d"/>
      </symbol>
      <symbol id="sm-d54">
         <name>WatchdogIntClear</name>
         <value>0x2000cfa7</value>
         <object_component_ref idref="oc-13b"/>
      </symbol>
      <symbol id="sm-d55">
         <name>WatchdogUnlock</name>
         <value>0x2000cdd1</value>
         <object_component_ref idref="oc-337"/>
      </symbol>
      <symbol id="sm-d56">
         <name>WatchdogStallDisable</name>
         <value>0x2000cdb9</value>
         <object_component_ref idref="oc-355"/>
      </symbol>
      <symbol id="sm-d57">
         <name>WatchdogReloadSet</name>
         <value>0x2000cf83</value>
         <object_component_ref idref="oc-349"/>
      </symbol>
      <symbol id="sm-d58">
         <name>WatchdogEnable</name>
         <value>0x2000ceb7</value>
         <object_component_ref idref="oc-34f"/>
      </symbol>
      <symbol id="sm-d59">
         <name>WatchdogIntRegister</name>
         <value>0x2000cecd</value>
         <object_component_ref idref="oc-343"/>
      </symbol>
      <symbol id="sm-d5a">
         <name>WatchdogIntUnregister</name>
         <value>0x2000cf71</value>
         <object_component_ref idref="oc-35b"/>
      </symbol>
      <symbol id="sm-d6c">
         <name>CPUcpsie</name>
         <value>0x2000cf0f</value>
         <object_component_ref idref="oc-30d"/>
      </symbol>
      <symbol id="sm-d6d">
         <name>CPUwfi</name>
         <value>0x2000cfff</value>
         <object_component_ref idref="oc-36b"/>
      </symbol>
      <symbol id="sm-e06">
         <name>pow</name>
         <value>0x20005b5d</value>
         <object_component_ref idref="oc-3a2"/>
      </symbol>
      <symbol id="sm-e07">
         <name>powl</name>
         <value>0x20005b5d</value>
         <object_component_ref idref="oc-3a2"/>
      </symbol>
      <symbol id="sm-e29">
         <name>sqrtl</name>
         <value>0x200085a9</value>
         <object_component_ref idref="oc-649"/>
      </symbol>
      <symbol id="sm-e2a">
         <name>sqrt</name>
         <value>0x200085a9</value>
         <object_component_ref idref="oc-649"/>
      </symbol>
      <symbol id="sm-e52">
         <name>scalbn</name>
         <value>0x20009e21</value>
         <object_component_ref idref="oc-657"/>
      </symbol>
      <symbol id="sm-e53">
         <name>scalbnl</name>
         <value>0x20009e21</value>
         <object_component_ref idref="oc-657"/>
      </symbol>
      <symbol id="sm-e54">
         <name>ldexpl</name>
         <value>0x20009e21</value>
         <object_component_ref idref="oc-657"/>
      </symbol>
      <symbol id="sm-e55">
         <name>ldexp</name>
         <value>0x20009e21</value>
         <object_component_ref idref="oc-657"/>
      </symbol>
      <symbol id="sm-e7c">
         <name>sprintf</name>
         <value>0x2000c365</value>
         <object_component_ref idref="oc-165"/>
      </symbol>
      <symbol id="sm-ea6">
         <name>vsnprintf</name>
         <value>0x2000c3a5</value>
         <object_component_ref idref="oc-208"/>
      </symbol>
      <symbol id="sm-ebd">
         <name>__aeabi_dsub</name>
         <value>0x20007c29</value>
         <object_component_ref idref="oc-398"/>
      </symbol>
      <symbol id="sm-ebe">
         <name>__aeabi_dadd</name>
         <value>0x20007c33</value>
         <object_component_ref idref="oc-398"/>
      </symbol>
      <symbol id="sm-ee0">
         <name>__aeabi_cdcmpeq</name>
         <value>0x2000af25</value>
         <object_component_ref idref="oc-60c"/>
      </symbol>
      <symbol id="sm-ee1">
         <name>__aeabi_cdcmple</name>
         <value>0x2000af25</value>
         <object_component_ref idref="oc-60c"/>
      </symbol>
      <symbol id="sm-ee2">
         <name>__aeabi_cdrcmple</name>
         <value>0x2000afab</value>
         <object_component_ref idref="oc-652"/>
      </symbol>
      <symbol id="sm-ef6">
         <name>__aeabi_ddiv</name>
         <value>0x20008c1d</value>
         <object_component_ref idref="oc-3a8"/>
      </symbol>
      <symbol id="sm-f01">
         <name>__aeabi_dmul</name>
         <value>0x2000940d</value>
         <object_component_ref idref="oc-39d"/>
      </symbol>
      <symbol id="sm-f0d">
         <name>__aeabi_d2f</name>
         <value>0x2000b5fb</value>
         <object_component_ref idref="oc-3b2"/>
      </symbol>
      <symbol id="sm-f18">
         <name>__aeabi_f2d</name>
         <value>0x2000c589</value>
         <object_component_ref idref="oc-177"/>
      </symbol>
      <symbol id="sm-f22">
         <name>__aeabi_f2iz</name>
         <value>0x2000c5c1</value>
         <object_component_ref idref="oc-15a"/>
      </symbol>
      <symbol id="sm-f2c">
         <name>__aeabi_i2d</name>
         <value>0x2000c72d</value>
         <object_component_ref idref="oc-3ad"/>
      </symbol>
      <symbol id="sm-f47">
         <name>memcpy</name>
         <value>0x2000a605</value>
         <object_component_ref idref="oc-3d"/>
      </symbol>
      <symbol id="sm-f48">
         <name>__aeabi_memcpy</name>
         <value>0x2000a605</value>
         <object_component_ref idref="oc-3d"/>
      </symbol>
      <symbol id="sm-f49">
         <name>__aeabi_memcpy8</name>
         <value>0x2000a605</value>
         <object_component_ref idref="oc-3d"/>
      </symbol>
      <symbol id="sm-f4a">
         <name>__aeabi_memcpy4</name>
         <value>0x2000a605</value>
         <object_component_ref idref="oc-3d"/>
      </symbol>
      <symbol id="sm-f59">
         <name>__aeabi_memset</name>
         <value>0x2000b33f</value>
         <object_component_ref idref="oc-8b"/>
      </symbol>
      <symbol id="sm-f5a">
         <name>memset</name>
         <value>0x2000b345</value>
         <object_component_ref idref="oc-8b"/>
      </symbol>
      <symbol id="sm-f5b">
         <name>__aeabi_memset8</name>
         <value>0x2000b33f</value>
         <object_component_ref idref="oc-8b"/>
      </symbol>
      <symbol id="sm-f5c">
         <name>__aeabi_memset4</name>
         <value>0x2000b33f</value>
         <object_component_ref idref="oc-8b"/>
      </symbol>
      <symbol id="sm-f5d">
         <name>__aeabi_memclr8</name>
         <value>0x2000b33d</value>
         <object_component_ref idref="oc-8b"/>
      </symbol>
      <symbol id="sm-f5e">
         <name>__aeabi_memclr4</name>
         <value>0x2000b33d</value>
         <object_component_ref idref="oc-8b"/>
      </symbol>
      <symbol id="sm-f5f">
         <name>__aeabi_memclr</name>
         <value>0x2000b33d</value>
         <object_component_ref idref="oc-8b"/>
      </symbol>
      <symbol id="sm-f6c">
         <name>__aeabi_uldivmod</name>
         <value>0x2000a905</value>
         <object_component_ref idref="oc-776"/>
      </symbol>
      <symbol id="sm-f80">
         <name>__TI_zero_init_nomemset</name>
         <value>0x2000cc01</value>
         <object_component_ref idref="oc-49"/>
      </symbol>
      <symbol id="sm-f97">
         <name>__TI_decompress_none</name>
         <value>0x2000cfe3</value>
         <object_component_ref idref="oc-1b"/>
      </symbol>
      <symbol id="sm-fba">
         <name>__TI_decompress_lzss</name>
         <value>0x2000b741</value>
         <object_component_ref idref="oc-15"/>
      </symbol>
      <symbol id="sm-fcb">
         <name>memmove</name>
         <value>0x2000c929</value>
         <object_component_ref idref="oc-220"/>
      </symbol>
      <symbol id="sm-1069">
         <name>_sys_memory</name>
         <value>0x20017000</value>
         <object_component_ref idref="oc-23"/>
      </symbol>
      <symbol id="sm-106a">
         <name>free</name>
         <value>0x20009a99</value>
         <object_component_ref idref="oc-22c"/>
      </symbol>
      <symbol id="sm-106b">
         <name>realloc</name>
         <value>0x20009b7d</value>
         <object_component_ref idref="oc-226"/>
      </symbol>
      <symbol id="sm-106c">
         <name>memalign</name>
         <value>0x2000930d</value>
         <object_component_ref idref="oc-374"/>
      </symbol>
      <symbol id="sm-106d">
         <name>malloc</name>
         <value>0x2000d055</value>
         <object_component_ref idref="oc-15f"/>
      </symbol>
      <symbol id="sm-106e">
         <name>aligned_alloc</name>
         <value>0x2000930d</value>
         <object_component_ref idref="oc-374"/>
      </symbol>
      <symbol id="sm-107c">
         <name>strlen</name>
         <value>0x2000cf39</value>
         <object_component_ref idref="oc-21a"/>
      </symbol>
      <symbol id="sm-10a0">
         <name>strtol</name>
         <value>0x20008fb9</value>
         <object_component_ref idref="oc-17c"/>
      </symbol>
      <symbol id="sm-10b2">
         <name>__stack</name>
         <value>0x2002eb00</value>
         <object_component_ref idref="oc-26"/>
      </symbol>
      <symbol id="sm-10b3">
         <name>_c_int00_noargs</name>
         <value>0x2000ca09</value>
         <object_component_ref idref="oc-5b"/>
      </symbol>
      <symbol id="sm-10c9">
         <name>__aeabi_errno_addr</name>
         <value>0x2000d04d</value>
         <object_component_ref idref="oc-3ba"/>
      </symbol>
      <symbol id="sm-10ca">
         <name>errno</name>
         <value>0x2001f398</value>
         <object_component_ref idref="oc-66a"/>
      </symbol>
      <symbol id="sm-10d4">
         <name>copysign</name>
         <value>0x2000d025</value>
         <object_component_ref idref="oc-7ca"/>
      </symbol>
      <symbol id="sm-10d5">
         <name>copysignl</name>
         <value>0x2000d025</value>
         <object_component_ref idref="oc-7ca"/>
      </symbol>
      <symbol id="sm-123a">
         <name>__TI_printfi</name>
         <value>0x2000510d</value>
         <object_component_ref idref="oc-37b"/>
      </symbol>
      <symbol id="sm-1244">
         <name>__aeabi_idiv0</name>
         <value>0x20008d53</value>
         <object_component_ref idref="oc-856"/>
      </symbol>
      <symbol id="sm-1245">
         <name>__aeabi_ldiv0</name>
         <value>0x20008d53</value>
         <object_component_ref idref="oc-856"/>
      </symbol>
      <symbol id="sm-124f">
         <name>__aeabi_d2iz</name>
         <value>0x2000c085</value>
         <object_component_ref idref="oc-77d"/>
      </symbol>
      <symbol id="sm-1277">
         <name>__TI_auto_init_nobinit_nopinit</name>
         <value>0x2000c1dd</value>
         <object_component_ref idref="oc-1c4"/>
      </symbol>
      <symbol id="sm-1281">
         <name>_system_pre_init</name>
         <value>0x2000d063</value>
         <object_component_ref idref="oc-91"/>
      </symbol>
      <symbol id="sm-128d">
         <name>C$$EXIT</name>
         <value>0x2000d067</value>
         <object_component_ref idref="oc-1b8"/>
      </symbol>
      <symbol id="sm-128e">
         <name>abort</name>
         <value>0x2000d067</value>
         <object_component_ref idref="oc-1b8"/>
      </symbol>
      <symbol id="sm-12a3">
         <name>_nop</name>
         <value>0x20007ddf</value>
         <object_component_ref idref="oc-6b8"/>
      </symbol>
      <symbol id="sm-12a4">
         <name>_lock</name>
         <value>0x2001f388</value>
         <object_component_ref idref="oc-450"/>
      </symbol>
      <symbol id="sm-12a5">
         <name>_unlock</name>
         <value>0x2001f38c</value>
         <object_component_ref idref="oc-450"/>
      </symbol>
      <symbol id="sm-12b4">
         <name>__TI_ltoa</name>
         <value>0x2000bd2d</value>
         <object_component_ref idref="oc-782"/>
      </symbol>
      <symbol id="sm-12cb">
         <name>atoi</name>
         <value>0x2000bf5d</value>
         <object_component_ref idref="oc-600"/>
      </symbol>
      <symbol id="sm-12d6">
         <name>_ctypes_</name>
         <value>0x2000d070</value>
         <object_component_ref idref="oc-3c0"/>
      </symbol>
      <symbol id="sm-12e6">
         <name>memccpy</name>
         <value>0x2000cc39</value>
         <object_component_ref idref="oc-629"/>
      </symbol>
      <symbol id="sm-12f6">
         <name>strchr</name>
         <value>0x2000cef9</value>
         <object_component_ref idref="oc-7a9"/>
      </symbol>
      <symbol id="sm-130f">
         <name>wcslen</name>
         <value>0x2000cf95</value>
         <object_component_ref idref="oc-62f"/>
      </symbol>
      <symbol id="sm-1325">
         <name>frexpl</name>
         <value>0x2000bb21</value>
         <object_component_ref idref="oc-7a3"/>
      </symbol>
      <symbol id="sm-1326">
         <name>frexp</name>
         <value>0x2000bb21</value>
         <object_component_ref idref="oc-7a3"/>
      </symbol>
      <symbol id="sm-1327">
         <name>__TI_static_base__</name>
         <value>0x2000d640</value>
      </symbol>
      <symbol id="sm-132a">
         <name>__mpu_init</name>
         <value>0x0</value>
      </symbol>
      <symbol id="sm-132b">
         <name>_system_post_cinit</name>
         <value>0x0</value>
      </symbol>
   </symbol_table>
   <title>Link successful</title>
</link_info>
