<?xml version="1.0" encoding="ISO-8859-1" ?>
<link_info>
   <banner>TI ARM Linker PC v20.2.7.LTS</banner>
   <copyright>Copyright (c) 1996-2018 Texas Instruments Incorporated</copyright>
   <link_time>0x643e87d7</link_time>
   <link_errors>0x0</link_errors>
   <output_file>transceiver_mode.out</output_file>
   <entry_point>
      <name>_c_int00_noargs</name>
      <address>0x2000b7f9</address>
   </entry_point>
   <input_file_list>
      <input_file id="fl-2">
         <path>.\</path>
         <kind>object</kind>
         <file>main.obj</file>
         <name>main.obj</name>
      </input_file>
      <input_file id="fl-3">
         <path>.\</path>
         <kind>object</kind>
         <file>network_common.obj</file>
         <name>network_common.obj</name>
      </input_file>
      <input_file id="fl-4">
         <path>.\</path>
         <kind>object</kind>
         <file>pinmux.obj</file>
         <name>pinmux.obj</name>
      </input_file>
      <input_file id="fl-5">
         <path>.\</path>
         <kind>object</kind>
         <file>startup_ccs.obj</file>
         <name>startup_ccs.obj</name>
      </input_file>
      <input_file id="fl-6">
         <path>.\</path>
         <kind>object</kind>
         <file>uart_if.obj</file>
         <name>uart_if.obj</name>
      </input_file>
      <input_file id="fl-c">
         <kind>object</kind>
         <file>&lt;internal&gt;</file>
         <name>&lt;internal&gt;</name>
      </input_file>
      <input_file id="fl-d">
         <path>C:\TI\CC3200SDK_1.5.0\cc3200-sdk\simplelink\ccs\NON_OS_debug\</path>
         <kind>archive</kind>
         <file>simplelink.a</file>
         <name>device.obj</name>
      </input_file>
      <input_file id="fl-e">
         <path>C:\TI\CC3200SDK_1.5.0\cc3200-sdk\simplelink\ccs\NON_OS_debug\</path>
         <kind>archive</kind>
         <file>simplelink.a</file>
         <name>driver.obj</name>
      </input_file>
      <input_file id="fl-f">
         <path>C:\TI\CC3200SDK_1.5.0\cc3200-sdk\simplelink\ccs\NON_OS_debug\</path>
         <kind>archive</kind>
         <file>simplelink.a</file>
         <name>netapp.obj</name>
      </input_file>
      <input_file id="fl-10">
         <path>C:\TI\CC3200SDK_1.5.0\cc3200-sdk\simplelink\ccs\NON_OS_debug\</path>
         <kind>archive</kind>
         <file>simplelink.a</file>
         <name>netcfg.obj</name>
      </input_file>
      <input_file id="fl-11">
         <path>C:\TI\CC3200SDK_1.5.0\cc3200-sdk\simplelink\ccs\NON_OS_debug\</path>
         <kind>archive</kind>
         <file>simplelink.a</file>
         <name>nonos.obj</name>
      </input_file>
      <input_file id="fl-12">
         <path>C:\TI\CC3200SDK_1.5.0\cc3200-sdk\simplelink\ccs\NON_OS_debug\</path>
         <kind>archive</kind>
         <file>simplelink.a</file>
         <name>socket.obj</name>
      </input_file>
      <input_file id="fl-13">
         <path>C:\TI\CC3200SDK_1.5.0\cc3200-sdk\simplelink\ccs\NON_OS_debug\</path>
         <kind>archive</kind>
         <file>simplelink.a</file>
         <name>wlan.obj</name>
      </input_file>
      <input_file id="fl-14">
         <path>C:\TI\CC3200SDK_1.5.0\cc3200-sdk\simplelink\ccs\NON_OS_debug\</path>
         <kind>archive</kind>
         <file>simplelink.a</file>
         <name>cc_pal.obj</name>
      </input_file>
      <input_file id="fl-15">
         <path>C:\TI\CC3200SDK_1.5.0\cc3200-sdk\driverlib\ccs\Release\</path>
         <kind>archive</kind>
         <file>driverlib.a</file>
         <name>interrupt.obj</name>
      </input_file>
      <input_file id="fl-16">
         <path>C:\TI\CC3200SDK_1.5.0\cc3200-sdk\driverlib\ccs\Release\</path>
         <kind>archive</kind>
         <file>driverlib.a</file>
         <name>pin.obj</name>
      </input_file>
      <input_file id="fl-17">
         <path>C:\TI\CC3200SDK_1.5.0\cc3200-sdk\driverlib\ccs\Release\</path>
         <kind>archive</kind>
         <file>driverlib.a</file>
         <name>prcm.obj</name>
      </input_file>
      <input_file id="fl-18">
         <path>C:\TI\CC3200SDK_1.5.0\cc3200-sdk\driverlib\ccs\Release\</path>
         <kind>archive</kind>
         <file>driverlib.a</file>
         <name>spi.obj</name>
      </input_file>
      <input_file id="fl-19">
         <path>C:\TI\CC3200SDK_1.5.0\cc3200-sdk\driverlib\ccs\Release\</path>
         <kind>archive</kind>
         <file>driverlib.a</file>
         <name>timer.obj</name>
      </input_file>
      <input_file id="fl-1a">
         <path>C:\TI\CC3200SDK_1.5.0\cc3200-sdk\driverlib\ccs\Release\</path>
         <kind>archive</kind>
         <file>driverlib.a</file>
         <name>uart.obj</name>
      </input_file>
      <input_file id="fl-1b">
         <path>C:\TI\CC3200SDK_1.5.0\cc3200-sdk\driverlib\ccs\Release\</path>
         <kind>archive</kind>
         <file>driverlib.a</file>
         <name>udma.obj</name>
      </input_file>
      <input_file id="fl-1c">
         <path>C:\TI\CC3200SDK_1.5.0\cc3200-sdk\driverlib\ccs\Release\</path>
         <kind>archive</kind>
         <file>driverlib.a</file>
         <name>utils.obj</name>
      </input_file>
      <input_file id="fl-1d">
         <path>C:\TI\CC3200SDK_1.5.0\cc3200-sdk\driverlib\ccs\Release\</path>
         <kind>archive</kind>
         <file>driverlib.a</file>
         <name>cpu.obj</name>
      </input_file>
      <input_file id="fl-1e">
         <path>C:\TI\CC3200SDK_1.5.0\cc3200-sdk\driverlib\ccs\Release\</path>
         <kind>archive</kind>
         <file>driverlib.a</file>
         <name>flash.obj</name>
      </input_file>
      <input_file id="fl-d4">
         <path>C:\TI\ccs1230\ccs\tools\compiler\ti-cgt-arm_20.2.7.LTS\lib\</path>
         <kind>archive</kind>
         <file>rtsv7M4_T_le_eabi.lib</file>
         <name>vsnprintf.c.obj</name>
      </input_file>
      <input_file id="fl-d5">
         <path>C:\TI\ccs1230\ccs\tools\compiler\ti-cgt-arm_20.2.7.LTS\lib\</path>
         <kind>archive</kind>
         <file>rtsv7M4_T_le_eabi.lib</file>
         <name>memcpy_t2.asm.obj</name>
      </input_file>
      <input_file id="fl-d6">
         <path>C:\TI\ccs1230\ccs\tools\compiler\ti-cgt-arm_20.2.7.LTS\lib\</path>
         <kind>archive</kind>
         <file>rtsv7M4_T_le_eabi.lib</file>
         <name>memset_t2.asm.obj</name>
      </input_file>
      <input_file id="fl-d7">
         <path>C:\TI\ccs1230\ccs\tools\compiler\ti-cgt-arm_20.2.7.LTS\lib\</path>
         <kind>archive</kind>
         <file>rtsv7M4_T_le_eabi.lib</file>
         <name>ull_div_t2.asm.obj</name>
      </input_file>
      <input_file id="fl-d8">
         <path>C:\TI\ccs1230\ccs\tools\compiler\ti-cgt-arm_20.2.7.LTS\lib\</path>
         <kind>archive</kind>
         <file>rtsv7M4_T_le_eabi.lib</file>
         <name>copy_zero_init.c.obj</name>
      </input_file>
      <input_file id="fl-d9">
         <path>C:\TI\ccs1230\ccs\tools\compiler\ti-cgt-arm_20.2.7.LTS\lib\</path>
         <kind>archive</kind>
         <file>rtsv7M4_T_le_eabi.lib</file>
         <name>copy_decompress_none.c.obj</name>
      </input_file>
      <input_file id="fl-da">
         <path>C:\TI\ccs1230\ccs\tools\compiler\ti-cgt-arm_20.2.7.LTS\lib\</path>
         <kind>archive</kind>
         <file>rtsv7M4_T_le_eabi.lib</file>
         <name>copy_decompress_lzss.c.obj</name>
      </input_file>
      <input_file id="fl-db">
         <path>C:\TI\ccs1230\ccs\tools\compiler\ti-cgt-arm_20.2.7.LTS\lib\</path>
         <kind>archive</kind>
         <file>rtsv7M4_T_le_eabi.lib</file>
         <name>localtim.c.obj</name>
      </input_file>
      <input_file id="fl-dc">
         <path>C:\TI\ccs1230\ccs\tools\compiler\ti-cgt-arm_20.2.7.LTS\lib\</path>
         <kind>archive</kind>
         <file>rtsv7M4_T_le_eabi.lib</file>
         <name>memmov.c.obj</name>
      </input_file>
      <input_file id="fl-dd">
         <path>C:\TI\ccs1230\ccs\tools\compiler\ti-cgt-arm_20.2.7.LTS\lib\</path>
         <kind>archive</kind>
         <file>rtsv7M4_T_le_eabi.lib</file>
         <name>memory.c.obj</name>
      </input_file>
      <input_file id="fl-de">
         <path>C:\TI\ccs1230\ccs\tools\compiler\ti-cgt-arm_20.2.7.LTS\lib\</path>
         <kind>archive</kind>
         <file>rtsv7M4_T_le_eabi.lib</file>
         <name>mktime.c.obj</name>
      </input_file>
      <input_file id="fl-df">
         <path>C:\TI\ccs1230\ccs\tools\compiler\ti-cgt-arm_20.2.7.LTS\lib\</path>
         <kind>archive</kind>
         <file>rtsv7M4_T_le_eabi.lib</file>
         <name>strlen.c.obj</name>
      </input_file>
      <input_file id="fl-e0">
         <path>C:\TI\ccs1230\ccs\tools\compiler\ti-cgt-arm_20.2.7.LTS\lib\</path>
         <kind>archive</kind>
         <file>rtsv7M4_T_le_eabi.lib</file>
         <name>tmzone.c.obj</name>
      </input_file>
      <input_file id="fl-e1">
         <path>C:\TI\ccs1230\ccs\tools\compiler\ti-cgt-arm_20.2.7.LTS\lib\</path>
         <kind>archive</kind>
         <file>rtsv7M4_T_le_eabi.lib</file>
         <name>boot_cortex_m.c.obj</name>
      </input_file>
      <input_file id="fl-e2">
         <path>C:\TI\ccs1230\ccs\tools\compiler\ti-cgt-arm_20.2.7.LTS\lib\</path>
         <kind>archive</kind>
         <file>rtsv7M4_T_le_eabi.lib</file>
         <name>time.c.obj</name>
      </input_file>
      <input_file id="fl-e3">
         <path>C:\TI\ccs1230\ccs\tools\compiler\ti-cgt-arm_20.2.7.LTS\lib\</path>
         <kind>archive</kind>
         <file>rtsv7M4_T_le_eabi.lib</file>
         <name>_printfi.c.obj</name>
      </input_file>
      <input_file id="fl-e4">
         <path>C:\TI\ccs1230\ccs\tools\compiler\ti-cgt-arm_20.2.7.LTS\lib\</path>
         <kind>archive</kind>
         <file>rtsv7M4_T_le_eabi.lib</file>
         <name>div0.asm.obj</name>
      </input_file>
      <input_file id="fl-e5">
         <path>C:\TI\ccs1230\ccs\tools\compiler\ti-cgt-arm_20.2.7.LTS\lib\</path>
         <kind>archive</kind>
         <file>rtsv7M4_T_le_eabi.lib</file>
         <name>fd_add_t2.asm.obj</name>
      </input_file>
      <input_file id="fl-e6">
         <path>C:\TI\ccs1230\ccs\tools\compiler\ti-cgt-arm_20.2.7.LTS\lib\</path>
         <kind>archive</kind>
         <file>rtsv7M4_T_le_eabi.lib</file>
         <name>fd_cmp_t2.asm.obj</name>
      </input_file>
      <input_file id="fl-e7">
         <path>C:\TI\ccs1230\ccs\tools\compiler\ti-cgt-arm_20.2.7.LTS\lib\</path>
         <kind>archive</kind>
         <file>rtsv7M4_T_le_eabi.lib</file>
         <name>fd_div_t2.asm.obj</name>
      </input_file>
      <input_file id="fl-e8">
         <path>C:\TI\ccs1230\ccs\tools\compiler\ti-cgt-arm_20.2.7.LTS\lib\</path>
         <kind>archive</kind>
         <file>rtsv7M4_T_le_eabi.lib</file>
         <name>fd_mul_t2.asm.obj</name>
      </input_file>
      <input_file id="fl-e9">
         <path>C:\TI\ccs1230\ccs\tools\compiler\ti-cgt-arm_20.2.7.LTS\lib\</path>
         <kind>archive</kind>
         <file>rtsv7M4_T_le_eabi.lib</file>
         <name>fd_toi_t2.asm.obj</name>
      </input_file>
      <input_file id="fl-ea">
         <path>C:\TI\ccs1230\ccs\tools\compiler\ti-cgt-arm_20.2.7.LTS\lib\</path>
         <kind>archive</kind>
         <file>rtsv7M4_T_le_eabi.lib</file>
         <name>i_tofd_t2.asm.obj</name>
      </input_file>
      <input_file id="fl-eb">
         <path>C:\TI\ccs1230\ccs\tools\compiler\ti-cgt-arm_20.2.7.LTS\lib\</path>
         <kind>archive</kind>
         <file>rtsv7M4_T_le_eabi.lib</file>
         <name>u_divt2.asm.obj</name>
      </input_file>
      <input_file id="fl-ec">
         <path>C:\TI\ccs1230\ccs\tools\compiler\ti-cgt-arm_20.2.7.LTS\lib\</path>
         <kind>archive</kind>
         <file>rtsv7M4_T_le_eabi.lib</file>
         <name>ll_div_t2.asm.obj</name>
      </input_file>
      <input_file id="fl-ed">
         <path>C:\TI\ccs1230\ccs\tools\compiler\ti-cgt-arm_20.2.7.LTS\lib\</path>
         <kind>archive</kind>
         <file>rtsv7M4_T_le_eabi.lib</file>
         <name>autoinit.c.obj</name>
      </input_file>
      <input_file id="fl-ee">
         <path>C:\TI\ccs1230\ccs\tools\compiler\ti-cgt-arm_20.2.7.LTS\lib\</path>
         <kind>archive</kind>
         <file>rtsv7M4_T_le_eabi.lib</file>
         <name>pre_init.c.obj</name>
      </input_file>
      <input_file id="fl-ef">
         <path>C:\TI\ccs1230\ccs\tools\compiler\ti-cgt-arm_20.2.7.LTS\lib\</path>
         <kind>archive</kind>
         <file>rtsv7M4_T_le_eabi.lib</file>
         <name>cpy_tbl.c.obj</name>
      </input_file>
      <input_file id="fl-f0">
         <path>C:\TI\ccs1230\ccs\tools\compiler\ti-cgt-arm_20.2.7.LTS\lib\</path>
         <kind>archive</kind>
         <file>rtsv7M4_T_le_eabi.lib</file>
         <name>exit.c.obj</name>
      </input_file>
      <input_file id="fl-f1">
         <path>C:\TI\ccs1230\ccs\tools\compiler\ti-cgt-arm_20.2.7.LTS\lib\</path>
         <kind>archive</kind>
         <file>rtsv7M4_T_le_eabi.lib</file>
         <name>_lock.c.obj</name>
      </input_file>
      <input_file id="fl-f2">
         <path>C:\TI\ccs1230\ccs\tools\compiler\ti-cgt-arm_20.2.7.LTS\lib\</path>
         <kind>archive</kind>
         <file>rtsv7M4_T_le_eabi.lib</file>
         <name>_ltoa.c.obj</name>
      </input_file>
      <input_file id="fl-f3">
         <path>C:\TI\ccs1230\ccs\tools\compiler\ti-cgt-arm_20.2.7.LTS\lib\</path>
         <kind>archive</kind>
         <file>rtsv7M4_T_le_eabi.lib</file>
         <name>args_main.c.obj</name>
      </input_file>
      <input_file id="fl-f4">
         <path>C:\TI\ccs1230\ccs\tools\compiler\ti-cgt-arm_20.2.7.LTS\lib\</path>
         <kind>archive</kind>
         <file>rtsv7M4_T_le_eabi.lib</file>
         <name>atoi.c.obj</name>
      </input_file>
      <input_file id="fl-f5">
         <path>C:\TI\ccs1230\ccs\tools\compiler\ti-cgt-arm_20.2.7.LTS\lib\</path>
         <kind>archive</kind>
         <file>rtsv7M4_T_le_eabi.lib</file>
         <name>ctype.c.obj</name>
      </input_file>
      <input_file id="fl-f6">
         <path>C:\TI\ccs1230\ccs\tools\compiler\ti-cgt-arm_20.2.7.LTS\lib\</path>
         <kind>archive</kind>
         <file>rtsv7M4_T_le_eabi.lib</file>
         <name>memccpy.c.obj</name>
      </input_file>
      <input_file id="fl-f7">
         <path>C:\TI\ccs1230\ccs\tools\compiler\ti-cgt-arm_20.2.7.LTS\lib\</path>
         <kind>archive</kind>
         <file>rtsv7M4_T_le_eabi.lib</file>
         <name>strchr.c.obj</name>
      </input_file>
      <input_file id="fl-f8">
         <path>C:\TI\ccs1230\ccs\tools\compiler\ti-cgt-arm_20.2.7.LTS\lib\</path>
         <kind>archive</kind>
         <file>rtsv7M4_T_le_eabi.lib</file>
         <name>hosttime.c.obj</name>
      </input_file>
      <input_file id="fl-f9">
         <path>C:\TI\ccs1230\ccs\tools\compiler\ti-cgt-arm_20.2.7.LTS\lib\</path>
         <kind>archive</kind>
         <file>rtsv7M4_T_le_eabi.lib</file>
         <name>trgmsg.c.obj</name>
      </input_file>
      <input_file id="fl-fa">
         <path>C:\TI\ccs1230\ccs\tools\compiler\ti-cgt-arm_20.2.7.LTS\lib\</path>
         <kind>archive</kind>
         <file>rtsv7M4_T_le_eabi.lib</file>
         <name>errno.c.obj</name>
      </input_file>
      <input_file id="fl-fb">
         <path>C:\TI\ccs1230\ccs\tools\compiler\ti-cgt-arm_20.2.7.LTS\lib\</path>
         <kind>archive</kind>
         <file>rtsv7M4_T_le_eabi.lib</file>
         <name>wcslen.c.obj</name>
      </input_file>
      <input_file id="fl-fc">
         <path>C:\TI\ccs1230\ccs\tools\compiler\ti-cgt-arm_20.2.7.LTS\lib\</path>
         <kind>archive</kind>
         <file>rtsv7M4_T_le_eabi.lib</file>
         <name>s_frexp.c.obj</name>
      </input_file>
      <input_file id="fl-fd">
         <path>C:\TI\ccs1230\ccs\tools\compiler\ti-cgt-arm_20.2.7.LTS\lib\</path>
         <kind>archive</kind>
         <file>rtsv7M4_T_le_eabi.lib</file>
         <name>s_scalbn.c.obj</name>
      </input_file>
      <input_file id="fl-fe">
         <path>C:\TI\ccs1230\ccs\tools\compiler\ti-cgt-arm_20.2.7.LTS\lib\</path>
         <kind>archive</kind>
         <file>rtsv7M4_T_le_eabi.lib</file>
         <name>hostopen.c.obj</name>
      </input_file>
      <input_file id="fl-ff">
         <path>C:\TI\ccs1230\ccs\tools\compiler\ti-cgt-arm_20.2.7.LTS\lib\</path>
         <kind>archive</kind>
         <file>rtsv7M4_T_le_eabi.lib</file>
         <name>s_copysign.c.obj</name>
      </input_file>
   </input_file_list>
   <object_component_list>
      <object_component id="oc-12">
         <name>.intvecs</name>
         <load_address>0x20004000</load_address>
         <run_address>0x20004000</run_address>
         <size>0x400</size>
         <input_file_ref idref="fl-5"/>
      </object_component>
      <object_component id="oc-97">
         <name>.text</name>
         <load_address>0x20004400</load_address>
         <run_address>0x20004400</run_address>
         <size>0xaf8</size>
         <input_file_ref idref="fl-2"/>
      </object_component>
      <object_component id="oc-39e">
         <name>.text:__TI_printfi</name>
         <load_address>0x20004ef8</load_address>
         <run_address>0x20004ef8</run_address>
         <size>0xa4e</size>
         <input_file_ref idref="fl-e3"/>
      </object_component>
      <object_component id="oc-652">
         <name>.text:IntDefaultHandler</name>
         <load_address>0x20005946</load_address>
         <run_address>0x20005946</run_address>
         <size>0x2</size>
         <input_file_ref idref="fl-15"/>
      </object_component>
      <object_component id="oc-664">
         <name>.text:_SlDrvMsgRead</name>
         <load_address>0x20005948</load_address>
         <run_address>0x20005948</run_address>
         <size>0x590</size>
         <input_file_ref idref="fl-e"/>
      </object_component>
      <object_component id="oc-355">
         <name>.text:__mktime32</name>
         <load_address>0x20005ed8</load_address>
         <run_address>0x20005ed8</run_address>
         <size>0x2a0</size>
         <input_file_ref idref="fl-de"/>
      </object_component>
      <object_component id="oc-c5">
         <name>.text</name>
         <load_address>0x20006178</load_address>
         <run_address>0x20006178</run_address>
         <size>0x27c</size>
         <input_file_ref idref="fl-6"/>
      </object_component>
      <object_component id="oc-5cf">
         <name>.text:_pconv_a</name>
         <load_address>0x200063f4</load_address>
         <run_address>0x200063f4</run_address>
         <size>0x268</size>
         <input_file_ref idref="fl-e3"/>
      </object_component>
      <object_component id="oc-753">
         <name>.text:_SlDrvRxHdrRead</name>
         <load_address>0x2000665c</load_address>
         <run_address>0x2000665c</run_address>
         <size>0x248</size>
         <input_file_ref idref="fl-e"/>
      </object_component>
      <object_component id="oc-25d">
         <name>.text:_SlDrvReleasePoolObj</name>
         <load_address>0x200068a4</load_address>
         <run_address>0x200068a4</run_address>
         <size>0x1d0</size>
         <input_file_ref idref="fl-e"/>
      </object_component>
      <object_component id="oc-5bd">
         <name>.text:_pconv_g</name>
         <load_address>0x20006a74</load_address>
         <run_address>0x20006a74</run_address>
         <size>0x1cc</size>
         <input_file_ref idref="fl-e3"/>
      </object_component>
      <object_component id="oc-6ec">
         <name>.text</name>
         <load_address>0x20006c40</load_address>
         <run_address>0x20006c40</run_address>
         <size>0x1b6</size>
         <input_file_ref idref="fl-e5"/>
      </object_component>
      <object_component id="oc-58b">
         <name>.text:_nop</name>
         <load_address>0x20006df6</load_address>
         <run_address>0x20006df6</run_address>
         <size>0x2</size>
         <input_file_ref idref="fl-f1"/>
      </object_component>
      <object_component id="oc-233">
         <name>.text:_SlDrvDriverCBInit</name>
         <load_address>0x20006df8</load_address>
         <run_address>0x20006df8</run_address>
         <size>0x1b4</size>
         <input_file_ref idref="fl-e"/>
      </object_component>
      <object_component id="oc-4d4">
         <name>.text:_SlDrvMsgWrite</name>
         <load_address>0x20006fac</load_address>
         <run_address>0x20006fac</run_address>
         <size>0x19c</size>
         <input_file_ref idref="fl-e"/>
      </object_component>
      <object_component id="oc-45b">
         <name>.text:_SlDrvWaitForPoolObj</name>
         <load_address>0x20007148</load_address>
         <run_address>0x20007148</run_address>
         <size>0x190</size>
         <input_file_ref idref="fl-e"/>
      </object_component>
      <object_component id="oc-133">
         <name>.text:PRCMCC3200MCUInit</name>
         <load_address>0x200072d8</load_address>
         <run_address>0x200072d8</run_address>
         <size>0x178</size>
         <input_file_ref idref="fl-17"/>
      </object_component>
      <object_component id="oc-765">
         <name>.text:_SlFindAndSetActiveObj</name>
         <load_address>0x20007450</load_address>
         <run_address>0x20007450</run_address>
         <size>0x170</size>
         <input_file_ref idref="fl-e"/>
      </object_component>
      <object_component id="oc-32d">
         <name>.text:_SlDrvDataWriteOp</name>
         <load_address>0x200075c0</load_address>
         <run_address>0x200075c0</run_address>
         <size>0x150</size>
         <input_file_ref idref="fl-e"/>
      </object_component>
      <object_component id="oc-239">
         <name>.text:spi_Open</name>
         <load_address>0x20007710</load_address>
         <run_address>0x20007710</run_address>
         <size>0x148</size>
         <input_file_ref idref="fl-14"/>
      </object_component>
      <object_component id="oc-4da">
         <name>.text:_SlDrvMsgReadCmdCtx</name>
         <load_address>0x20007858</load_address>
         <run_address>0x20007858</run_address>
         <size>0x144</size>
         <input_file_ref idref="fl-e"/>
      </object_component>
      <object_component id="oc-5c9">
         <name>.text:_pconv_e</name>
         <load_address>0x2000799c</load_address>
         <run_address>0x2000799c</run_address>
         <size>0x13c</size>
         <input_file_ref idref="fl-e3"/>
      </object_component>
      <object_component id="oc-6d2">
         <name>.text</name>
         <load_address>0x20007ad8</load_address>
         <run_address>0x20007ad8</run_address>
         <size>0x136</size>
         <input_file_ref idref="fl-e7"/>
      </object_component>
      <object_component id="oc-56d">
         <name>.text</name>
         <load_address>0x20007c0e</load_address>
         <run_address>0x20007c0e</run_address>
         <size>0x2</size>
         <input_file_ref idref="fl-e4"/>
      </object_component>
      <object_component id="oc-158">
         <name>.text:__localtime32</name>
         <load_address>0x20007c10</load_address>
         <run_address>0x20007c10</run_address>
         <size>0x134</size>
         <input_file_ref idref="fl-db"/>
      </object_component>
      <object_component id="oc-13f">
         <name>.text:sl_Send</name>
         <load_address>0x20007d44</load_address>
         <run_address>0x20007d44</run_address>
         <size>0x134</size>
         <input_file_ref idref="fl-12"/>
      </object_component>
      <object_component id="oc-2a2">
         <name>.text:_SlDrvDriverCBDeinit</name>
         <load_address>0x20007e78</load_address>
         <run_address>0x20007e78</run_address>
         <size>0x130</size>
         <input_file_ref idref="fl-e"/>
      </object_component>
      <object_component id="oc-6fe">
         <name>.text:fcvt</name>
         <load_address>0x20007fa8</load_address>
         <run_address>0x20007fa8</run_address>
         <size>0x120</size>
         <input_file_ref idref="fl-e3"/>
      </object_component>
      <object_component id="oc-7e7">
         <name>.text:_SlDrvNetAppEventHandler</name>
         <load_address>0x200080c8</load_address>
         <run_address>0x200080c8</run_address>
         <size>0x104</size>
         <input_file_ref idref="fl-f"/>
      </object_component>
      <object_component id="oc-3c2">
         <name>.text:aligned_alloc</name>
         <load_address>0x200081cc</load_address>
         <run_address>0x200081cc</run_address>
         <size>0x100</size>
         <input_file_ref idref="fl-dd"/>
      </object_component>
      <object_component id="oc-6cd">
         <name>.text</name>
         <load_address>0x200082cc</load_address>
         <run_address>0x200082cc</run_address>
         <size>0xfc</size>
         <input_file_ref idref="fl-e8"/>
      </object_component>
      <object_component id="oc-d2">
         <name>.text:sl_Start</name>
         <load_address>0x200083c8</load_address>
         <run_address>0x200083c8</run_address>
         <size>0xf0</size>
         <input_file_ref idref="fl-d"/>
      </object_component>
      <object_component id="oc-e4">
         <name>.text:sl_Stop</name>
         <load_address>0x200084b8</load_address>
         <run_address>0x200084b8</run_address>
         <size>0xf0</size>
         <input_file_ref idref="fl-d"/>
      </object_component>
      <object_component id="oc-75f">
         <name>.text:spi_Read</name>
         <load_address>0x200085a8</load_address>
         <run_address>0x200085a8</run_address>
         <size>0xf0</size>
         <input_file_ref idref="fl-14"/>
      </object_component>
      <object_component id="oc-8a1">
         <name>.text:uDMAChannelTransferSet</name>
         <load_address>0x20008698</load_address>
         <run_address>0x20008698</run_address>
         <size>0xf0</size>
         <input_file_ref idref="fl-1b"/>
      </object_component>
      <object_component id="oc-66a">
         <name>.text:_SlAsyncEventGenericHandler</name>
         <load_address>0x20008788</load_address>
         <run_address>0x20008788</run_address>
         <size>0xe8</size>
         <input_file_ref idref="fl-e"/>
      </object_component>
      <object_component id="oc-4bb">
         <name>.text:_SlDrvMsgReadSpawnCtx</name>
         <load_address>0x20008870</load_address>
         <run_address>0x20008870</run_address>
         <size>0xe8</size>
         <input_file_ref idref="fl-e"/>
      </object_component>
      <object_component id="oc-1f1">
         <name>.text:free</name>
         <load_address>0x20008958</load_address>
         <run_address>0x20008958</run_address>
         <size>0xe4</size>
         <input_file_ref idref="fl-dd"/>
      </object_component>
      <object_component id="oc-1eb">
         <name>.text:realloc</name>
         <load_address>0x20008a3c</load_address>
         <run_address>0x20008a3c</run_address>
         <size>0xe4</size>
         <input_file_ref idref="fl-dd"/>
      </object_component>
      <object_component id="oc-2dd">
         <name>.text:sl_NetAppMDNSRegisterUnregisterService</name>
         <load_address>0x20008b20</load_address>
         <run_address>0x20008b20</run_address>
         <size>0xe4</size>
         <input_file_ref idref="fl-f"/>
      </object_component>
      <object_component id="oc-759">
         <name>.text:_SlDrvClassifyRxMsg</name>
         <load_address>0x20008c04</load_address>
         <run_address>0x20008c04</run_address>
         <size>0xdc</size>
         <input_file_ref idref="fl-e"/>
      </object_component>
      <object_component id="oc-712">
         <name>.text:scalbn</name>
         <load_address>0x20008ce0</load_address>
         <run_address>0x20008ce0</run_address>
         <size>0xd0</size>
         <input_file_ref idref="fl-fd"/>
      </object_component>
      <object_component id="oc-85f">
         <name>.text:_sl_HandleAsync_DnsGetHostByService</name>
         <load_address>0x20008db0</load_address>
         <run_address>0x20008db0</run_address>
         <size>0xcc</size>
         <input_file_ref idref="fl-f"/>
      </object_component>
      <object_component id="oc-ea">
         <name>.text:sl_DevGet</name>
         <load_address>0x20008e7c</load_address>
         <run_address>0x20008e7c</run_address>
         <size>0xcc</size>
         <input_file_ref idref="fl-d"/>
      </object_component>
      <object_component id="oc-496">
         <name>.text:_SlRemoveFromList</name>
         <load_address>0x20008f48</load_address>
         <run_address>0x20008f48</run_address>
         <size>0xc4</size>
         <input_file_ref idref="fl-e"/>
      </object_component>
      <object_component id="oc-286">
         <name>.text:_SlDrvCmdOp</name>
         <load_address>0x2000900c</load_address>
         <run_address>0x2000900c</run_address>
         <size>0xc0</size>
         <input_file_ref idref="fl-e"/>
      </object_component>
      <object_component id="oc-5b2">
         <name>.text:_ltostr</name>
         <load_address>0x200090cc</load_address>
         <run_address>0x200090cc</run_address>
         <size>0xb1</size>
         <input_file_ref idref="fl-e3"/>
      </object_component>
      <object_component id="oc-3ef">
         <name>.text:_SlNonOsSemGet</name>
         <load_address>0x20009180</load_address>
         <run_address>0x20009180</run_address>
         <size>0xb0</size>
         <input_file_ref idref="fl-11"/>
      </object_component>
      <object_component id="oc-475">
         <name>.text:IntDisable</name>
         <load_address>0x20009230</load_address>
         <run_address>0x20009230</run_address>
         <size>0xa8</size>
         <input_file_ref idref="fl-15"/>
      </object_component>
      <object_component id="oc-12d">
         <name>.text:IntEnable</name>
         <load_address>0x200092d8</load_address>
         <run_address>0x200092d8</run_address>
         <size>0xa8</size>
         <input_file_ref idref="fl-15"/>
      </object_component>
      <object_component id="oc-48f">
         <name>.text:_SlDriverHandleError</name>
         <load_address>0x20009380</load_address>
         <run_address>0x20009380</run_address>
         <size>0xa4</size>
         <input_file_ref idref="fl-e"/>
      </object_component>
      <object_component id="oc-40c">
         <name>.text:SPIConfigSetExpClk</name>
         <load_address>0x20009424</load_address>
         <run_address>0x20009424</run_address>
         <size>0xa0</size>
         <input_file_ref idref="fl-18"/>
      </object_component>
      <object_component id="oc-3d">
         <name>.text</name>
         <load_address>0x200094c4</load_address>
         <run_address>0x200094c4</run_address>
         <size>0x9c</size>
         <input_file_ref idref="fl-d5"/>
      </object_component>
      <object_component id="oc-845">
         <name>.text:_SlDrvDeviceEventHandler</name>
         <load_address>0x20009560</load_address>
         <run_address>0x20009560</run_address>
         <size>0x9a</size>
         <input_file_ref idref="fl-d"/>
      </object_component>
      <object_component id="oc-102">
         <name>.text:sl_NetCfgSet</name>
         <load_address>0x200095fc</load_address>
         <run_address>0x200095fc</run_address>
         <size>0x98</size>
         <input_file_ref idref="fl-10"/>
      </object_component>
      <object_component id="oc-108">
         <name>.text:sl_WlanSet</name>
         <load_address>0x20009694</load_address>
         <run_address>0x20009694</run_address>
         <size>0x98</size>
         <input_file_ref idref="fl-13"/>
      </object_component>
      <object_component id="oc-673">
         <name>.text:spi_Write</name>
         <load_address>0x2000972c</load_address>
         <run_address>0x2000972c</run_address>
         <size>0x98</size>
         <input_file_ref idref="fl-14"/>
      </object_component>
      <object_component id="oc-6ac">
         <name>.text</name>
         <load_address>0x200097c4</load_address>
         <run_address>0x200097c4</run_address>
         <size>0x96</size>
         <input_file_ref idref="fl-d7"/>
      </object_component>
      <object_component id="oc-1b5">
         <name>.text:PRCMPeripheralClockGet</name>
         <load_address>0x2000985c</load_address>
         <run_address>0x2000985c</run_address>
         <size>0x94</size>
         <input_file_ref idref="fl-17"/>
      </object_component>
      <object_component id="oc-859">
         <name>.text:_sl_HandleAsync_DnsGetHostByName</name>
         <load_address>0x200098f0</load_address>
         <run_address>0x200098f0</run_address>
         <size>0x90</size>
         <input_file_ref idref="fl-f"/>
      </object_component>
      <object_component id="oc-7ed">
         <name>.text:_sl_HandleAsync_PingResponse</name>
         <load_address>0x20009980</load_address>
         <run_address>0x20009980</run_address>
         <size>0x90</size>
         <input_file_ref idref="fl-f"/>
      </object_component>
      <object_component id="oc-f0">
         <name>.text:sl_WlanPolicySet</name>
         <load_address>0x20009a10</load_address>
         <run_address>0x20009a10</run_address>
         <size>0x90</size>
         <input_file_ref idref="fl-13"/>
      </object_component>
      <object_component id="oc-7f4">
         <name>.text:SetupDMAReceive</name>
         <load_address>0x20009aa0</load_address>
         <run_address>0x20009aa0</run_address>
         <size>0x8c</size>
         <input_file_ref idref="fl-14"/>
      </object_component>
      <object_component id="oc-770">
         <name>.text:SetupDMASend</name>
         <load_address>0x20009b2c</load_address>
         <run_address>0x20009b2c</run_address>
         <size>0x8c</size>
         <input_file_ref idref="fl-14"/>
      </object_component>
      <object_component id="oc-60c">
         <name>.text:_SlDrvIsTimeoutExpired</name>
         <load_address>0x20009bb8</load_address>
         <run_address>0x20009bb8</run_address>
         <size>0x8c</size>
         <input_file_ref idref="fl-e"/>
      </object_component>
      <object_component id="oc-8b2">
         <name>.text:_sl_HandleAsync_InitComplete</name>
         <load_address>0x20009c44</load_address>
         <run_address>0x20009c44</run_address>
         <size>0x8c</size>
         <input_file_ref idref="fl-d"/>
      </object_component>
      <object_component id="oc-139">
         <name>.text:sl_Socket</name>
         <load_address>0x20009cd0</load_address>
         <run_address>0x20009cd0</run_address>
         <size>0x8c</size>
         <input_file_ref idref="fl-12"/>
      </object_component>
      <object_component id="oc-54a">
         <name>.text:PinConfigSet</name>
         <load_address>0x20009d5c</load_address>
         <run_address>0x20009d5c</run_address>
         <size>0x88</size>
         <input_file_ref idref="fl-16"/>
      </object_component>
      <object_component id="oc-5b8">
         <name>.text:__aeabi_cdcmple</name>
         <load_address>0x20009de4</load_address>
         <run_address>0x20009de4</run_address>
         <size>0x86</size>
         <input_file_ref idref="fl-e6"/>
      </object_component>
      <object_component id="oc-6d7">
         <name>.text:__aeabi_cdrcmple</name>
         <load_address>0x20009e6a</load_address>
         <run_address>0x20009e6a</run_address>
         <size>0x86</size>
         <input_file_ref idref="fl-e6"/>
      </object_component>
      <object_component id="oc-22d">
         <name>.text:NwpPowerOnPreamble</name>
         <load_address>0x20009ef0</load_address>
         <run_address>0x20009ef0</run_address>
         <size>0x84</size>
         <input_file_ref idref="fl-14"/>
      </object_component>
      <object_component id="oc-117">
         <name>.text:sl_WlanRxFilterSet</name>
         <load_address>0x20009f74</load_address>
         <run_address>0x20009f74</run_address>
         <size>0x84</size>
         <input_file_ref idref="fl-13"/>
      </object_component>
      <object_component id="oc-881">
         <name>.text:_sl_HandleAsync_Connect</name>
         <load_address>0x20009ff8</load_address>
         <run_address>0x20009ff8</run_address>
         <size>0x80</size>
         <input_file_ref idref="fl-12"/>
      </object_component>
      <object_component id="oc-7fa">
         <name>.text:spi_Read_CPU</name>
         <load_address>0x2000a078</load_address>
         <run_address>0x2000a078</run_address>
         <size>0x80</size>
         <input_file_ref idref="fl-14"/>
      </object_component>
      <object_component id="oc-782">
         <name>.text:spi_Write_CPU</name>
         <load_address>0x2000a0f8</load_address>
         <run_address>0x2000a0f8</run_address>
         <size>0x80</size>
         <input_file_ref idref="fl-14"/>
      </object_component>
      <object_component id="oc-8b">
         <name>.text</name>
         <load_address>0x2000a178</load_address>
         <run_address>0x2000a178</run_address>
         <size>0x7a</size>
         <input_file_ref idref="fl-d6"/>
      </object_component>
      <object_component id="oc-29c">
         <name>.text:spi_Close</name>
         <load_address>0x2000a1f4</load_address>
         <run_address>0x2000a1f4</run_address>
         <size>0x78</size>
         <input_file_ref idref="fl-14"/>
      </object_component>
      <object_component id="oc-1bb">
         <name>.text:UARTConfigSetExpClk</name>
         <load_address>0x2000a26c</load_address>
         <run_address>0x2000a26c</run_address>
         <size>0x76</size>
         <input_file_ref idref="fl-1a"/>
      </object_component>
      <object_component id="oc-d8">
         <name>.text:_SlNonOsMainLoopTask</name>
         <load_address>0x2000a2e4</load_address>
         <run_address>0x2000a2e4</run_address>
         <size>0x74</size>
         <input_file_ref idref="fl-11"/>
      </object_component>
      <object_component id="oc-3cf">
         <name>.text:split</name>
         <load_address>0x2000a358</load_address>
         <run_address>0x2000a358</run_address>
         <size>0x70</size>
         <input_file_ref idref="fl-dd"/>
      </object_component>
      <object_component id="oc-6f7">
         <name>.text:_mcpy</name>
         <load_address>0x2000a3c8</load_address>
         <run_address>0x2000a3c8</run_address>
         <size>0x6e</size>
         <input_file_ref idref="fl-e3"/>
      </object_component>
      <object_component id="oc-573">
         <name>.text</name>
         <load_address>0x2000a436</load_address>
         <run_address>0x2000a436</run_address>
         <size>0x6e</size>
         <input_file_ref idref="fl-ec"/>
      </object_component>
      <object_component id="oc-8ca">
         <name>.text:_SlDrvCmdSend</name>
         <load_address>0x2000a4a4</load_address>
         <run_address>0x2000a4a4</run_address>
         <size>0x6c</size>
         <input_file_ref idref="fl-e"/>
      </object_component>
      <object_component id="oc-86b">
         <name>.text:_sl_NetAppSendTokenValue</name>
         <load_address>0x2000a510</load_address>
         <run_address>0x2000a510</run_address>
         <size>0x6c</size>
         <input_file_ref idref="fl-f"/>
      </object_component>
      <object_component id="oc-15">
         <name>.text:decompress:lzss:__TI_decompress_lzss</name>
         <load_address>0x2000a57c</load_address>
         <run_address>0x2000a57c</run_address>
         <size>0x68</size>
         <input_file_ref idref="fl-da"/>
      </object_component>
      <object_component id="oc-4b5">
         <name>.text:_SlNonOsSpawn</name>
         <load_address>0x2000a5e4</load_address>
         <run_address>0x2000a5e4</run_address>
         <size>0x64</size>
         <input_file_ref idref="fl-11"/>
      </object_component>
      <object_component id="oc-87b">
         <name>.text:_sl_HandleAsync_Accept</name>
         <load_address>0x2000a648</load_address>
         <run_address>0x2000a648</run_address>
         <size>0x64</size>
         <input_file_ref idref="fl-12"/>
      </object_component>
      <object_component id="oc-10e">
         <name>.text:sl_NetAppMDNSUnRegisterService</name>
         <load_address>0x2000a6ac</load_address>
         <run_address>0x2000a6ac</run_address>
         <size>0x64</size>
         <input_file_ref idref="fl-f"/>
      </object_component>
      <object_component id="oc-623">
         <name>.text:uDMAChannelAttributeDisable</name>
         <load_address>0x2000a710</load_address>
         <run_address>0x2000a710</run_address>
         <size>0x64</size>
         <input_file_ref idref="fl-1b"/>
      </object_component>
      <object_component id="oc-89b">
         <name>.text:uDMAChannelAttributeEnable</name>
         <load_address>0x2000a774</load_address>
         <run_address>0x2000a774</run_address>
         <size>0x64</size>
         <input_file_ref idref="fl-1b"/>
      </object_component>
      <object_component id="oc-145">
         <name>.text:sl_Close</name>
         <load_address>0x2000a7d8</load_address>
         <run_address>0x2000a7d8</run_address>
         <size>0x60</size>
         <input_file_ref idref="fl-12"/>
      </object_component>
      <object_component id="oc-f6">
         <name>.text:sl_WlanProfileDel</name>
         <load_address>0x2000a838</load_address>
         <run_address>0x2000a838</run_address>
         <size>0x60</size>
         <input_file_ref idref="fl-13"/>
      </object_component>
      <object_component id="oc-de">
         <name>.text:sl_WlanSetMode</name>
         <load_address>0x2000a898</load_address>
         <run_address>0x2000a898</run_address>
         <size>0x60</size>
         <input_file_ref idref="fl-13"/>
      </object_component>
      <object_component id="oc-70c">
         <name>.text:frexp</name>
         <load_address>0x2000a8f8</load_address>
         <run_address>0x2000a8f8</run_address>
         <size>0x5c</size>
         <input_file_ref idref="fl-fc"/>
      </object_component>
      <object_component id="oc-481">
         <name>.text:IntPendClear</name>
         <load_address>0x2000a954</load_address>
         <run_address>0x2000a954</run_address>
         <size>0x58</size>
         <input_file_ref idref="fl-15"/>
      </object_component>
      <object_component id="oc-311">
         <name>.text:PRCMPeripheralReset</name>
         <load_address>0x2000a9ac</load_address>
         <run_address>0x2000a9ac</run_address>
         <size>0x58</size>
         <input_file_ref idref="fl-17"/>
      </object_component>
      <object_component id="oc-5c3">
         <name>.text:_pconv_f</name>
         <load_address>0x2000aa04</load_address>
         <run_address>0x2000aa04</run_address>
         <size>0x56</size>
         <input_file_ref idref="fl-e3"/>
      </object_component>
      <object_component id="oc-436">
         <name>.text:IntPrioritySet</name>
         <load_address>0x2000aa5c</load_address>
         <run_address>0x2000aa5c</run_address>
         <size>0x54</size>
         <input_file_ref idref="fl-15"/>
      </object_component>
      <object_component id="oc-26f">
         <name>.text:_SlDrvRxIrqHandler</name>
         <load_address>0x2000aab0</load_address>
         <run_address>0x2000aab0</run_address>
         <size>0x54</size>
         <input_file_ref idref="fl-e"/>
      </object_component>
      <object_component id="oc-6e1">
         <name>.text:__TI_ltoa</name>
         <load_address>0x2000ab04</load_address>
         <run_address>0x2000ab04</run_address>
         <size>0x54</size>
         <input_file_ref idref="fl-f2"/>
      </object_component>
      <object_component id="oc-887">
         <name>.text:_sl_HandleAsync_Select</name>
         <load_address>0x2000ab58</load_address>
         <run_address>0x2000ab58</run_address>
         <size>0x54</size>
         <input_file_ref idref="fl-12"/>
      </object_component>
      <object_component id="oc-6f1">
         <name>.text:_ecpy</name>
         <load_address>0x2000abac</load_address>
         <run_address>0x2000abac</run_address>
         <size>0x52</size>
         <input_file_ref idref="fl-e3"/>
      </object_component>
      <object_component id="oc-88d">
         <name>.text:_sl_HandleAsync_Stop</name>
         <load_address>0x2000ac00</load_address>
         <run_address>0x2000ac00</run_address>
         <size>0x50</size>
         <input_file_ref idref="fl-d"/>
      </object_component>
      <object_component id="oc-43c">
         <name>.text:SPIIntEnable</name>
         <load_address>0x2000ac50</load_address>
         <run_address>0x2000ac50</run_address>
         <size>0x4c</size>
         <input_file_ref idref="fl-18"/>
      </object_component>
      <object_component id="oc-67e">
         <name>.text:SPIIntNumberGet</name>
         <load_address>0x2000ac9c</load_address>
         <run_address>0x2000ac9c</run_address>
         <size>0x4c</size>
         <input_file_ref idref="fl-18"/>
      </object_component>
      <object_component id="oc-23f">
         <name>.text:_SlDrvProtectAsyncRespSetting</name>
         <load_address>0x2000ace8</load_address>
         <run_address>0x2000ace8</run_address>
         <size>0x4c</size>
         <input_file_ref idref="fl-e"/>
      </object_component>
      <object_component id="oc-5ac">
         <name>.text:atoi</name>
         <load_address>0x2000ad34</load_address>
         <run_address>0x2000ad34</run_address>
         <size>0x4c</size>
         <input_file_ref idref="fl-f4"/>
      </object_component>
      <object_component id="oc-61d">
         <name>.text:uDMAChannelAssign</name>
         <load_address>0x2000ad80</load_address>
         <run_address>0x2000ad80</run_address>
         <size>0x4c</size>
         <input_file_ref idref="fl-1b"/>
      </object_component>
      <object_component id="oc-343">
         <name>.text:HOSTtime</name>
         <load_address>0x2000adcc</load_address>
         <run_address>0x2000adcc</run_address>
         <size>0x48</size>
         <input_file_ref idref="fl-f8"/>
      </object_component>
      <object_component id="oc-643">
         <name>.text:SPIIntClear</name>
         <load_address>0x2000ae14</load_address>
         <run_address>0x2000ae14</run_address>
         <size>0x48</size>
         <input_file_ref idref="fl-18"/>
      </object_component>
      <object_component id="oc-2c8">
         <name>.text:_SlDrvBasicCmd</name>
         <load_address>0x2000ae5c</load_address>
         <run_address>0x2000ae5c</run_address>
         <size>0x48</size>
         <input_file_ref idref="fl-e"/>
      </object_component>
      <object_component id="oc-6dc">
         <name>.text</name>
         <load_address>0x2000aea4</load_address>
         <run_address>0x2000aea4</run_address>
         <size>0x48</size>
         <input_file_ref idref="fl-e9"/>
      </object_component>
      <object_component id="oc-632">
         <name>.text:SPIDmaMaskGet</name>
         <load_address>0x2000aeec</load_address>
         <run_address>0x2000aeec</run_address>
         <size>0x44</size>
         <input_file_ref idref="fl-18"/>
      </object_component>
      <object_component id="oc-825">
         <name>.text:TimerConfigure</name>
         <load_address>0x2000af30</load_address>
         <run_address>0x2000af30</run_address>
         <size>0x44</size>
         <input_file_ref idref="fl-19"/>
      </object_component>
      <object_component id="oc-8c3">
         <name>.text:_SlDrvHandleHttpServerEvents</name>
         <load_address>0x2000af74</load_address>
         <run_address>0x2000af74</run_address>
         <size>0x44</size>
         <input_file_ref idref="fl-e"/>
      </object_component>
      <object_component id="oc-257">
         <name>.text:_SlDrvSyncObjWaitTimeout</name>
         <load_address>0x2000afb8</load_address>
         <run_address>0x2000afb8</run_address>
         <size>0x44</size>
         <input_file_ref idref="fl-e"/>
      </object_component>
      <object_component id="oc-183">
         <name>.text:__TI_auto_init_nobinit_nopinit:__TI_auto_init_nobinit_nopinit</name>
         <load_address>0x2000affc</load_address>
         <run_address>0x2000affc</run_address>
         <size>0x44</size>
         <input_file_ref idref="fl-ed"/>
      </object_component>
      <object_component id="oc-807">
         <name>.text:cc_SetupTransfer</name>
         <load_address>0x2000b040</load_address>
         <run_address>0x2000b040</run_address>
         <size>0x44</size>
         <input_file_ref idref="fl-14"/>
      </object_component>
      <object_component id="oc-544">
         <name>.text:PinModeSet</name>
         <load_address>0x2000b084</load_address>
         <run_address>0x2000b084</run_address>
         <size>0x40</size>
         <input_file_ref idref="fl-16"/>
      </object_component>
      <object_component id="oc-851">
         <name>.text:_SlDrvHandleNetAppEvents</name>
         <load_address>0x2000b0c4</load_address>
         <run_address>0x2000b0c4</run_address>
         <size>0x40</size>
         <input_file_ref idref="fl-e"/>
      </object_component>
      <object_component id="oc-84b">
         <name>.text:_SlDrvHandleWlanEvents</name>
         <load_address>0x2000b104</load_address>
         <run_address>0x2000b104</run_address>
         <size>0x40</size>
         <input_file_ref idref="fl-e"/>
      </object_component>
      <object_component id="oc-327">
         <name>.text:_sl_TruncatePayloadByProtocol</name>
         <load_address>0x2000b144</load_address>
         <run_address>0x2000b144</run_address>
         <size>0x40</size>
         <input_file_ref idref="fl-12"/>
      </object_component>
      <object_component id="oc-350">
         <name>.text</name>
         <load_address>0x2000b184</load_address>
         <run_address>0x2000b184</run_address>
         <size>0x40</size>
         <input_file_ref idref="fl-eb"/>
      </object_component>
      <object_component id="oc-1c7">
         <name>.text:vsnprintf</name>
         <load_address>0x2000b1c4</load_address>
         <run_address>0x2000b1c4</run_address>
         <size>0x40</size>
         <input_file_ref idref="fl-d4"/>
      </object_component>
      <object_component id="oc-24b">
         <name>.text:NwpRegisterInterruptHandler</name>
         <load_address>0x2000b204</load_address>
         <run_address>0x2000b204</run_address>
         <size>0x3e</size>
         <input_file_ref idref="fl-14"/>
      </object_component>
      <object_component id="oc-704">
         <name>.text:_fcpy</name>
         <load_address>0x2000b242</load_address>
         <run_address>0x2000b242</run_address>
         <size>0x3e</size>
         <input_file_ref idref="fl-e3"/>
      </object_component>
      <object_component id="oc-872">
         <name>.text:CopyPingResultsToReport</name>
         <load_address>0x2000b280</load_address>
         <run_address>0x2000b280</run_address>
         <size>0x3c</size>
         <input_file_ref idref="fl-f"/>
      </object_component>
      <object_component id="oc-30b">
         <name>.text:PRCMPeripheralClkEnable</name>
         <load_address>0x2000b2bc</load_address>
         <run_address>0x2000b2bc</run_address>
         <size>0x3c</size>
         <input_file_ref idref="fl-17"/>
      </object_component>
      <object_component id="oc-7cd">
         <name>.text:simplelink_timerA2_start</name>
         <load_address>0x2000b2f8</load_address>
         <run_address>0x2000b2f8</run_address>
         <size>0x3c</size>
         <input_file_ref idref="fl-14"/>
      </object_component>
      <object_component id="oc-895">
         <name>.text:uDMAChannelControlSet</name>
         <load_address>0x2000b334</load_address>
         <run_address>0x2000b334</run_address>
         <size>0x3c</size>
         <input_file_ref idref="fl-1b"/>
      </object_component>
      <object_component id="oc-245">
         <name>.text:NwpPowerOff</name>
         <load_address>0x2000b370</load_address>
         <run_address>0x2000b370</run_address>
         <size>0x38</size>
         <input_file_ref idref="fl-14"/>
      </object_component>
      <object_component id="oc-551">
         <name>.text:__TI_writemsg</name>
         <load_address>0x2000b3a8</load_address>
         <run_address>0x2000b3a8</run_address>
         <size>0x38</size>
         <input_file_ref idref="fl-f9"/>
      </object_component>
      <object_component id="oc-fc">
         <name>.text:sl_WlanDisconnect</name>
         <load_address>0x2000b3e0</load_address>
         <run_address>0x2000b3e0</run_address>
         <size>0x38</size>
         <input_file_ref idref="fl-13"/>
      </object_component>
      <object_component id="oc-251">
         <name>.text:NwpPowerOn</name>
         <load_address>0x2000b418</load_address>
         <run_address>0x2000b418</run_address>
         <size>0x34</size>
         <input_file_ref idref="fl-14"/>
      </object_component>
      <object_component id="oc-412">
         <name>.text:PRCMPeripheralStatusGet</name>
         <load_address>0x2000b44c</load_address>
         <run_address>0x2000b44c</run_address>
         <size>0x34</size>
         <input_file_ref idref="fl-17"/>
      </object_component>
      <object_component id="oc-42a">
         <name>.text:SPIFIFOLevelSet</name>
         <load_address>0x2000b480</load_address>
         <run_address>0x2000b480</run_address>
         <size>0x34</size>
         <input_file_ref idref="fl-18"/>
      </object_component>
      <object_component id="oc-557">
         <name>.text:__TI_readmsg</name>
         <load_address>0x2000b4b4</load_address>
         <run_address>0x2000b4b4</run_address>
         <size>0x34</size>
         <input_file_ref idref="fl-f9"/>
      </object_component>
      <object_component id="oc-390">
         <name>.text:UARTDisable</name>
         <load_address>0x2000b4e8</load_address>
         <run_address>0x2000b4e8</run_address>
         <size>0x30</size>
         <input_file_ref idref="fl-1a"/>
      </object_component>
      <object_component id="oc-3a4">
         <name>.text:_outs</name>
         <load_address>0x2000b518</load_address>
         <run_address>0x2000b518</run_address>
         <size>0x30</size>
         <input_file_ref idref="fl-d4"/>
      </object_component>
      <object_component id="oc-6e7">
         <name>.text</name>
         <load_address>0x2000b548</load_address>
         <run_address>0x2000b548</run_address>
         <size>0x2e</size>
         <input_file_ref idref="fl-ea"/>
      </object_component>
      <object_component id="oc-2f9">
         <name>.text:PRCMSysResetCauseGet</name>
         <load_address>0x2000b578</load_address>
         <run_address>0x2000b578</run_address>
         <size>0x2c</size>
         <input_file_ref idref="fl-17"/>
      </object_component>
      <object_component id="oc-4c8">
         <name>.text:_SlDrvObjGlobalLockWaitForever</name>
         <load_address>0x2000b5a4</load_address>
         <run_address>0x2000b5a4</run_address>
         <size>0x2c</size>
         <input_file_ref idref="fl-e"/>
      </object_component>
      <object_component id="oc-461">
         <name>.text:_SlDrvProtectionObjLockWaitForever</name>
         <load_address>0x2000b5d0</load_address>
         <run_address>0x2000b5d0</run_address>
         <size>0x2c</size>
         <input_file_ref idref="fl-e"/>
      </object_component>
      <object_component id="oc-831">
         <name>.text:TimerLoadSet</name>
         <load_address>0x2000b5fc</load_address>
         <run_address>0x2000b5fc</run_address>
         <size>0x2a</size>
         <input_file_ref idref="fl-19"/>
      </object_component>
      <object_component id="oc-82b">
         <name>.text:TimerPrescaleSet</name>
         <load_address>0x2000b626</load_address>
         <run_address>0x2000b626</run_address>
         <size>0x2a</size>
         <input_file_ref idref="fl-19"/>
      </object_component>
      <object_component id="oc-317">
         <name>.text:PRCMPeripheralClkDisable</name>
         <load_address>0x2000b650</load_address>
         <run_address>0x2000b650</run_address>
         <size>0x28</size>
         <input_file_ref idref="fl-17"/>
      </object_component>
      <object_component id="oc-4ce">
         <name>.text:_SlDrvGlobalObjUnLock</name>
         <load_address>0x2000b678</load_address>
         <run_address>0x2000b678</run_address>
         <size>0x28</size>
         <input_file_ref idref="fl-e"/>
      </object_component>
      <object_component id="oc-467">
         <name>.text:_SlDrvProtectionObjUnLock</name>
         <load_address>0x2000b6a0</load_address>
         <run_address>0x2000b6a0</run_address>
         <size>0x28</size>
         <input_file_ref idref="fl-e"/>
      </object_component>
      <object_component id="oc-537">
         <name>.text:_SlDrvSyncObjWaitForever</name>
         <load_address>0x2000b6c8</load_address>
         <run_address>0x2000b6c8</run_address>
         <size>0x28</size>
         <input_file_ref idref="fl-e"/>
      </object_component>
      <object_component id="oc-3d6">
         <name>.text:free_list_insert</name>
         <load_address>0x2000b6f0</load_address>
         <run_address>0x2000b6f0</run_address>
         <size>0x28</size>
         <input_file_ref idref="fl-dd"/>
      </object_component>
      <object_component id="oc-1df">
         <name>.text:memmove</name>
         <load_address>0x2000b718</load_address>
         <run_address>0x2000b718</run_address>
         <size>0x28</size>
         <input_file_ref idref="fl-dc"/>
      </object_component>
      <object_component id="oc-52b">
         <name>.text:_SlDrvObjLockWaitForever</name>
         <load_address>0x2000b740</load_address>
         <run_address>0x2000b740</run_address>
         <size>0x26</size>
         <input_file_ref idref="fl-e"/>
      </object_component>
      <object_component id="oc-8df">
         <name>.text</name>
         <load_address>0x2000b766</load_address>
         <run_address>0x2000b766</run_address>
         <size>0x26</size>
         <input_file_ref idref="fl-3"/>
      </object_component>
      <object_component id="oc-44e">
         <name>.text:DmaSpiSwIntHandler</name>
         <load_address>0x2000b78c</load_address>
         <run_address>0x2000b78c</run_address>
         <size>0x24</size>
         <input_file_ref idref="fl-14"/>
      </object_component>
      <object_component id="oc-47b">
         <name>.text:IntUnregister</name>
         <load_address>0x2000b7b0</load_address>
         <run_address>0x2000b7b0</run_address>
         <size>0x24</size>
         <input_file_ref idref="fl-15"/>
      </object_component>
      <object_component id="oc-396">
         <name>.text:UARTEnable</name>
         <load_address>0x2000b7d4</load_address>
         <run_address>0x2000b7d4</run_address>
         <size>0x24</size>
         <input_file_ref idref="fl-1a"/>
      </object_component>
      <object_component id="oc-5b">
         <name>.text:_c_int00_noargs:_c_int00_noargs</name>
         <load_address>0x2000b7f8</load_address>
         <run_address>0x2000b7f8</run_address>
         <size>0x24</size>
         <input_file_ref idref="fl-e1"/>
      </object_component>
      <object_component id="oc-406">
         <name>.text:SPIReset</name>
         <load_address>0x2000b81c</load_address>
         <run_address>0x2000b81c</run_address>
         <size>0x22</size>
         <input_file_ref idref="fl-18"/>
      </object_component>
      <object_component id="oc-77c">
         <name>.text:SPIWordCountSet</name>
         <load_address>0x2000b83e</load_address>
         <run_address>0x2000b83e</run_address>
         <size>0x22</size>
         <input_file_ref idref="fl-18"/>
      </object_component>
      <object_component id="oc-430">
         <name>.text:IntRegister</name>
         <load_address>0x2000b860</load_address>
         <run_address>0x2000b860</run_address>
         <size>0x20</size>
         <input_file_ref idref="fl-15"/>
      </object_component>
      <object_component id="oc-296">
         <name>.text:NwpPrePowerOffTimout0</name>
         <load_address>0x2000b880</load_address>
         <run_address>0x2000b880</run_address>
         <size>0x20</size>
         <input_file_ref idref="fl-14"/>
      </object_component>
      <object_component id="oc-73b">
         <name>.text:TimerGetCurrentTimestamp</name>
         <load_address>0x2000b8a0</load_address>
         <run_address>0x2000b8a0</run_address>
         <size>0x20</size>
         <input_file_ref idref="fl-14"/>
      </object_component>
      <object_component id="oc-531">
         <name>.text:_SlDrvObjUnLock</name>
         <load_address>0x2000b8c0</load_address>
         <run_address>0x2000b8c0</run_address>
         <size>0x20</size>
         <input_file_ref idref="fl-e"/>
      </object_component>
      <object_component id="oc-49c">
         <name>.text:_SlDrvSyncObjSignal</name>
         <load_address>0x2000b8e0</load_address>
         <run_address>0x2000b8e0</run_address>
         <size>0x20</size>
         <input_file_ref idref="fl-e"/>
      </object_component>
      <object_component id="oc-837">
         <name>.text:TimerEnable</name>
         <load_address>0x2000b900</load_address>
         <run_address>0x2000b900</run_address>
         <size>0x1e</size>
         <input_file_ref idref="fl-19"/>
      </object_component>
      <object_component id="oc-1c1">
         <name>.text:UARTCharPut</name>
         <load_address>0x2000b91e</load_address>
         <run_address>0x2000b91e</run_address>
         <size>0x1e</size>
         <input_file_ref idref="fl-1a"/>
      </object_component>
      <object_component id="oc-418">
         <name>.text:cc_UDMAChannelSelect</name>
         <load_address>0x2000b93c</load_address>
         <run_address>0x2000b93c</run_address>
         <size>0x1e</size>
         <input_file_ref idref="fl-14"/>
      </object_component>
      <object_component id="oc-7d3">
         <name>.text:TimerValueGet</name>
         <load_address>0x2000b95a</load_address>
         <run_address>0x2000b95a</run_address>
         <size>0x1c</size>
         <input_file_ref idref="fl-19"/>
      </object_component>
      <object_component id="oc-1d3">
         <name>.text:UARTCharGetNonBlocking</name>
         <load_address>0x2000b976</load_address>
         <run_address>0x2000b976</run_address>
         <size>0x1c</size>
         <input_file_ref idref="fl-1a"/>
      </object_component>
      <object_component id="oc-606">
         <name>.text:_SlDrvStartMeasureTimeout</name>
         <load_address>0x2000b992</load_address>
         <run_address>0x2000b992</run_address>
         <size>0x1c</size>
         <input_file_ref idref="fl-e"/>
      </object_component>
      <object_component id="oc-49">
         <name>.text:decompress:ZI:__TI_zero_init_nomemset:__TI_zero_init_nomemset</name>
         <load_address>0x2000b9ae</load_address>
         <run_address>0x2000b9ae</run_address>
         <size>0x1c</size>
         <input_file_ref idref="fl-d8"/>
      </object_component>
      <object_component id="oc-3c9">
         <name>.text:free_list_remove</name>
         <load_address>0x2000b9cc</load_address>
         <run_address>0x2000b9cc</run_address>
         <size>0x1c</size>
         <input_file_ref idref="fl-dd"/>
      </object_component>
      <object_component id="oc-5d5">
         <name>.text:memccpy</name>
         <load_address>0x2000b9e8</load_address>
         <run_address>0x2000b9e8</run_address>
         <size>0x1c</size>
         <input_file_ref idref="fl-f6"/>
      </object_component>
      <object_component id="oc-14c">
         <name>.text</name>
         <load_address>0x2000ba04</load_address>
         <run_address>0x2000ba04</run_address>
         <size>0x1c</size>
         <input_file_ref idref="fl-4"/>
      </object_component>
      <object_component id="oc-8a7">
         <name>.text:uDMAChannelEnable</name>
         <load_address>0x2000ba20</load_address>
         <run_address>0x2000ba20</run_address>
         <size>0x1c</size>
         <input_file_ref idref="fl-1b"/>
      </object_component>
      <object_component id="oc-33c">
         <name>.text:PinTypeUART</name>
         <load_address>0x2000ba3c</load_address>
         <run_address>0x2000ba3c</run_address>
         <size>0x1a</size>
         <input_file_ref idref="fl-16"/>
      </object_component>
      <object_component id="oc-4f2">
         <name>.text:SPIDmaDisable</name>
         <load_address>0x2000ba56</load_address>
         <run_address>0x2000ba56</run_address>
         <size>0x1a</size>
         <input_file_ref idref="fl-18"/>
      </object_component>
      <object_component id="oc-424">
         <name>.text:SPIDmaEnable</name>
         <load_address>0x2000ba70</load_address>
         <run_address>0x2000ba70</run_address>
         <size>0x1a</size>
         <input_file_ref idref="fl-18"/>
      </object_component>
      <object_component id="oc-4ec">
         <name>.text:SPIFIFODisable</name>
         <load_address>0x2000ba8a</load_address>
         <run_address>0x2000ba8a</run_address>
         <size>0x1a</size>
         <input_file_ref idref="fl-18"/>
      </object_component>
      <object_component id="oc-41e">
         <name>.text:SPIFIFOEnable</name>
         <load_address>0x2000baa4</load_address>
         <run_address>0x2000baa4</run_address>
         <size>0x1a</size>
         <input_file_ref idref="fl-18"/>
      </object_component>
      <object_component id="oc-4e6">
         <name>.text:SPIIntUnregister</name>
         <load_address>0x2000babe</load_address>
         <run_address>0x2000babe</run_address>
         <size>0x1a</size>
         <input_file_ref idref="fl-18"/>
      </object_component>
      <object_component id="oc-3fa">
         <name>.text:SPICSDisable</name>
         <load_address>0x2000bad8</load_address>
         <run_address>0x2000bad8</run_address>
         <size>0x18</size>
         <input_file_ref idref="fl-18"/>
      </object_component>
      <object_component id="oc-776">
         <name>.text:SPICSEnable</name>
         <load_address>0x2000baf0</load_address>
         <run_address>0x2000baf0</run_address>
         <size>0x18</size>
         <input_file_ref idref="fl-18"/>
      </object_component>
      <object_component id="oc-400">
         <name>.text:SPIDisable</name>
         <load_address>0x2000bb08</load_address>
         <run_address>0x2000bb08</run_address>
         <size>0x18</size>
         <input_file_ref idref="fl-18"/>
      </object_component>
      <object_component id="oc-442">
         <name>.text:SPIEnable</name>
         <load_address>0x2000bb20</load_address>
         <run_address>0x2000bb20</run_address>
         <size>0x18</size>
         <input_file_ref idref="fl-18"/>
      </object_component>
      <object_component id="oc-1cd">
         <name>.text:UARTCharsAvail</name>
         <load_address>0x2000bb38</load_address>
         <run_address>0x2000bb38</run_address>
         <size>0x18</size>
         <input_file_ref idref="fl-1a"/>
      </object_component>
      <object_component id="oc-3e9">
         <name>.text:_SlNonOsSemSet</name>
         <load_address>0x2000bb50</load_address>
         <run_address>0x2000bb50</run_address>
         <size>0x18</size>
         <input_file_ref idref="fl-11"/>
      </object_component>
      <object_component id="oc-3aa">
         <name>.text:_outc</name>
         <load_address>0x2000bb68</load_address>
         <run_address>0x2000bb68</run_address>
         <size>0x18</size>
         <input_file_ref idref="fl-d4"/>
      </object_component>
      <object_component id="oc-263">
         <name>.text:_sl_GetStartResponseConvert</name>
         <load_address>0x2000bb80</load_address>
         <run_address>0x2000bb80</run_address>
         <size>0x18</size>
         <input_file_ref idref="fl-d"/>
      </object_component>
      <object_component id="oc-2ff">
         <name>.text:PRCMHIBRegRead</name>
         <load_address>0x2000bb98</load_address>
         <run_address>0x2000bb98</run_address>
         <size>0x16</size>
         <input_file_ref idref="fl-17"/>
      </object_component>
      <object_component id="oc-305">
         <name>.text:PRCMHIBRegWrite</name>
         <load_address>0x2000bbae</load_address>
         <run_address>0x2000bbae</run_address>
         <size>0x16</size>
         <input_file_ref idref="fl-17"/>
      </object_component>
      <object_component id="oc-3e3">
         <name>.text:_SlDrvMemZero</name>
         <load_address>0x2000bbc4</load_address>
         <run_address>0x2000bbc4</run_address>
         <size>0x16</size>
         <input_file_ref idref="fl-e"/>
      </object_component>
      <object_component id="oc-718">
         <name>.text:strchr</name>
         <load_address>0x2000bbda</load_address>
         <run_address>0x2000bbda</run_address>
         <size>0x16</size>
         <input_file_ref idref="fl-f7"/>
      </object_component>
      <object_component id="oc-2ee">
         <name>.text:CPUcpsie</name>
         <load_address>0x2000bbf0</load_address>
         <run_address>0x2000bbf0</run_address>
         <size>0x14</size>
         <input_file_ref idref="fl-1d"/>
      </object_component>
      <object_component id="oc-121">
         <name>.text:IntVTableBaseSet</name>
         <load_address>0x2000bc04</load_address>
         <run_address>0x2000bc04</run_address>
         <size>0x14</size>
         <input_file_ref idref="fl-15"/>
      </object_component>
      <object_component id="oc-1d9">
         <name>.text:strlen</name>
         <load_address>0x2000bc18</load_address>
         <run_address>0x2000bc18</run_address>
         <size>0x14</size>
         <input_file_ref idref="fl-df"/>
      </object_component>
      <object_component id="oc-5db">
         <name>.text:wcslen</name>
         <load_address>0x2000bc2c</load_address>
         <run_address>0x2000bc2c</run_address>
         <size>0x12</size>
         <input_file_ref idref="fl-fb"/>
      </object_component>
      <object_component id="oc-865">
         <name>.text:_SlDrvDispatchHttpServerEvents</name>
         <load_address>0x2000bc3e</load_address>
         <run_address>0x2000bc3e</run_address>
         <size>0x10</size>
         <input_file_ref idref="fl-e"/>
      </object_component>
      <object_component id="oc-2b1">
         <name>.text:_SlDrvResetCmdExt</name>
         <load_address>0x2000bc4e</load_address>
         <run_address>0x2000bc4e</run_address>
         <size>0xe</size>
         <input_file_ref idref="fl-e"/>
      </object_component>
      <object_component id="oc-152">
         <name>.text:__time32</name>
         <load_address>0x2000bc5c</load_address>
         <run_address>0x2000bc5c</run_address>
         <size>0xe</size>
         <input_file_ref idref="fl-e2"/>
      </object_component>
      <object_component id="oc-1b">
         <name>.text:decompress:none:__TI_decompress_none</name>
         <load_address>0x2000bc6a</load_address>
         <run_address>0x2000bc6a</run_address>
         <size>0xe</size>
         <input_file_ref idref="fl-d9"/>
      </object_component>
      <object_component id="oc-29">
         <name>.text</name>
         <load_address>0x2000bc78</load_address>
         <run_address>0x2000bc78</run_address>
         <size>0xe</size>
         <input_file_ref idref="fl-5"/>
      </object_component>
      <object_component id="oc-46e">
         <name>.text:NwpMaskInterrupt</name>
         <load_address>0x2000bc88</load_address>
         <run_address>0x2000bc88</run_address>
         <size>0xc</size>
         <input_file_ref idref="fl-14"/>
      </object_component>
      <object_component id="oc-488">
         <name>.text:NwpUnMaskInterrupt</name>
         <load_address>0x2000bc94</load_address>
         <run_address>0x2000bc94</run_address>
         <size>0xc</size>
         <input_file_ref idref="fl-14"/>
      </object_component>
      <object_component id="oc-7b1">
         <name>.text:copysign</name>
         <load_address>0x2000bca0</load_address>
         <run_address>0x2000bca0</run_address>
         <size>0xc</size>
         <input_file_ref idref="fl-ff"/>
      </object_component>
      <object_component id="oc-127">
         <name>.text:IntMasterEnable</name>
         <load_address>0x2000bcac</load_address>
         <run_address>0x2000bcac</run_address>
         <size>0xa</size>
         <input_file_ref idref="fl-15"/>
      </object_component>
      <object_component id="oc-5e1">
         <name>.text:__aeabi_errno_addr</name>
         <load_address>0x2000bcb8</load_address>
         <run_address>0x2000bcb8</run_address>
         <size>0x8</size>
         <input_file_ref idref="fl-fa"/>
      </object_component>
      <object_component id="oc-1e5">
         <name>.text:malloc</name>
         <load_address>0x2000bcc0</load_address>
         <run_address>0x2000bcc0</run_address>
         <size>0x8</size>
         <input_file_ref idref="fl-dd"/>
      </object_component>
      <object_component id="oc-14b">
         <name>.text:UtilsDelay</name>
         <load_address>0x2000bcc8</load_address>
         <run_address>0x2000bcc8</run_address>
         <size>0x6</size>
         <input_file_ref idref="fl-1c"/>
      </object_component>
      <object_component id="oc-91">
         <name>.text:_system_pre_init</name>
         <load_address>0x2000bcce</load_address>
         <run_address>0x2000bcce</run_address>
         <size>0x4</size>
         <input_file_ref idref="fl-ee"/>
      </object_component>
      <object_component id="oc-177">
         <name>.text:abort:abort</name>
         <load_address>0x2000bcd2</load_address>
         <run_address>0x2000bcd2</run_address>
         <size>0x4</size>
         <input_file_ref idref="fl-f0"/>
      </object_component>
      <object_component id="oc-6c6">
         <name>.const:.string:_ctypes_</name>
         <load_address>0x2000bcd8</load_address>
         <run_address>0x2000bcd8</run_address>
         <size>0x101</size>
         <input_file_ref idref="fl-f5"/>
      </object_component>
      <object_component id="oc-699">
         <name>.const:g_ulPinToPadMap</name>
         <load_address>0x2000bddc</load_address>
         <run_address>0x2000bddc</run_address>
         <size>0x100</size>
         <input_file_ref idref="fl-16"/>
      </object_component>
      <object_component id="oc-62e">
         <name>.const:g_pulRegs</name>
         <load_address>0x2000bedc</load_address>
         <run_address>0x2000bedc</run_address>
         <size>0xd4</size>
         <input_file_ref idref="fl-15"/>
      </object_component>
      <object_component id="oc-51e">
         <name>.const:PRCM_PeriphRegsList</name>
         <load_address>0x2000bfb0</load_address>
         <run_address>0x2000bfb0</run_address>
         <size>0xa8</size>
         <input_file_ref idref="fl-17"/>
      </object_component>
      <object_component id="oc-578">
         <name>.const:$O1$$</name>
         <load_address>0x2000c058</load_address>
         <run_address>0x2000c058</run_address>
         <size>0x60</size>
         <input_file_ref idref="fl-de"/>
      </object_component>
      <object_component id="oc-76c">
         <name>.const:OpcodeTranslateTable</name>
         <load_address>0x2000c0b8</load_address>
         <run_address>0x2000c0b8</run_address>
         <size>0x3c</size>
         <input_file_ref idref="fl-e"/>
      </object_component>
      <object_component id="oc-801">
         <name>.const:_SlActionLookupTable</name>
         <load_address>0x2000c0f4</load_address>
         <run_address>0x2000c0f4</run_address>
         <size>0x38</size>
         <input_file_ref idref="fl-e"/>
      </object_component>
      <object_component id="oc-114">
         <name>.const:$P$T1$2</name>
         <load_address>0x2000c12c</load_address>
         <run_address>0x2000c12c</run_address>
         <size>0x2c</size>
         <input_file_ref idref="fl-2"/>
      </object_component>
      <object_component id="oc-78b">
         <name>.const:g_ppulSPIIntMap</name>
         <load_address>0x2000c158</load_address>
         <run_address>0x2000c158</run_address>
         <size>0x24</size>
         <input_file_ref idref="fl-18"/>
      </object_component>
      <object_component id="oc-120">
         <name>.const:.string:$P$T0$1</name>
         <load_address>0x2000c17c</load_address>
         <run_address>0x2000c17c</run_address>
         <size>0x22</size>
         <input_file_ref idref="fl-2"/>
      </object_component>
      <object_component id="oc-7e4">
         <name>.const:RxMsgClassLUT</name>
         <load_address>0x2000c1a0</load_address>
         <run_address>0x2000c1a0</run_address>
         <size>0x20</size>
         <input_file_ref idref="fl-e"/>
      </object_component>
      <object_component id="oc-64e">
         <name>.const:g_pulDisRegs</name>
         <load_address>0x2000c1c0</load_address>
         <run_address>0x2000c1c0</run_address>
         <size>0x18</size>
         <input_file_ref idref="fl-15"/>
      </object_component>
      <object_component id="oc-2f5">
         <name>.const:g_pulEnRegs</name>
         <load_address>0x2000c1d8</load_address>
         <run_address>0x2000c1d8</run_address>
         <size>0x18</size>
         <input_file_ref idref="fl-15"/>
      </object_component>
      <object_component id="oc-659">
         <name>.const:g_pulUnpendRegs</name>
         <load_address>0x2000c1f0</load_address>
         <run_address>0x2000c1f0</run_address>
         <size>0x18</size>
         <input_file_ref idref="fl-15"/>
      </object_component>
      <object_component id="oc-749">
         <name>.const:g_ulSPIDmaMaskMap</name>
         <load_address>0x2000c208</load_address>
         <run_address>0x2000c208</run_address>
         <size>0x18</size>
         <input_file_ref idref="fl-18"/>
      </object_component>
      <object_component id="oc-7dd">
         <name>.const:$P$T0$1</name>
         <load_address>0x2000c220</load_address>
         <run_address>0x2000c220</run_address>
         <size>0x14</size>
         <input_file_ref idref="fl-e"/>
      </object_component>
      <object_component id="oc-612">
         <name>.const:$P$T0$1</name>
         <load_address>0x2000c234</load_address>
         <run_address>0x2000c234</run_address>
         <size>0x14</size>
         <input_file_ref idref="fl-11"/>
      </object_component>
      <object_component id="oc-11d">
         <name>.const:$P$T2$3</name>
         <load_address>0x2000c248</load_address>
         <run_address>0x2000c248</run_address>
         <size>0x14</size>
         <input_file_ref idref="fl-2"/>
      </object_component>
      <object_component id="oc-527">
         <name>.const:.string:_SlPayloadByProtocolLUT</name>
         <load_address>0x2000c25c</load_address>
         <run_address>0x2000c25c</run_address>
         <size>0x10</size>
         <input_file_ref idref="fl-12"/>
      </object_component>
      <object_component id="oc-15e">
         <name>.const:.string:$P$T3$4</name>
         <load_address>0x2000c26c</load_address>
         <run_address>0x2000c26c</run_address>
         <size>0xe</size>
         <input_file_ref idref="fl-2"/>
      </object_component>
      <object_component id="oc-4a3">
         <name>.const:StartResponseLUT</name>
         <load_address>0x2000c27a</load_address>
         <run_address>0x2000c27a</run_address>
         <size>0x8</size>
         <input_file_ref idref="fl-d"/>
      </object_component>
      <object_component id="oc-7e0">
         <name>.const:g_H2NCnysPattern</name>
         <load_address>0x2000c284</load_address>
         <run_address>0x2000c284</run_address>
         <size>0x8</size>
         <input_file_ref idref="fl-e"/>
      </object_component>
      <object_component id="oc-679">
         <name>.const:g_H2NSyncPattern</name>
         <load_address>0x2000c28c</load_address>
         <run_address>0x2000c28c</run_address>
         <size>0x8</size>
         <input_file_ref idref="fl-e"/>
      </object_component>
      <object_component id="oc-2b7">
         <name>.const:_SlDeviceGetCmdCtrl</name>
         <load_address>0x2000c294</load_address>
         <run_address>0x2000c294</run_address>
         <size>0x4</size>
         <input_file_ref idref="fl-d"/>
      </object_component>
      <object_component id="oc-8d0">
         <name>.const:_SlNetAppSendTokenValueCmdCtrl</name>
[...]
         <value>0x20009d5d</value>
         <object_component_ref idref="oc-54a"/>
      </symbol>
      <symbol id="sm-982">
         <name>PinModeSet</name>
         <value>0x2000b085</value>
         <object_component_ref idref="oc-544"/>
      </symbol>
      <symbol id="sm-a15">
         <name>PRCMPeripheralReset</name>
         <value>0x2000a9ad</value>
         <object_component_ref idref="oc-311"/>
      </symbol>
      <symbol id="sm-a16">
         <name>PRCMPeripheralClkEnable</name>
         <value>0x2000b2bd</value>
         <object_component_ref idref="oc-30b"/>
      </symbol>
      <symbol id="sm-a17">
         <name>PRCMPeripheralClockGet</name>
         <value>0x2000985d</value>
         <object_component_ref idref="oc-1b5"/>
      </symbol>
      <symbol id="sm-a18">
         <name>PRCMCC3200MCUInit</name>
         <value>0x200072d9</value>
         <object_component_ref idref="oc-133"/>
      </symbol>
      <symbol id="sm-a19">
         <name>PRCMHIBRegWrite</name>
         <value>0x2000bbaf</value>
         <object_component_ref idref="oc-305"/>
      </symbol>
      <symbol id="sm-a1a">
         <name>PRCMSysResetCauseGet</name>
         <value>0x2000b579</value>
         <object_component_ref idref="oc-2f9"/>
      </symbol>
      <symbol id="sm-a1b">
         <name>PRCMPeripheralStatusGet</name>
         <value>0x2000b44d</value>
         <object_component_ref idref="oc-412"/>
      </symbol>
      <symbol id="sm-a1c">
         <name>PRCMPeripheralClkDisable</name>
         <value>0x2000b651</value>
         <object_component_ref idref="oc-317"/>
      </symbol>
      <symbol id="sm-a1d">
         <name>PRCMHIBRegRead</name>
         <value>0x2000bb99</value>
         <object_component_ref idref="oc-2ff"/>
      </symbol>
      <symbol id="sm-ad8">
         <name>SPIFIFODisable</name>
         <value>0x2000ba8b</value>
         <object_component_ref idref="oc-4ec"/>
      </symbol>
      <symbol id="sm-ad9">
         <name>SPICSEnable</name>
         <value>0x2000baf1</value>
         <object_component_ref idref="oc-776"/>
      </symbol>
      <symbol id="sm-ada">
         <name>SPIDisable</name>
         <value>0x2000bb09</value>
         <object_component_ref idref="oc-400"/>
      </symbol>
      <symbol id="sm-adb">
         <name>SPIFIFOEnable</name>
         <value>0x2000baa5</value>
         <object_component_ref idref="oc-41e"/>
      </symbol>
      <symbol id="sm-adc">
         <name>SPIWordCountSet</name>
         <value>0x2000b83f</value>
         <object_component_ref idref="oc-77c"/>
      </symbol>
      <symbol id="sm-add">
         <name>SPIEnable</name>
         <value>0x2000bb21</value>
         <object_component_ref idref="oc-442"/>
      </symbol>
      <symbol id="sm-ade">
         <name>SPIDmaEnable</name>
         <value>0x2000ba71</value>
         <object_component_ref idref="oc-424"/>
      </symbol>
      <symbol id="sm-adf">
         <name>SPIConfigSetExpClk</name>
         <value>0x20009425</value>
         <object_component_ref idref="oc-40c"/>
      </symbol>
      <symbol id="sm-ae0">
         <name>SPIIntUnregister</name>
         <value>0x2000babf</value>
         <object_component_ref idref="oc-4e6"/>
      </symbol>
      <symbol id="sm-ae1">
         <name>SPIFIFOLevelSet</name>
         <value>0x2000b481</value>
         <object_component_ref idref="oc-42a"/>
      </symbol>
      <symbol id="sm-ae2">
         <name>SPIDmaDisable</name>
         <value>0x2000ba57</value>
         <object_component_ref idref="oc-4f2"/>
      </symbol>
      <symbol id="sm-ae3">
         <name>SPIReset</name>
         <value>0x2000b81d</value>
         <object_component_ref idref="oc-406"/>
      </symbol>
      <symbol id="sm-ae4">
         <name>SPIIntEnable</name>
         <value>0x2000ac51</value>
         <object_component_ref idref="oc-43c"/>
      </symbol>
      <symbol id="sm-ae5">
         <name>SPIIntClear</name>
         <value>0x2000ae15</value>
         <object_component_ref idref="oc-643"/>
      </symbol>
      <symbol id="sm-ae6">
         <name>SPICSDisable</name>
         <value>0x2000bad9</value>
         <object_component_ref idref="oc-3fa"/>
      </symbol>
      <symbol id="sm-b19">
         <name>TimerLoadSet</name>
         <value>0x2000b5fd</value>
         <object_component_ref idref="oc-831"/>
      </symbol>
      <symbol id="sm-b1a">
         <name>TimerEnable</name>
         <value>0x2000b901</value>
         <object_component_ref idref="oc-837"/>
      </symbol>
      <symbol id="sm-b1b">
         <name>TimerValueGet</name>
         <value>0x2000b95b</value>
         <object_component_ref idref="oc-7d3"/>
      </symbol>
      <symbol id="sm-b1c">
         <name>TimerPrescaleSet</name>
         <value>0x2000b627</value>
         <object_component_ref idref="oc-82b"/>
      </symbol>
      <symbol id="sm-b1d">
         <name>TimerConfigure</name>
         <value>0x2000af31</value>
         <object_component_ref idref="oc-825"/>
      </symbol>
      <symbol id="sm-b59">
         <name>UARTConfigSetExpClk</name>
         <value>0x2000a26d</value>
         <object_component_ref idref="oc-1bb"/>
      </symbol>
      <symbol id="sm-b5a">
         <name>UARTDisable</name>
         <value>0x2000b4e9</value>
         <object_component_ref idref="oc-390"/>
      </symbol>
      <symbol id="sm-b5b">
         <name>UARTCharsAvail</name>
         <value>0x2000bb39</value>
         <object_component_ref idref="oc-1cd"/>
      </symbol>
      <symbol id="sm-b5c">
         <name>UARTCharGetNonBlocking</name>
         <value>0x2000b977</value>
         <object_component_ref idref="oc-1d3"/>
      </symbol>
      <symbol id="sm-b5d">
         <name>UARTCharPut</name>
         <value>0x2000b91f</value>
         <object_component_ref idref="oc-1c1"/>
      </symbol>
      <symbol id="sm-b5e">
         <name>UARTEnable</name>
         <value>0x2000b7d5</value>
         <object_component_ref idref="oc-396"/>
      </symbol>
      <symbol id="sm-bb5">
         <name>uDMAChannelControlSet</name>
         <value>0x2000b335</value>
         <object_component_ref idref="oc-895"/>
      </symbol>
      <symbol id="sm-bb6">
         <name>uDMAChannelAttributeEnable</name>
         <value>0x2000a775</value>
         <object_component_ref idref="oc-89b"/>
      </symbol>
      <symbol id="sm-bb7">
         <name>uDMAChannelTransferSet</name>
         <value>0x20008699</value>
         <object_component_ref idref="oc-8a1"/>
      </symbol>
      <symbol id="sm-bb8">
         <name>uDMAChannelAssign</name>
         <value>0x2000ad81</value>
         <object_component_ref idref="oc-61d"/>
      </symbol>
      <symbol id="sm-bb9">
         <name>uDMAChannelAttributeDisable</name>
         <value>0x2000a711</value>
         <object_component_ref idref="oc-623"/>
      </symbol>
      <symbol id="sm-bba">
         <name>uDMAChannelEnable</name>
         <value>0x2000ba21</value>
         <object_component_ref idref="oc-8a7"/>
      </symbol>
      <symbol id="sm-bbe">
         <name>UtilsDelay</name>
         <value>0x2000bcc9</value>
         <object_component_ref idref="oc-14b"/>
      </symbol>
      <symbol id="sm-bc8">
         <name>CPUcpsie</name>
         <value>0x2000bbf1</value>
         <object_component_ref idref="oc-2ee"/>
      </symbol>
      <symbol id="sm-bf8">
         <name>vsnprintf</name>
         <value>0x2000b1c5</value>
         <object_component_ref idref="oc-1c7"/>
      </symbol>
      <symbol id="sm-c13">
         <name>memcpy</name>
         <value>0x200094c5</value>
         <object_component_ref idref="oc-3d"/>
      </symbol>
      <symbol id="sm-c14">
         <name>__aeabi_memcpy</name>
         <value>0x200094c5</value>
         <object_component_ref idref="oc-3d"/>
      </symbol>
      <symbol id="sm-c15">
         <name>__aeabi_memcpy8</name>
         <value>0x200094c5</value>
         <object_component_ref idref="oc-3d"/>
      </symbol>
      <symbol id="sm-c16">
         <name>__aeabi_memcpy4</name>
         <value>0x200094c5</value>
         <object_component_ref idref="oc-3d"/>
      </symbol>
      <symbol id="sm-c25">
         <name>__aeabi_memset</name>
         <value>0x2000a17b</value>
         <object_component_ref idref="oc-8b"/>
      </symbol>
      <symbol id="sm-c26">
         <name>memset</name>
         <value>0x2000a181</value>
         <object_component_ref idref="oc-8b"/>
      </symbol>
      <symbol id="sm-c27">
         <name>__aeabi_memset8</name>
         <value>0x2000a17b</value>
         <object_component_ref idref="oc-8b"/>
      </symbol>
      <symbol id="sm-c28">
         <name>__aeabi_memset4</name>
         <value>0x2000a17b</value>
         <object_component_ref idref="oc-8b"/>
      </symbol>
      <symbol id="sm-c29">
         <name>__aeabi_memclr8</name>
         <value>0x2000a179</value>
         <object_component_ref idref="oc-8b"/>
      </symbol>
      <symbol id="sm-c2a">
         <name>__aeabi_memclr4</name>
         <value>0x2000a179</value>
         <object_component_ref idref="oc-8b"/>
      </symbol>
      <symbol id="sm-c2b">
         <name>__aeabi_memclr</name>
         <value>0x2000a179</value>
         <object_component_ref idref="oc-8b"/>
      </symbol>
      <symbol id="sm-c38">
         <name>__aeabi_uldivmod</name>
         <value>0x200097c5</value>
         <object_component_ref idref="oc-6ac"/>
      </symbol>
      <symbol id="sm-c51">
         <name>__TI_zero_init_nomemset</name>
         <value>0x2000b9af</value>
         <object_component_ref idref="oc-49"/>
      </symbol>
      <symbol id="sm-c68">
         <name>__TI_decompress_none</name>
         <value>0x2000bc6b</value>
         <object_component_ref idref="oc-1b"/>
      </symbol>
      <symbol id="sm-c8b">
         <name>__TI_decompress_lzss</name>
         <value>0x2000a57d</value>
         <object_component_ref idref="oc-15"/>
      </symbol>
      <symbol id="sm-cb8">
         <name>__localtime32</name>
         <value>0x20007c11</value>
         <object_component_ref idref="oc-158"/>
      </symbol>
      <symbol id="sm-cb9">
         <name>localtime</name>
         <value>0x20007c11</value>
         <object_component_ref idref="oc-158"/>
      </symbol>
      <symbol id="sm-cca">
         <name>memmove</name>
         <value>0x2000b719</value>
         <object_component_ref idref="oc-1df"/>
      </symbol>
      <symbol id="sm-d68">
         <name>_sys_memory</name>
         <value>0x20017000</value>
         <object_component_ref idref="oc-23"/>
      </symbol>
      <symbol id="sm-d69">
         <name>free</name>
         <value>0x20008959</value>
         <object_component_ref idref="oc-1f1"/>
      </symbol>
      <symbol id="sm-d6a">
         <name>realloc</name>
         <value>0x20008a3d</value>
         <object_component_ref idref="oc-1eb"/>
      </symbol>
      <symbol id="sm-d6b">
         <name>memalign</name>
         <value>0x200081cd</value>
         <object_component_ref idref="oc-3c2"/>
      </symbol>
      <symbol id="sm-d6c">
         <name>malloc</name>
         <value>0x2000bcc1</value>
         <object_component_ref idref="oc-1e5"/>
      </symbol>
      <symbol id="sm-d6d">
         <name>aligned_alloc</name>
         <value>0x200081cd</value>
         <object_component_ref idref="oc-3c2"/>
      </symbol>
      <symbol id="sm-d9f">
         <name>mktime</name>
         <value>0x20005ed9</value>
         <object_component_ref idref="oc-355"/>
      </symbol>
      <symbol id="sm-da0">
         <name>__mktime32</name>
         <value>0x20005ed9</value>
         <object_component_ref idref="oc-355"/>
      </symbol>
      <symbol id="sm-dae">
         <name>strlen</name>
         <value>0x2000bc19</value>
         <object_component_ref idref="oc-1d9"/>
      </symbol>
      <symbol id="sm-dbe">
         <name>_tz</name>
         <value>0x2001f498</value>
         <object_component_ref idref="oc-35b"/>
      </symbol>
      <symbol id="sm-dd0">
         <name>__stack</name>
         <value>0x2002eb00</value>
         <object_component_ref idref="oc-26"/>
      </symbol>
      <symbol id="sm-dd1">
         <name>_c_int00_noargs</name>
         <value>0x2000b7f9</value>
         <object_component_ref idref="oc-5b"/>
      </symbol>
      <symbol id="sm-de4">
         <name>__time32</name>
         <value>0x2000bc5d</value>
         <object_component_ref idref="oc-152"/>
      </symbol>
      <symbol id="sm-de5">
         <name>time</name>
         <value>0x2000bc5d</value>
         <object_component_ref idref="oc-152"/>
      </symbol>
      <symbol id="sm-f4a">
         <name>__TI_printfi</name>
         <value>0x20004ef9</value>
         <object_component_ref idref="oc-39e"/>
      </symbol>
      <symbol id="sm-f54">
         <name>__aeabi_idiv0</name>
         <value>0x20007c0f</value>
         <object_component_ref idref="oc-56d"/>
      </symbol>
      <symbol id="sm-f55">
         <name>__aeabi_ldiv0</name>
         <value>0x20007c0f</value>
         <object_component_ref idref="oc-56d"/>
      </symbol>
      <symbol id="sm-f6c">
         <name>__aeabi_dsub</name>
         <value>0x20006c41</value>
         <object_component_ref idref="oc-6ec"/>
      </symbol>
      <symbol id="sm-f6d">
         <name>__aeabi_dadd</name>
         <value>0x20006c4b</value>
         <object_component_ref idref="oc-6ec"/>
      </symbol>
      <symbol id="sm-f8f">
         <name>__aeabi_cdcmpeq</name>
         <value>0x20009de5</value>
         <object_component_ref idref="oc-5b8"/>
      </symbol>
      <symbol id="sm-f90">
         <name>__aeabi_cdcmple</name>
         <value>0x20009de5</value>
         <object_component_ref idref="oc-5b8"/>
      </symbol>
      <symbol id="sm-f91">
         <name>__aeabi_cdrcmple</name>
         <value>0x20009e6b</value>
         <object_component_ref idref="oc-6d7"/>
      </symbol>
      <symbol id="sm-fa5">
         <name>__aeabi_ddiv</name>
         <value>0x20007ad9</value>
         <object_component_ref idref="oc-6d2"/>
      </symbol>
      <symbol id="sm-fb0">
         <name>__aeabi_dmul</name>
         <value>0x200082cd</value>
         <object_component_ref idref="oc-6cd"/>
      </symbol>
      <symbol id="sm-fba">
         <name>__aeabi_d2iz</name>
         <value>0x2000aea5</value>
         <object_component_ref idref="oc-6dc"/>
      </symbol>
      <symbol id="sm-fc4">
         <name>__aeabi_i2d</name>
         <value>0x2000b549</value>
         <object_component_ref idref="oc-6e7"/>
      </symbol>
      <symbol id="sm-fd3">
         <name>__aeabi_uidivmod</name>
         <value>0x2000b185</value>
         <object_component_ref idref="oc-350"/>
      </symbol>
      <symbol id="sm-fd4">
         <name>__aeabi_uidiv</name>
         <value>0x2000b185</value>
         <object_component_ref idref="oc-350"/>
      </symbol>
      <symbol id="sm-fe2">
         <name>__aeabi_ldivmod</name>
         <value>0x2000a437</value>
         <object_component_ref idref="oc-573"/>
      </symbol>
      <symbol id="sm-100a">
         <name>__TI_auto_init_nobinit_nopinit</name>
         <value>0x2000affd</value>
         <object_component_ref idref="oc-183"/>
      </symbol>
      <symbol id="sm-1014">
         <name>_system_pre_init</name>
         <value>0x2000bccf</value>
         <object_component_ref idref="oc-91"/>
      </symbol>
      <symbol id="sm-1020">
         <name>C$$EXIT</name>
         <value>0x2000bcd3</value>
         <object_component_ref idref="oc-177"/>
      </symbol>
      <symbol id="sm-1021">
         <name>abort</name>
         <value>0x2000bcd3</value>
         <object_component_ref idref="oc-177"/>
      </symbol>
      <symbol id="sm-1036">
         <name>_nop</name>
         <value>0x20006df7</value>
         <object_component_ref idref="oc-58b"/>
      </symbol>
      <symbol id="sm-1037">
         <name>_lock</name>
         <value>0x2001f4c4</value>
         <object_component_ref idref="oc-373"/>
      </symbol>
      <symbol id="sm-1038">
         <name>_unlock</name>
         <value>0x2001f4c8</value>
         <object_component_ref idref="oc-373"/>
      </symbol>
      <symbol id="sm-1047">
         <name>__TI_ltoa</name>
         <value>0x2000ab05</value>
         <object_component_ref idref="oc-6e1"/>
      </symbol>
      <symbol id="sm-105e">
         <name>atoi</name>
         <value>0x2000ad35</value>
         <object_component_ref idref="oc-5ac"/>
      </symbol>
      <symbol id="sm-1069">
         <name>_ctypes_</name>
         <value>0x2000bcd8</value>
         <object_component_ref idref="oc-6c6"/>
      </symbol>
      <symbol id="sm-1079">
         <name>memccpy</name>
         <value>0x2000b9e9</value>
         <object_component_ref idref="oc-5d5"/>
      </symbol>
      <symbol id="sm-1089">
         <name>strchr</name>
         <value>0x2000bbdb</value>
         <object_component_ref idref="oc-718"/>
      </symbol>
      <symbol id="sm-10a1">
         <name>HOSTtime</name>
         <value>0x2000adcd</value>
         <object_component_ref idref="oc-343"/>
      </symbol>
      <symbol id="sm-10c5">
         <name>__TI_readmsg</name>
         <value>0x2000b4b5</value>
         <object_component_ref idref="oc-557"/>
      </symbol>
      <symbol id="sm-10c6">
         <name>C$$IO$$</name>
         <value>0x2000b3d7</value>
         <object_component_ref idref="oc-551"/>
      </symbol>
      <symbol id="sm-10c7">
         <name>__CIOBUF_</name>
         <value>0x2001f168</value>
         <object_component_ref idref="oc-69e"/>
      </symbol>
      <symbol id="sm-10c8">
         <name>__TI_writemsg</name>
         <value>0x2000b3a9</value>
         <object_component_ref idref="oc-551"/>
      </symbol>
      <symbol id="sm-10de">
         <name>__aeabi_errno_addr</name>
         <value>0x2000bcb9</value>
         <object_component_ref idref="oc-5e1"/>
      </symbol>
      <symbol id="sm-10df">
         <name>errno</name>
         <value>0x2001f4dc</value>
         <object_component_ref idref="oc-728"/>
      </symbol>
      <symbol id="sm-10f8">
         <name>wcslen</name>
         <value>0x2000bc2d</value>
         <object_component_ref idref="oc-5db"/>
      </symbol>
      <symbol id="sm-1118">
         <name>frexpl</name>
         <value>0x2000a8f9</value>
         <object_component_ref idref="oc-70c"/>
      </symbol>
      <symbol id="sm-1119">
         <name>frexp</name>
         <value>0x2000a8f9</value>
         <object_component_ref idref="oc-70c"/>
      </symbol>
      <symbol id="sm-1137">
         <name>scalbn</name>
         <value>0x20008ce1</value>
         <object_component_ref idref="oc-712"/>
      </symbol>
      <symbol id="sm-1138">
         <name>scalbnl</name>
         <value>0x20008ce1</value>
         <object_component_ref idref="oc-712"/>
      </symbol>
      <symbol id="sm-1139">
         <name>ldexpl</name>
         <value>0x20008ce1</value>
         <object_component_ref idref="oc-712"/>
      </symbol>
      <symbol id="sm-113a">
         <name>ldexp</name>
         <value>0x20008ce1</value>
         <object_component_ref idref="oc-712"/>
      </symbol>
      <symbol id="sm-1140">
         <name>parmbuf</name>
         <value>0x2001f304</value>
      </symbol>
      <symbol id="sm-114a">
         <name>copysign</name>
         <value>0x2000bca1</value>
         <object_component_ref idref="oc-7b1"/>
      </symbol>
      <symbol id="sm-114b">
         <name>copysignl</name>
         <value>0x2000bca1</value>
         <object_component_ref idref="oc-7b1"/>
      </symbol>
      <symbol id="sm-114c">
         <name>__TI_static_base__</name>
         <value>0x2000c2d0</value>
      </symbol>
      <symbol id="sm-114f">
         <name>__mpu_init</name>
         <value>0x0</value>
      </symbol>
      <symbol id="sm-1150">
         <name>_system_post_cinit</name>
         <value>0x0</value>
      </symbol>
   </symbol_table>
   <title>Link successful</title>
</link_info>
