******************************************************************************
                  TI ARM Linker PC v20.2.7                     
******************************************************************************
>> Linked Tue Apr 18 14:06:47 2023

OUTPUT FILE NAME:   <transceiver_mode.out>
ENTRY POINT SYMBOL: "_c_int00_noargs"  address: 2000b7f9


MEMORY CONFIGURATION

         name            origin    length      used     unused   attr    fill
----------------------  --------  ---------  --------  --------  ----  --------
  SRAM_CODE             20004000   00013000  0000836e  0000ac92  RW X
  SRAM_DATA             20017000   00019000  000099e3  0000f61d  RW X


SEGMENT ALLOCATION MAP

run origin  load origin   length   init length attrs members
----------  ----------- ---------- ----------- ----- -------
20004000    20004000    00008370   00008370    r-x
  20004000    20004000    00000400   00000400    r-- .intvecs
  20004400    20004400    000078d6   000078d6    r-x .text
  2000bcd8    2000bcd8    000005f8   000005f8    r-- .const
  2000c2d0    2000c2d0    000000a0   000000a0    r-- .cinit
20017000    20017000    000084e4   00000000    rw-
  20017000    20017000    00008000   00000000    rw- .sysmem
  2001f000    2001f000    00000313   00000000    rw- .bss
  2001f314    2001f314    000001d0   00000000    rw- .data
2002eb00    2002eb00    00001500   00000000    rw-
  2002eb00    2002eb00    00001500   00000000    rw- .stack


SECTION ALLOCATION MAP

 output                                  attributes/
section   page    origin      length       input sections
--------  ----  ----------  ----------   ----------------
.intvecs   0    20004000    00000400     
                  20004000    00000400     startup_ccs.obj (.intvecs)

.init_array 
*          0    20004000    00000000     UNINITIALIZED

.text      0    20004400    000078d6     
                  20004400    00000af8     main.obj (.text)
                  20004ef8    00000a4e     rtsv7M4_T_le_eabi.lib : _printfi.c.obj (.text:__TI_printfi)
                  20005946    00000002     driverlib.a : interrupt.obj (.text:IntDefaultHandler)
                  20005948    00000590     simplelink.a : driver.obj (.text:_SlDrvMsgRead)
                  20005ed8    000002a0     rtsv7M4_T_le_eabi.lib : mktime.c.obj (.text:__mktime32)
                  20006178    0000027c     uart_if.obj (.text)
                  200063f4    00000268     rtsv7M4_T_le_eabi.lib : _printfi.c.obj (.text:_pconv_a)
                  2000665c    00000248     simplelink.a : driver.obj (.text:_SlDrvRxHdrRead)
                  200068a4    000001d0                  : driver.obj (.text:_SlDrvReleasePoolObj)
                  20006a74    000001cc     rtsv7M4_T_le_eabi.lib : _printfi.c.obj (.text:_pconv_g)
                  20006c40    000001b6                           : fd_add_t2.asm.obj (.text)
                  20006df6    00000002                           : _lock.c.obj (.text:_nop)
                  20006df8    000001b4     simplelink.a : driver.obj (.text:_SlDrvDriverCBInit)
                  20006fac    0000019c                  : driver.obj (.text:_SlDrvMsgWrite)
                  20007148    00000190                  : driver.obj (.text:_SlDrvWaitForPoolObj)
                  200072d8    00000178     driverlib.a : prcm.obj (.text:PRCMCC3200MCUInit)
                  20007450    00000170     simplelink.a : driver.obj (.text:_SlFindAndSetActiveObj)
                  200075c0    00000150                  : driver.obj (.text:_SlDrvDataWriteOp)
                  20007710    00000148                  : cc_pal.obj (.text:spi_Open)
                  20007858    00000144                  : driver.obj (.text:_SlDrvMsgReadCmdCtx)
                  2000799c    0000013c     rtsv7M4_T_le_eabi.lib : _printfi.c.obj (.text:_pconv_e)
                  20007ad8    00000136                           : fd_div_t2.asm.obj (.text)
                  20007c0e    00000002                           : div0.asm.obj (.text)
                  20007c10    00000134                           : localtim.c.obj (.text:__localtime32)
                  20007d44    00000134     simplelink.a : socket.obj (.text:sl_Send)
                  20007e78    00000130                  : driver.obj (.text:_SlDrvDriverCBDeinit)
                  20007fa8    00000120     rtsv7M4_T_le_eabi.lib : _printfi.c.obj (.text:fcvt)
                  200080c8    00000104     simplelink.a : netapp.obj (.text:_SlDrvNetAppEventHandler)
                  200081cc    00000100     rtsv7M4_T_le_eabi.lib : memory.c.obj (.text:aligned_alloc)
                  200082cc    000000fc                           : fd_mul_t2.asm.obj (.text)
                  200083c8    000000f0     simplelink.a : device.obj (.text:sl_Start)
                  200084b8    000000f0                  : device.obj (.text:sl_Stop)
                  200085a8    000000f0                  : cc_pal.obj (.text:spi_Read)
                  20008698    000000f0     driverlib.a : udma.obj (.text:uDMAChannelTransferSet)
                  20008788    000000e8     simplelink.a : driver.obj (.text:_SlAsyncEventGenericHandler)
                  20008870    000000e8                  : driver.obj (.text:_SlDrvMsgReadSpawnCtx)
                  20008958    000000e4     rtsv7M4_T_le_eabi.lib : memory.c.obj (.text:free)
                  20008a3c    000000e4                           : memory.c.obj (.text:realloc)
                  20008b20    000000e4     simplelink.a : netapp.obj (.text:sl_NetAppMDNSRegisterUnregisterService)
                  20008c04    000000dc                  : driver.obj (.text:_SlDrvClassifyRxMsg)
                  20008ce0    000000d0     rtsv7M4_T_le_eabi.lib : s_scalbn.c.obj (.text:scalbn)
                  20008db0    000000cc     simplelink.a : netapp.obj (.text:_sl_HandleAsync_DnsGetHostByService)
                  20008e7c    000000cc                  : device.obj (.text:sl_DevGet)
                  20008f48    000000c4                  : driver.obj (.text:_SlRemoveFromList)
                  2000900c    000000c0                  : driver.obj (.text:_SlDrvCmdOp)
                  200090cc    000000b1     rtsv7M4_T_le_eabi.lib : _printfi.c.obj (.text:_ltostr)
                  2000917d    00000003     --HOLE-- [fill = 0]
                  20009180    000000b0     simplelink.a : nonos.obj (.text:_SlNonOsSemGet)
                  20009230    000000a8     driverlib.a : interrupt.obj (.text:IntDisable)
                  200092d8    000000a8                 : interrupt.obj (.text:IntEnable)
                  20009380    000000a4     simplelink.a : driver.obj (.text:_SlDriverHandleError)
                  20009424    000000a0     driverlib.a : spi.obj (.text:SPIConfigSetExpClk)
                  200094c4    0000009c     rtsv7M4_T_le_eabi.lib : memcpy_t2.asm.obj (.text)
                  20009560    0000009a     simplelink.a : device.obj (.text:_SlDrvDeviceEventHandler)
                  200095fa    00000002     --HOLE-- [fill = 0]
                  200095fc    00000098                  : netcfg.obj (.text:sl_NetCfgSet)
                  20009694    00000098                  : wlan.obj (.text:sl_WlanSet)
                  2000972c    00000098                  : cc_pal.obj (.text:spi_Write)
                  200097c4    00000096     rtsv7M4_T_le_eabi.lib : ull_div_t2.asm.obj (.text)
                  2000985a    00000002     --HOLE-- [fill = 0]
                  2000985c    00000094     driverlib.a : prcm.obj (.text:PRCMPeripheralClockGet)
                  200098f0    00000090     simplelink.a : netapp.obj (.text:_sl_HandleAsync_DnsGetHostByName)
                  20009980    00000090                  : netapp.obj (.text:_sl_HandleAsync_PingResponse)
                  20009a10    00000090                  : wlan.obj (.text:sl_WlanPolicySet)
                  20009aa0    0000008c                  : cc_pal.obj (.text:SetupDMAReceive)
                  20009b2c    0000008c                  : cc_pal.obj (.text:SetupDMASend)
                  20009bb8    0000008c                  : driver.obj (.text:_SlDrvIsTimeoutExpired)
                  20009c44    0000008c                  : device.obj (.text:_sl_HandleAsync_InitComplete)
                  20009cd0    0000008c                  : socket.obj (.text:sl_Socket)
                  20009d5c    00000088     driverlib.a : pin.obj (.text:PinConfigSet)
                  20009de4    00000086     rtsv7M4_T_le_eabi.lib : fd_cmp_t2.asm.obj (.text:__aeabi_cdcmple)
                  20009e6a    00000086                           : fd_cmp_t2.asm.obj (.text:__aeabi_cdrcmple)
                  20009ef0    00000084     simplelink.a : cc_pal.obj (.text:NwpPowerOnPreamble)
                  20009f74    00000084                  : wlan.obj (.text:sl_WlanRxFilterSet)
                  20009ff8    00000080                  : socket.obj (.text:_sl_HandleAsync_Connect)
                  2000a078    00000080                  : cc_pal.obj (.text:spi_Read_CPU)
                  2000a0f8    00000080                  : cc_pal.obj (.text:spi_Write_CPU)
                  2000a178    0000007a     rtsv7M4_T_le_eabi.lib : memset_t2.asm.obj (.text)
                  2000a1f2    00000002     --HOLE-- [fill = 0]
                  2000a1f4    00000078     simplelink.a : cc_pal.obj (.text:spi_Close)
                  2000a26c    00000076     driverlib.a : uart.obj (.text:UARTConfigSetExpClk)
                  2000a2e2    00000002     --HOLE-- [fill = 0]
                  2000a2e4    00000074     simplelink.a : nonos.obj (.text:_SlNonOsMainLoopTask)
                  2000a358    00000070     rtsv7M4_T_le_eabi.lib : memory.c.obj (.text:split)
                  2000a3c8    0000006e                           : _printfi.c.obj (.text:_mcpy)
                  2000a436    0000006e                           : ll_div_t2.asm.obj (.text)
                  2000a4a4    0000006c     simplelink.a : driver.obj (.text:_SlDrvCmdSend)
                  2000a510    0000006c                  : netapp.obj (.text:_sl_NetAppSendTokenValue)
                  2000a57c    00000068     rtsv7M4_T_le_eabi.lib : copy_decompress_lzss.c.obj (.text:decompress:lzss:__TI_decompress_lzss)
                  2000a5e4    00000064     simplelink.a : nonos.obj (.text:_SlNonOsSpawn)
                  2000a648    00000064                  : socket.obj (.text:_sl_HandleAsync_Accept)
                  2000a6ac    00000064                  : netapp.obj (.text:sl_NetAppMDNSUnRegisterService)
                  2000a710    00000064     driverlib.a : udma.obj (.text:uDMAChannelAttributeDisable)
                  2000a774    00000064                 : udma.obj (.text:uDMAChannelAttributeEnable)
                  2000a7d8    00000060     simplelink.a : socket.obj (.text:sl_Close)
                  2000a838    00000060                  : wlan.obj (.text:sl_WlanProfileDel)
                  2000a898    00000060                  : wlan.obj (.text:sl_WlanSetMode)
                  2000a8f8    0000005c     rtsv7M4_T_le_eabi.lib : s_frexp.c.obj (.text:frexp)
                  2000a954    00000058     driverlib.a : interrupt.obj (.text:IntPendClear)
                  2000a9ac    00000058                 : prcm.obj (.text:PRCMPeripheralReset)
                  2000aa04    00000056     rtsv7M4_T_le_eabi.lib : _printfi.c.obj (.text:_pconv_f)
                  2000aa5a    00000002     --HOLE-- [fill = 0]
                  2000aa5c    00000054     driverlib.a : interrupt.obj (.text:IntPrioritySet)
                  2000aab0    00000054     simplelink.a : driver.obj (.text:_SlDrvRxIrqHandler)
                  2000ab04    00000054     rtsv7M4_T_le_eabi.lib : _ltoa.c.obj (.text:__TI_ltoa)
                  2000ab58    00000054     simplelink.a : socket.obj (.text:_sl_HandleAsync_Select)
                  2000abac    00000052     rtsv7M4_T_le_eabi.lib : _printfi.c.obj (.text:_ecpy)
                  2000abfe    00000002     --HOLE-- [fill = 0]
                  2000ac00    00000050     simplelink.a : device.obj (.text:_sl_HandleAsync_Stop)
                  2000ac50    0000004c     driverlib.a : spi.obj (.text:SPIIntEnable)
                  2000ac9c    0000004c                 : spi.obj (.text:SPIIntNumberGet)
                  2000ace8    0000004c     simplelink.a : driver.obj (.text:_SlDrvProtectAsyncRespSetting)
                  2000ad34    0000004c     rtsv7M4_T_le_eabi.lib : atoi.c.obj (.text:atoi)
                  2000ad80    0000004c     driverlib.a : udma.obj (.text:uDMAChannelAssign)
                  2000adcc    00000048     rtsv7M4_T_le_eabi.lib : hosttime.c.obj (.text:HOSTtime)
                  2000ae14    00000048     driverlib.a : spi.obj (.text:SPIIntClear)
                  2000ae5c    00000048     simplelink.a : driver.obj (.text:_SlDrvBasicCmd)
                  2000aea4    00000048     rtsv7M4_T_le_eabi.lib : fd_toi_t2.asm.obj (.text)
                  2000aeec    00000044     driverlib.a : spi.obj (.text:SPIDmaMaskGet)
                  2000af30    00000044                 : timer.obj (.text:TimerConfigure)
                  2000af74    00000044     simplelink.a : driver.obj (.text:_SlDrvHandleHttpServerEvents)
                  2000afb8    00000044                  : driver.obj (.text:_SlDrvSyncObjWaitTimeout)
                  2000affc    00000044     rtsv7M4_T_le_eabi.lib : autoinit.c.obj (.text:__TI_auto_init_nobinit_nopinit:__TI_auto_init_nobinit_nopinit)
                  2000b040    00000044     simplelink.a : cc_pal.obj (.text:cc_SetupTransfer)
                  2000b084    00000040     driverlib.a : pin.obj (.text:PinModeSet)
                  2000b0c4    00000040     simplelink.a : driver.obj (.text:_SlDrvHandleNetAppEvents)
                  2000b104    00000040                  : driver.obj (.text:_SlDrvHandleWlanEvents)
                  2000b144    00000040                  : socket.obj (.text:_sl_TruncatePayloadByProtocol)
                  2000b184    00000040     rtsv7M4_T_le_eabi.lib : u_divt2.asm.obj (.text)
                  2000b1c4    00000040                           : vsnprintf.c.obj (.text:vsnprintf)
                  2000b204    0000003e     simplelink.a : cc_pal.obj (.text:NwpRegisterInterruptHandler)
                  2000b242    0000003e     rtsv7M4_T_le_eabi.lib : _printfi.c.obj (.text:_fcpy)
                  2000b280    0000003c     simplelink.a : netapp.obj (.text:CopyPingResultsToReport)
                  2000b2bc    0000003c     driverlib.a : prcm.obj (.text:PRCMPeripheralClkEnable)
                  2000b2f8    0000003c     simplelink.a : cc_pal.obj (.text:simplelink_timerA2_start)
                  2000b334    0000003c     driverlib.a : udma.obj (.text:uDMAChannelControlSet)
                  2000b370    00000038     simplelink.a : cc_pal.obj (.text:NwpPowerOff)
                  2000b3a8    00000038     rtsv7M4_T_le_eabi.lib : trgmsg.c.obj (.text:__TI_writemsg)
                  2000b3e0    00000038     simplelink.a : wlan.obj (.text:sl_WlanDisconnect)
                  2000b418    00000034                  : cc_pal.obj (.text:NwpPowerOn)
                  2000b44c    00000034     driverlib.a : prcm.obj (.text:PRCMPeripheralStatusGet)
                  2000b480    00000034                 : spi.obj (.text:SPIFIFOLevelSet)
                  2000b4b4    00000034     rtsv7M4_T_le_eabi.lib : trgmsg.c.obj (.text:__TI_readmsg)
                  2000b4e8    00000030     driverlib.a : uart.obj (.text:UARTDisable)
                  2000b518    00000030     rtsv7M4_T_le_eabi.lib : vsnprintf.c.obj (.text:_outs)
                  2000b548    0000002e                           : i_tofd_t2.asm.obj (.text)
                  2000b576    00000002     --HOLE-- [fill = 0]
                  2000b578    0000002c     driverlib.a : prcm.obj (.text:PRCMSysResetCauseGet)
                  2000b5a4    0000002c     simplelink.a : driver.obj (.text:_SlDrvObjGlobalLockWaitForever)
                  2000b5d0    0000002c                  : driver.obj (.text:_SlDrvProtectionObjLockWaitForever)
                  2000b5fc    0000002a     driverlib.a : timer.obj (.text:TimerLoadSet)
                  2000b626    0000002a                 : timer.obj (.text:TimerPrescaleSet)
                  2000b650    00000028                 : prcm.obj (.text:PRCMPeripheralClkDisable)
                  2000b678    00000028     simplelink.a : driver.obj (.text:_SlDrvGlobalObjUnLock)
                  2000b6a0    00000028                  : driver.obj (.text:_SlDrvProtectionObjUnLock)
                  2000b6c8    00000028                  : driver.obj (.text:_SlDrvSyncObjWaitForever)
                  2000b6f0    00000028     rtsv7M4_T_le_eabi.lib : memory.c.obj (.text:free_list_insert)
                  2000b718    00000028                           : memmov.c.obj (.text:memmove)
                  2000b740    00000026     simplelink.a : driver.obj (.text:_SlDrvObjLockWaitForever)
                  2000b766    00000026     network_common.obj (.text)
                  2000b78c    00000024     simplelink.a : cc_pal.obj (.text:DmaSpiSwIntHandler)
                  2000b7b0    00000024     driverlib.a : interrupt.obj (.text:IntUnregister)
                  2000b7d4    00000024                 : uart.obj (.text:UARTEnable)
                  2000b7f8    00000024     rtsv7M4_T_le_eabi.lib : boot_cortex_m.c.obj (.text:_c_int00_noargs:_c_int00_noargs)
                  2000b81c    00000022     driverlib.a : spi.obj (.text:SPIReset)
                  2000b83e    00000022                 : spi.obj (.text:SPIWordCountSet)
                  2000b860    00000020                 : interrupt.obj (.text:IntRegister)
                  2000b880    00000020     simplelink.a : cc_pal.obj (.text:NwpPrePowerOffTimout0)
                  2000b8a0    00000020                  : cc_pal.obj (.text:TimerGetCurrentTimestamp)
                  2000b8c0    00000020                  : driver.obj (.text:_SlDrvObjUnLock)
                  2000b8e0    00000020                  : driver.obj (.text:_SlDrvSyncObjSignal)
                  2000b900    0000001e     driverlib.a : timer.obj (.text:TimerEnable)
                  2000b91e    0000001e                 : uart.obj (.text:UARTCharPut)
                  2000b93c    0000001e     simplelink.a : cc_pal.obj (.text:cc_UDMAChannelSelect)
                  2000b95a    0000001c     driverlib.a : timer.obj (.text:TimerValueGet)
                  2000b976    0000001c                 : uart.obj (.text:UARTCharGetNonBlocking)
                  2000b992    0000001c     simplelink.a : driver.obj (.text:_SlDrvStartMeasureTimeout)
                  2000b9ae    0000001c     rtsv7M4_T_le_eabi.lib : copy_zero_init.c.obj (.text:decompress:ZI:__TI_zero_init_nomemset:__TI_zero_init_nomemset)
                  2000b9ca    00000002     --HOLE-- [fill = 0]
                  2000b9cc    0000001c                           : memory.c.obj (.text:free_list_remove)
                  2000b9e8    0000001c                           : memccpy.c.obj (.text:memccpy)
                  2000ba04    0000001c     pinmux.obj (.text)
                  2000ba20    0000001c     driverlib.a : udma.obj (.text:uDMAChannelEnable)
                  2000ba3c    0000001a                 : pin.obj (.text:PinTypeUART)
                  2000ba56    0000001a                 : spi.obj (.text:SPIDmaDisable)
                  2000ba70    0000001a                 : spi.obj (.text:SPIDmaEnable)
                  2000ba8a    0000001a                 : spi.obj (.text:SPIFIFODisable)
                  2000baa4    0000001a                 : spi.obj (.text:SPIFIFOEnable)
                  2000babe    0000001a                 : spi.obj (.text:SPIIntUnregister)
                  2000bad8    00000018                 : spi.obj (.text:SPICSDisable)
                  2000baf0    00000018                 : spi.obj (.text:SPICSEnable)
                  2000bb08    00000018                 : spi.obj (.text:SPIDisable)
                  2000bb20    00000018                 : spi.obj (.text:SPIEnable)
                  2000bb38    00000018                 : uart.obj (.text:UARTCharsAvail)
                  2000bb50    00000018     simplelink.a : nonos.obj (.text:_SlNonOsSemSet)
                  2000bb68    00000018     rtsv7M4_T_le_eabi.lib : vsnprintf.c.obj (.text:_outc)
                  2000bb80    00000018     simplelink.a : device.obj (.text:_sl_GetStartResponseConvert)
                  2000bb98    00000016     driverlib.a : prcm.obj (.text:PRCMHIBRegRead)
                  2000bbae    00000016                 : prcm.obj (.text:PRCMHIBRegWrite)
                  2000bbc4    00000016     simplelink.a : driver.obj (.text:_SlDrvMemZero)
                  2000bbda    00000016     rtsv7M4_T_le_eabi.lib : strchr.c.obj (.text:strchr)
                  2000bbf0    00000014     driverlib.a : cpu.obj (.text:CPUcpsie)
                  2000bc04    00000014                 : interrupt.obj (.text:IntVTableBaseSet)
                  2000bc18    00000014     rtsv7M4_T_le_eabi.lib : strlen.c.obj (.text:strlen)
                  2000bc2c    00000012                           : wcslen.c.obj (.text:wcslen)
                  2000bc3e    00000010     simplelink.a : driver.obj (.text:_SlDrvDispatchHttpServerEvents)
                  2000bc4e    0000000e                  : driver.obj (.text:_SlDrvResetCmdExt)
                  2000bc5c    0000000e     rtsv7M4_T_le_eabi.lib : time.c.obj (.text:__time32)
                  2000bc6a    0000000e                           : copy_decompress_none.c.obj (.text:decompress:none:__TI_decompress_none)
                  2000bc78    0000000e     startup_ccs.obj (.text)
                  2000bc86    00000002     --HOLE-- [fill = 0]
                  2000bc88    0000000c     simplelink.a : cc_pal.obj (.text:NwpMaskInterrupt)
                  2000bc94    0000000c                  : cc_pal.obj (.text:NwpUnMaskInterrupt)
                  2000bca0    0000000c     rtsv7M4_T_le_eabi.lib : s_copysign.c.obj (.text:copysign)
                  2000bcac    0000000a     driverlib.a : interrupt.obj (.text:IntMasterEnable)
                  2000bcb6    00000002     --HOLE-- [fill = 0]
                  2000bcb8    00000008     rtsv7M4_T_le_eabi.lib : errno.c.obj (.text:__aeabi_errno_addr)
                  2000bcc0    00000008                           : memory.c.obj (.text:malloc)
                  2000bcc8    00000006     driverlib.a : utils.obj (.text:UtilsDelay)
                  2000bcce    00000004     rtsv7M4_T_le_eabi.lib : pre_init.c.obj (.text:_system_pre_init)
                  2000bcd2    00000004                           : exit.c.obj (.text:abort:abort)

.const     0    2000bcd8    000005f8     
                  2000bcd8    00000101     rtsv7M4_T_le_eabi.lib : ctype.c.obj (.const:.string:_ctypes_)
                  2000bdd9    00000003     --HOLE-- [fill = 0]
                  2000bddc    00000100     driverlib.a : pin.obj (.const:g_ulPinToPadMap)
                  2000bedc    000000d4                 : interrupt.obj (.const:g_pulRegs)
                  2000bfb0    000000a8                 : prcm.obj (.const:PRCM_PeriphRegsList)
                  2000c058    00000060     rtsv7M4_T_le_eabi.lib : mktime.c.obj (.const:$O1$$)
                  2000c0b8    0000003c     simplelink.a : driver.obj (.const:OpcodeTranslateTable)
                  2000c0f4    00000038                  : driver.obj (.const:_SlActionLookupTable)
                  2000c12c    0000002c     main.obj (.const:$P$T1$2)
                  2000c158    00000024     driverlib.a : spi.obj (.const:g_ppulSPIIntMap)
                  2000c17c    00000022     main.obj (.const:.string:$P$T0$1)
                  2000c19e    00000002     --HOLE-- [fill = 0]
                  2000c1a0    00000020     simplelink.a : driver.obj (.const:RxMsgClassLUT)
                  2000c1c0    00000018     driverlib.a : interrupt.obj (.const:g_pulDisRegs)
                  2000c1d8    00000018                 : interrupt.obj (.const:g_pulEnRegs)
                  2000c1f0    00000018                 : interrupt.obj (.const:g_pulUnpendRegs)
                  2000c208    00000018                 : spi.obj (.const:g_ulSPIDmaMaskMap)
                  2000c220    00000014     simplelink.a : driver.obj (.const:$P$T0$1)
                  2000c234    00000014                  : nonos.obj (.const:$P$T0$1)
                  2000c248    00000014     main.obj (.const:$P$T2$3)
                  2000c25c    00000010     simplelink.a : socket.obj (.const:.string:_SlPayloadByProtocolLUT)
                  2000c26c    0000000e     main.obj (.const:.string:$P$T3$4)
                  2000c27a    00000008     simplelink.a : device.obj (.const:StartResponseLUT)
                  2000c282    00000002     --HOLE-- [fill = 0]
                  2000c284    00000008                  : driver.obj (.const:g_H2NCnysPattern)
                  2000c28c    00000008                  : driver.obj (.const:g_H2NSyncPattern)
                  2000c294    00000004                  : device.obj (.const:_SlDeviceGetCmdCtrl)
                  2000c298    00000004                  : netapp.obj (.const:_SlNetAppSendTokenValueCmdCtrl)
                  2000c29c    00000004                  : netcfg.obj (.const:_SlNetCfgSetCmdCtrl)
                  2000c2a0    00000004                  : wlan.obj (.const:_SlPolicySetCmdCtrl)
                  2000c2a4    00000004                  : wlan.obj (.const:_SlProfileDelCmdCtrl)
                  2000c2a8    00000004                  : netapp.obj (.const:_SlRegisterServiceCtrl)
                  2000c2ac    00000004                  : wlan.obj (.const:_SlRxFilterSetCmdCtrl)
                  2000c2b0    00000004                  : socket.obj (.const:_SlSendCmdCtrl)
                  2000c2b4    00000004                  : socket.obj (.const:_SlSockCloseCmdCtrl)
                  2000c2b8    00000004                  : socket.obj (.const:_SlSockSocketCmdCtrl)
                  2000c2bc    00000004                  : device.obj (.const:_SlStopCmdCtrl)
                  2000c2c0    00000004                  : wlan.obj (.const:_SlWlanCfgSetCmdCtrl)
                  2000c2c4    00000004                  : wlan.obj (.const:_SlWlanSetModeCmdCtrl)
                  2000c2c8    00000004                  : driver.obj (.const:httpServer_callbacks)
                  2000c2cc    00000004                  : driver.obj (.const:netApp_callbacks)

.cinit     0    2000c2d0    000000a0     
                  2000c2d0    00000077     (.cinit..data.load) [load image, compression = lzss]
                  2000c347    00000001     --HOLE-- [fill = 0]
                  2000c348    0000000c     (__TI_handler_table)
                  2000c354    00000004     --HOLE-- [fill = 0]
                  2000c358    00000008     (.cinit..bss.load) [load image, compression = zero_init]
                  2000c360    00000010     (__TI_cinit_table)

.sysmem    0    20017000    00008000     UNINITIALIZED
                  20017000    00000010     rtsv7M4_T_le_eabi.lib : memory.c.obj (.sysmem)
                  20017010    00007ff0     --HOLE--

.bss       0    2001f000    00000313     UNINITIALIZED
                  2001f000    00000168     simplelink.a : driver.obj (.bss:g_StatMem)
                  2001f168    00000120     rtsv7M4_T_le_eabi.lib : trgmsg.c.obj (.bss:_CIOBUF_)
                  2001f288    00000050     (.common:g_ucDinDout)
                  2001f2d8    00000024     (.common:g_ucConnectionSSID)
                  2001f2fc    00000008     (.common:g_ucConnectionBSSID)
                  2001f304    00000008     (.common:parmbuf)
                  2001f30c    00000004     uart_if.obj (.bss)
                  2001f310    00000001     (.common:RxIrqCnt)
                  2001f311    00000001     (.common:g_bDeviceRestartIsRequired)
                  2001f312    00000001     (.common:g_cDummy)

.data      0    2001f314    000001d0     UNINITIALIZED
                  2001f314    00000122     main.obj (.data:RawData_Ping)
                  2001f436    00000002     --HOLE--
                  2001f438    0000003c     simplelink.a : nonos.obj (.data:g__SlNonOsCB)
                  2001f474    00000024     rtsv7M4_T_le_eabi.lib : localtim.c.obj (.data:local_tm)
                  2001f498    00000010                           : tmzone.c.obj (.data:_tz)
                  2001f4a8    0000000d     simplelink.a : driver.obj (.data)
                  2001f4b5    00000003     --HOLE--
                  2001f4b8    00000009                  : cc_pal.obj (.data)
                  2001f4c1    00000003     --HOLE--
                  2001f4c4    00000008     rtsv7M4_T_le_eabi.lib : _lock.c.obj (.data:$O1$$)
                  2001f4cc    00000008                           : memory.c.obj (.data:$O1$$)
                  2001f4d4    00000008     main.obj (.data)
                  2001f4dc    00000004     rtsv7M4_T_le_eabi.lib : errno.c.obj (.data)
                  2001f4e0    00000004     simplelink.a : driver.obj (.data:wlan_callbacks)

.stack     0    2002eb00    00001500     UNINITIALIZED
                  2002eb00    00000004     rtsv7M4_T_le_eabi.lib : boot_cortex_m.c.obj (.stack)
                  2002eb04    000014fc     --HOLE--

__llvm_prf_cnts 
*          0    20017000    00000000     UNINITIALIZED

MODULE SUMMARY

       Module                       code    ro data   rw data
       ------                       ----    -------   -------
    .\
       main.obj                     2808    112       342    
       startup_ccs.obj              14      1024      0      
       uart_if.obj                  636     0         4      
       network_common.obj           38      0         0      
       pinmux.obj                   28      0         0      
    +--+----------------------------+-------+---------+---------+
       Total:                       3524    1136      346    
                                                             
    C:/TI/CC3200SDK_1.5.0/cc3200-sdk/driverlib/ccs/Release/driverlib.a
       prcm.obj                     852     168       0      
       interrupt.obj                608     284       0      
       spi.obj                      798     60        0      
       udma.obj                     604     0         0      
       pin.obj                      226     256       0      
       uart.obj                     284     0         0      
       timer.obj                    210     0         0      
       cpu.obj                      20      0         0      
       utils.obj                    6       0         0      
    +--+----------------------------+-------+---------+---------+
       Total:                       3608    768       0      
                                                             
    C:/TI/CC3200SDK_1.5.0/cc3200-sdk/simplelink/ccs/NON_OS_debug/simplelink.a
       driver.obj                   7422    192       379    
       cc_pal.obj                   1960    0         90     
       netapp.obj                   1248    8         0      
       device.obj                   1082    16        0      
       socket.obj                   920     28        0      
       wlan.obj                     676     20        0      
       nonos.obj                    416     20        60     
       netcfg.obj                   152     4         0      
    +--+----------------------------+-------+---------+---------+
       Total:                       13876   288       529    
                                                             
    C:\TI\ccs1230\ccs\tools\compiler\ti-cgt-arm_20.2.7.LTS\lib\rtsv7M4_T_le_eabi.lib
       _printfi.c.obj               4835    0         0      
       memory.c.obj                 900     0         8      
       mktime.c.obj                 672     96        0      
       fd_add_t2.asm.obj            438     0         0      
       trgmsg.c.obj                 108     0         288    
       localtim.c.obj               308     0         36     
       fd_div_t2.asm.obj            310     0         0      
       fd_cmp_t2.asm.obj            268     0         0      
       ctype.c.obj                  0       257       0      
       fd_mul_t2.asm.obj            252     0         0      
       s_scalbn.c.obj               208     0         0      
       memcpy_t2.asm.obj            156     0         0      
       ull_div_t2.asm.obj           150     0         0      
       vsnprintf.c.obj              136     0         0      
       memset_t2.asm.obj            122     0         0      
       ll_div_t2.asm.obj            110     0         0      
       copy_decompress_lzss.c.obj   104     0         0      
       s_frexp.c.obj                92      0         0      
       _ltoa.c.obj                  84      0         0      
       atoi.c.obj                   76      0         0      
       fd_toi_t2.asm.obj            72      0         0      
       hosttime.c.obj               72      0         0      
       autoinit.c.obj               68      0         0      
       u_divt2.asm.obj              64      0         0      
       i_tofd_t2.asm.obj            46      0         0      
       memmov.c.obj                 40      0         0      
       boot_cortex_m.c.obj          36      0         0      
       copy_zero_init.c.obj         28      0         0      
       memccpy.c.obj                28      0         0      
       strchr.c.obj                 22      0         0      
       strlen.c.obj                 20      0         0      
       wcslen.c.obj                 18      0         0      
       tmzone.c.obj                 0       0         16     
       copy_decompress_none.c.obj   14      0         0      
       time.c.obj                   14      0         0      
       errno.c.obj                  8       0         4      
       s_copysign.c.obj             12      0         0      
       _lock.c.obj                  2       0         8      
       hostopen.c.obj               0       0         8      
       exit.c.obj                   4       0         0      
       pre_init.c.obj               4       0         0      
       div0.asm.obj                 2       0         0      
    +--+----------------------------+-------+---------+---------+
       Total:                       9903    353       368    
                                                             
       Heap:                        0       0         32768  
       Stack:                       0       0         5376   
       Linker Generated:            0       155       0      
    +--+----------------------------+-------+---------+---------+
       Grand Total:                 30911   2700      39387  


LINKER GENERATED COPY TABLES

__TI_cinit_table @ 2000c360 records: 2, size/record: 8, table size: 16
	.data: load addr=2000c2d0, load size=00000077 bytes, run addr=2001f314, run size=000001d0 bytes, compression=lzss
	.bss: load addr=2000c358, load size=00000008 bytes, run addr=2001f000, run size=00000313 bytes, compression=zero_init


LINKER GENERATED HANDLER TABLE

__TI_handler_table @ 2000c348 records: 3, size/record: 4, table size: 12
	index: 0, handler: __TI_decompress_lzss
	index: 1, handler: __TI_decompress_none
	index: 2, handler: __TI_zero_init


GLOBAL SYMBOLS: SORTED ALPHABETICALLY BY Name 

address   name                                  
-------   ----                                  
2000bcd3  C$$EXIT                               
2000b3d7  C$$IO$$                               
2000bbf1  CPUcpsie                              
200061b9  ClearTerm                             
2000b78d  DmaSpiSwIntHandler                    
200061c3  Error                                 
200061fb  GetCmd                                
2000adcd  HOSTtime                              
20006179  InitTerm                              
20009231  IntDisable                            
200092d9  IntEnable                             
2000bcad  IntMasterEnable                       
2000a955  IntPendClear                          
2000aa5d  IntPrioritySet                        
2000b861  IntRegister                           
2000b7b1  IntUnregister                         
2000bc05  IntVTableBaseSet                      
20006197  Message                               
2000bc89  NwpMaskInterrupt                      
2000b371  NwpPowerOff                           
2000b419  NwpPowerOn                            
20009ef1  NwpPowerOnPreamble                    
2000b881  NwpPrePowerOffTimout0                 
2000b205  NwpRegisterInterruptHandler           
2000bc95  NwpUnMaskInterrupt                    
2000c0b8  OpcodeTranslateTable                  
200072d9  PRCMCC3200MCUInit                     
2000bb99  PRCMHIBRegRead                        
2000bbaf  PRCMHIBRegWrite                       
2000b651  PRCMPeripheralClkDisable              
2000b2bd  PRCMPeripheralClkEnable               
2000985d  PRCMPeripheralClockGet                
2000a9ad  PRCMPeripheralReset                   
2000b44d  PRCMPeripheralStatusGet               
2000b579  PRCMSysResetCauseGet                  
20009d5d  PinConfigSet                          
2000b085  PinModeSet                            
2000ba05  PinMuxConfig                          
2000ba3d  PinTypeUART                           
2001f314  RawData_Ping                          
20006339  Report                                
2000bc79  ResetISR                              
2001f310  RxIrqCnt                              
2000bad9  SPICSDisable                          
2000baf1  SPICSEnable                           
20009425  SPIConfigSetExpClk                    
2000bb09  SPIDisable                            
2000ba57  SPIDmaDisable                         
2000ba71  SPIDmaEnable                          
2000bb21  SPIEnable                             
2000ba8b  SPIFIFODisable                        
2000baa5  SPIFIFOEnable                         
2000b481  SPIFIFOLevelSet                       
2000ae15  SPIIntClear                           
2000ac51  SPIIntEnable                          
2000babf  SPIIntUnregister                      
2000b81d  SPIReset                              
2000b83f  SPIWordCountSet                       
200045c9  SimpleLinkGeneralEventHandler         
200045a1  SimpleLinkHttpServerCallback          
20004509  SimpleLinkNetAppEventHandler          
200045df  SimpleLinkSockEventHandler            
20004401  SimpleLinkWlanEventHandler            
2000af31  TimerConfigure                        
2000b901  TimerEnable                           
2000b8a1  TimerGetCurrentTimestamp              
2000b5fd  TimerLoadSet                          
2000b627  TimerPrescaleSet                      
2000b95b  TimerValueGet                         
200062a1  TrimSpace                             
2000b977  UARTCharGetNonBlocking                
2000b91f  UARTCharPut                           
2000bb39  UARTCharsAvail                        
2000a26d  UARTConfigSetExpClk                   
2000b4e9  UARTDisable                           
2000b7d5  UARTEnable                            
2000bcc9  UtilsDelay                            
2000c0f4  _SlActionLookupTable                  
20009381  _SlDriverHandleError                  
2000ae5d  _SlDrvBasicCmd                        
2000900d  _SlDrvCmdOp                           
2000a4a5  _SlDrvCmdSend                         
200075c1  _SlDrvDataWriteOp                     
20009561  _SlDrvDeviceEventHandler              
2000bc3f  _SlDrvDispatchHttpServerEvents        
20007e79  _SlDrvDriverCBDeinit                  
20006df9  _SlDrvDriverCBInit                    
2000b679  _SlDrvGlobalObjUnLock                 
2000af75  _SlDrvHandleHttpServerEvents          
2000b0c5  _SlDrvHandleNetAppEvents              
2000b105  _SlDrvHandleWlanEvents                
20009bb9  _SlDrvIsTimeoutExpired                
2000bbc5  _SlDrvMemZero                         
20008871  _SlDrvMsgReadSpawnCtx                 
200080c9  _SlDrvNetAppEventHandler              
2000b741  _SlDrvObjLockWaitForever              
2000b8c1  _SlDrvObjUnLock                       
2000ace9  _SlDrvProtectAsyncRespSetting         
2000b5d1  _SlDrvProtectionObjLockWaitForever    
2000b6a1  _SlDrvProtectionObjUnLock             
200068a5  _SlDrvReleasePoolObj                  
2000bc4f  _SlDrvResetCmdExt                     
2000aab1  _SlDrvRxIrqHandler                    
2000b993  _SlDrvStartMeasureTimeout             
2000b8e1  _SlDrvSyncObjSignal                   
2000b6c9  _SlDrvSyncObjWaitForever              
2000afb9  _SlDrvSyncObjWaitTimeout              
20007149  _SlDrvWaitForPoolObj                  
2000c298  _SlNetAppSendTokenValueCmdCtrl        
2000a2e5  _SlNonOsMainLoopTask                  
20009181  _SlNonOsSemGet                        
2000bb51  _SlNonOsSemSet                        
2000a5e5  _SlNonOsSpawn                         
2001f168  __CIOBUF_                             
20030000  __STACK_END                           
00001500  __STACK_SIZE                          
00008000  __SYSMEM_SIZE                         
2000c360  __TI_CINIT_Base                       
2000c370  __TI_CINIT_Limit                      
2000c348  __TI_Handler_Table_Base               
2000c354  __TI_Handler_Table_Limit              
2000affd  __TI_auto_init_nobinit_nopinit        
2000a57d  __TI_decompress_lzss                  
2000bc6b  __TI_decompress_none                  
2000ab05  __TI_ltoa                             
ffffffff  __TI_pprof_out_hndl                   
20004ef9  __TI_printfi                          
ffffffff  __TI_prof_data_size                   
ffffffff  __TI_prof_data_start                  
2000b4b5  __TI_readmsg                          
2000c2d0  __TI_static_base__                    
2000b3a9  __TI_writemsg                         
2000b9af  __TI_zero_init_nomemset               
20009de5  __aeabi_cdcmpeq                       
20009de5  __aeabi_cdcmple                       
20009e6b  __aeabi_cdrcmple                      
2000aea5  __aeabi_d2iz                          
20006c4b  __aeabi_dadd                          
20007ad9  __aeabi_ddiv                          
200082cd  __aeabi_dmul                          
20006c41  __aeabi_dsub                          
2000bcb9  __aeabi_errno_addr                    
2000b549  __aeabi_i2d                           
20007c0f  __aeabi_idiv0                         
20007c0f  __aeabi_ldiv0                         
2000a437  __aeabi_ldivmod                       
2000a179  __aeabi_memclr                        
2000a179  __aeabi_memclr4                       
2000a179  __aeabi_memclr8                       
200094c5  __aeabi_memcpy                        
200094c5  __aeabi_memcpy4                       
200094c5  __aeabi_memcpy8                       
2000a17b  __aeabi_memset                        
2000a17b  __aeabi_memset4                       
2000a17b  __aeabi_memset8                       
2000b185  __aeabi_uidiv                         
2000b185  __aeabi_uidivmod                      
200097c5  __aeabi_uldivmod                      
ffffffff  __binit__                             
ffffffff  __c_args__                            
20007c11  __localtime32                         
20005ed9  __mktime32                            
UNDEFED   __mpu_init                            
2002eb00  __stack                               
20017000  __start___llvm_prf_cnts               
20017000  __stop___llvm_prf_cnts                
2000bc5d  __time32                              
2000b7f9  _c_int00_noargs                       
2000bcd8  _ctypes_                              
2001f4c4  _lock                                 
20006df7  _nop                                  
2000a649  _sl_HandleAsync_Accept                
20009ff9  _sl_HandleAsync_Connect               
200098f1  _sl_HandleAsync_DnsGetHostByName      
20008db1  _sl_HandleAsync_DnsGetHostByService   
20009c45  _sl_HandleAsync_InitComplete          
20009981  _sl_HandleAsync_PingResponse          
2000ab59  _sl_HandleAsync_Select                
2000ac01  _sl_HandleAsync_Stop                  
2000a511  _sl_NetAppSendTokenValue              
20017000  _sys_memory                           
UNDEFED   _system_post_cinit                    
2000bccf  _system_pre_init                      
2001f498  _tz                                   
2001f4c8  _unlock                               
2000bcd3  abort                                 
200081cd  aligned_alloc                         
2000ad35  atoi                                  
ffffffff  binit                                 
2000bca1  copysign                              
2000bca1  copysignl                             
2001f4dc  errno                                 
20008959  free                                  
2000a8f9  frexp                                 
2000a8f9  frexpl                                
2001f4a8  g_SlDeviceStatus                      
2001f4b8  g_SpiFd                               
2001f438  g__SlNonOsCB                          
2001f311  g_bDeviceRestartIsRequired            
2001f312  g_cDummy                              
2001f4ac  g_pCB                                 
2001f4bc  g_pHostIntHdl                         
20004000  g_pfnVectors                          
2001f2fc  g_ucConnectionBSSID                   
2001f2d8  g_ucConnectionSSID                    
2001f4c0  g_ucDMAEnabled                        
2001f288  g_ucDinDout                           
2001f4d8  g_ulGatewayIP                         
2001f4d4  g_ulStatus                            
20008ce1  ldexp                                 
20008ce1  ldexpl                                
20007c11  localtime                             
20004c5d  main                                  
2000bcc1  malloc                                
200081cd  memalign                              
2000b9e9  memccpy                               
200094c5  memcpy                                
2000b719  memmove                               
2000a181  memset                                
20005ed9  mktime                                
2001f4b0  pPingCallBackFunc                     
2001f304  parmbuf                               
20008a3d  realloc                               
20008ce1  scalbn                                
20008ce1  scalbnl                               
2000b2f9  simplelink_timerA2_start              
2000a7d9  sl_Close                              
20008e7d  sl_DevGet                             
20008b21  sl_NetAppMDNSRegisterUnregisterService
2000a6ad  sl_NetAppMDNSUnRegisterService        
200095fd  sl_NetCfgSet                          
2000b767  sl_Provisioning_HttpServerEventHdl    
2000b775  sl_Provisioning_NetAppEventHdl        
2000b781  sl_Provisioning_WlanEventHdl          
20007d45  sl_Send                               
20009cd1  sl_Socket                             
200083c9  sl_Start                              
200084b9  sl_Stop                               
2000b3e1  sl_WlanDisconnect                     
20009a11  sl_WlanPolicySet                      
2000a839  sl_WlanProfileDel                     
20009f75  sl_WlanRxFilterSet                    
20009695  sl_WlanSet                            
2000a899  sl_WlanSetMode                        
2000a1f5  spi_Close                             
20007711  spi_Open                              
200085a9  spi_Read                              
2000972d  spi_Write                             
2000bbdb  strchr                                
2000bc19  strlen                                
2000bc5d  time                                  
2000ad81  uDMAChannelAssign                     
2000a711  uDMAChannelAttributeDisable           
2000a775  uDMAChannelAttributeEnable            
2000b335  uDMAChannelControlSet                 
2000ba21  uDMAChannelEnable                     
20008699  uDMAChannelTransferSet                
2000b1c5  vsnprintf                             
2000bc2d  wcslen                                


GLOBAL SYMBOLS: SORTED BY Symbol Address 

address   name                                  
-------   ----                                  
00001500  __STACK_SIZE                          
00008000  __SYSMEM_SIZE                         
20004000  g_pfnVectors                          
20004401  SimpleLinkWlanEventHandler            
20004509  SimpleLinkNetAppEventHandler          
200045a1  SimpleLinkHttpServerCallback          
200045c9  SimpleLinkGeneralEventHandler         
200045df  SimpleLinkSockEventHandler            
20004c5d  main                                  
20004ef9  __TI_printfi                          
20005ed9  __mktime32                            
20005ed9  mktime                                
20006179  InitTerm                              
20006197  Message                               
200061b9  ClearTerm                             
200061c3  Error                                 
200061fb  GetCmd                                
200062a1  TrimSpace                             
20006339  Report                                
200068a5  _SlDrvReleasePoolObj                  
20006c41  __aeabi_dsub                          
20006c4b  __aeabi_dadd                          
20006df7  _nop                                  
20006df9  _SlDrvDriverCBInit                    
20007149  _SlDrvWaitForPoolObj                  
200072d9  PRCMCC3200MCUInit                     
200075c1  _SlDrvDataWriteOp                     
20007711  spi_Open                              
20007ad9  __aeabi_ddiv                          
20007c0f  __aeabi_idiv0                         
20007c0f  __aeabi_ldiv0                         
20007c11  __localtime32                         
20007c11  localtime                             
20007d45  sl_Send                               
20007e79  _SlDrvDriverCBDeinit                  
200080c9  _SlDrvNetAppEventHandler              
200081cd  aligned_alloc                         
200081cd  memalign                              
200082cd  __aeabi_dmul                          
200083c9  sl_Start                              
200084b9  sl_Stop                               
200085a9  spi_Read                              
20008699  uDMAChannelTransferSet                
20008871  _SlDrvMsgReadSpawnCtx                 
20008959  free                                  
20008a3d  realloc                               
20008b21  sl_NetAppMDNSRegisterUnregisterService
20008ce1  ldexp                                 
20008ce1  ldexpl                                
20008ce1  scalbn                                
20008ce1  scalbnl                               
20008db1  _sl_HandleAsync_DnsGetHostByService   
20008e7d  sl_DevGet                             
2000900d  _SlDrvCmdOp                           
20009181  _SlNonOsSemGet                        
20009231  IntDisable                            
200092d9  IntEnable                             
20009381  _SlDriverHandleError                  
20009425  SPIConfigSetExpClk                    
200094c5  __aeabi_memcpy                        
200094c5  __aeabi_memcpy4                       
200094c5  __aeabi_memcpy8                       
200094c5  memcpy                                
20009561  _SlDrvDeviceEventHandler              
200095fd  sl_NetCfgSet                          
20009695  sl_WlanSet                            
2000972d  spi_Write                             
200097c5  __aeabi_uldivmod                      
2000985d  PRCMPeripheralClockGet                
200098f1  _sl_HandleAsync_DnsGetHostByName      
20009981  _sl_HandleAsync_PingResponse          
20009a11  sl_WlanPolicySet                      
20009bb9  _SlDrvIsTimeoutExpired                
20009c45  _sl_HandleAsync_InitComplete          
20009cd1  sl_Socket                             
20009d5d  PinConfigSet                          
20009de5  __aeabi_cdcmpeq                       
20009de5  __aeabi_cdcmple                       
20009e6b  __aeabi_cdrcmple                      
20009ef1  NwpPowerOnPreamble                    
20009f75  sl_WlanRxFilterSet                    
20009ff9  _sl_HandleAsync_Connect               
2000a179  __aeabi_memclr                        
2000a179  __aeabi_memclr4                       
2000a179  __aeabi_memclr8                       
2000a17b  __aeabi_memset                        
2000a17b  __aeabi_memset4                       
2000a17b  __aeabi_memset8                       
2000a181  memset                                
2000a1f5  spi_Close                             
2000a26d  UARTConfigSetExpClk                   
2000a2e5  _SlNonOsMainLoopTask                  
2000a437  __aeabi_ldivmod                       
2000a4a5  _SlDrvCmdSend                         
2000a511  _sl_NetAppSendTokenValue              
2000a57d  __TI_decompress_lzss                  
2000a5e5  _SlNonOsSpawn                         
2000a649  _sl_HandleAsync_Accept                
2000a6ad  sl_NetAppMDNSUnRegisterService        
2000a711  uDMAChannelAttributeDisable           
2000a775  uDMAChannelAttributeEnable            
2000a7d9  sl_Close                              
2000a839  sl_WlanProfileDel                     
2000a899  sl_WlanSetMode                        
2000a8f9  frexp                                 
2000a8f9  frexpl                                
2000a955  IntPendClear                          
2000a9ad  PRCMPeripheralReset                   
2000aa5d  IntPrioritySet                        
2000aab1  _SlDrvRxIrqHandler                    
2000ab05  __TI_ltoa                             
2000ab59  _sl_HandleAsync_Select                
2000ac01  _sl_HandleAsync_Stop                  
2000ac51  SPIIntEnable                          
2000ace9  _SlDrvProtectAsyncRespSetting         
2000ad35  atoi                                  
2000ad81  uDMAChannelAssign                     
2000adcd  HOSTtime                              
2000ae15  SPIIntClear                           
2000ae5d  _SlDrvBasicCmd                        
2000aea5  __aeabi_d2iz                          
2000af31  TimerConfigure                        
2000af75  _SlDrvHandleHttpServerEvents          
2000afb9  _SlDrvSyncObjWaitTimeout              
2000affd  __TI_auto_init_nobinit_nopinit        
2000b085  PinModeSet                            
2000b0c5  _SlDrvHandleNetAppEvents              
2000b105  _SlDrvHandleWlanEvents                
2000b185  __aeabi_uidiv                         
2000b185  __aeabi_uidivmod                      
2000b1c5  vsnprintf                             
2000b205  NwpRegisterInterruptHandler           
2000b2bd  PRCMPeripheralClkEnable               
2000b2f9  simplelink_timerA2_start              
2000b335  uDMAChannelControlSet                 
2000b371  NwpPowerOff                           
2000b3a9  __TI_writemsg                         
2000b3d7  C$$IO$$                               
2000b3e1  sl_WlanDisconnect                     
2000b419  NwpPowerOn                            
2000b44d  PRCMPeripheralStatusGet               
2000b481  SPIFIFOLevelSet                       
2000b4b5  __TI_readmsg                          
2000b4e9  UARTDisable                           
2000b549  __aeabi_i2d                           
2000b579  PRCMSysResetCauseGet                  
2000b5d1  _SlDrvProtectionObjLockWaitForever    
2000b5fd  TimerLoadSet                          
2000b627  TimerPrescaleSet                      
2000b651  PRCMPeripheralClkDisable              
2000b679  _SlDrvGlobalObjUnLock                 
2000b6a1  _SlDrvProtectionObjUnLock             
2000b6c9  _SlDrvSyncObjWaitForever              
2000b719  memmove                               
2000b741  _SlDrvObjLockWaitForever              
2000b767  sl_Provisioning_HttpServerEventHdl    
2000b775  sl_Provisioning_NetAppEventHdl        
2000b781  sl_Provisioning_WlanEventHdl          
2000b78d  DmaSpiSwIntHandler                    
2000b7b1  IntUnregister                         
2000b7d5  UARTEnable                            
2000b7f9  _c_int00_noargs                       
2000b81d  SPIReset                              
2000b83f  SPIWordCountSet                       
2000b861  IntRegister                           
2000b881  NwpPrePowerOffTimout0                 
2000b8a1  TimerGetCurrentTimestamp              
2000b8c1  _SlDrvObjUnLock                       
2000b8e1  _SlDrvSyncObjSignal                   
2000b901  TimerEnable                           
2000b91f  UARTCharPut                           
2000b95b  TimerValueGet                         
2000b977  UARTCharGetNonBlocking                
2000b993  _SlDrvStartMeasureTimeout             
2000b9af  __TI_zero_init_nomemset               
2000b9e9  memccpy                               
2000ba05  PinMuxConfig                          
2000ba21  uDMAChannelEnable                     
2000ba3d  PinTypeUART                           
2000ba57  SPIDmaDisable                         
2000ba71  SPIDmaEnable                          
2000ba8b  SPIFIFODisable                        
2000baa5  SPIFIFOEnable                         
2000babf  SPIIntUnregister                      
2000bad9  SPICSDisable                          
2000baf1  SPICSEnable                           
2000bb09  SPIDisable                            
2000bb21  SPIEnable                             
2000bb39  UARTCharsAvail                        
2000bb51  _SlNonOsSemSet                        
2000bb99  PRCMHIBRegRead                        
2000bbaf  PRCMHIBRegWrite                       
2000bbc5  _SlDrvMemZero                         
2000bbdb  strchr                                
2000bbf1  CPUcpsie                              
2000bc05  IntVTableBaseSet                      
2000bc19  strlen                                
2000bc2d  wcslen                                
2000bc3f  _SlDrvDispatchHttpServerEvents        
2000bc4f  _SlDrvResetCmdExt                     
2000bc5d  __time32                              
2000bc5d  time                                  
2000bc6b  __TI_decompress_none                  
2000bc79  ResetISR                              
2000bc89  NwpMaskInterrupt                      
2000bc95  NwpUnMaskInterrupt                    
2000bca1  copysign                              
2000bca1  copysignl                             
2000bcad  IntMasterEnable                       
2000bcb9  __aeabi_errno_addr                    
2000bcc1  malloc                                
2000bcc9  UtilsDelay                            
2000bccf  _system_pre_init                      
2000bcd3  C$$EXIT                               
2000bcd3  abort                                 
2000bcd8  _ctypes_                              
2000c0b8  OpcodeTranslateTable                  
2000c0f4  _SlActionLookupTable                  
2000c298  _SlNetAppSendTokenValueCmdCtrl        
2000c2d0  __TI_static_base__                    
2000c348  __TI_Handler_Table_Base               
2000c354  __TI_Handler_Table_Limit              
2000c360  __TI_CINIT_Base                       
2000c370  __TI_CINIT_Limit                      
20017000  __start___llvm_prf_cnts               
20017000  __stop___llvm_prf_cnts                
20017000  _sys_memory                           
2001f168  __CIOBUF_                             
2001f288  g_ucDinDout                           
2001f2d8  g_ucConnectionSSID                    
2001f2fc  g_ucConnectionBSSID                   
2001f304  parmbuf                               
2001f310  RxIrqCnt                              
2001f311  g_bDeviceRestartIsRequired            
2001f312  g_cDummy                              
2001f314  RawData_Ping                          
2001f438  g__SlNonOsCB                          
2001f498  _tz                                   
2001f4a8  g_SlDeviceStatus                      
2001f4ac  g_pCB                                 
2001f4b0  pPingCallBackFunc                     
2001f4b8  g_SpiFd                               
2001f4bc  g_pHostIntHdl                         
2001f4c0  g_ucDMAEnabled                        
2001f4c4  _lock                                 
2001f4c8  _unlock                               
2001f4d4  g_ulStatus                            
2001f4d8  g_ulGatewayIP                         
2001f4dc  errno                                 
2002eb00  __stack                               
20030000  __STACK_END                           
ffffffff  __TI_pprof_out_hndl                   
ffffffff  __TI_prof_data_size                   
ffffffff  __TI_prof_data_start                  
ffffffff  __binit__                             
ffffffff  __c_args__                            
ffffffff  binit                                 
UNDEFED   __mpu_init                            
UNDEFED   _system_post_cinit                    

[259 symbols]
